Component: ARM Compiler 5.06 update 7 (build 960) Tool: armlink [4d3601]

==============================================================================

Section Cross References

    startup_stm32f103xb.o(STACK) refers (Special) to heapauxi.o(.text) for __use_two_region_memory
    startup_stm32f103xb.o(HEAP) refers (Special) to heapauxi.o(.text) for __use_two_region_memory
    startup_stm32f103xb.o(RESET) refers (Special) to heapauxi.o(.text) for __use_two_region_memory
    startup_stm32f103xb.o(RESET) refers to startup_stm32f103xb.o(STACK) for __initial_sp
    startup_stm32f103xb.o(RESET) refers to startup_stm32f103xb.o(.text) for Reset_Handler
    startup_stm32f103xb.o(RESET) refers to stm32f1xx_it.o(i.NMI_Handler) for NMI_Handler
    startup_stm32f103xb.o(RESET) refers to stm32f1xx_it.o(i.HardFault_Handler) for HardFault_Handler
    startup_stm32f103xb.o(RESET) refers to stm32f1xx_it.o(i.MemManage_Handler) for MemManage_Handler
    startup_stm32f103xb.o(RESET) refers to stm32f1xx_it.o(i.BusFault_Handler) for BusFault_Handler
    startup_stm32f103xb.o(RESET) refers to stm32f1xx_it.o(i.UsageFault_Handler) for UsageFault_Handler
    startup_stm32f103xb.o(RESET) refers to stm32f1xx_it.o(i.SVC_Handler) for SVC_Handler
    startup_stm32f103xb.o(RESET) refers to stm32f1xx_it.o(i.DebugMon_Handler) for DebugMon_Handler
    startup_stm32f103xb.o(RESET) refers to stm32f1xx_it.o(i.PendSV_Handler) for PendSV_Handler
    startup_stm32f103xb.o(RESET) refers to stm32f1xx_it.o(i.SysTick_Handler) for SysTick_Handler
    startup_stm32f103xb.o(RESET) refers to stm32f1xx_it.o(i.EXTI2_IRQHandler) for EXTI2_IRQHandler
    startup_stm32f103xb.o(RESET) refers to stm32f1xx_it.o(i.USB_LP_CAN1_RX0_IRQHandler) for USB_LP_CAN1_RX0_IRQHandler
    startup_stm32f103xb.o(.text) refers (Special) to heapauxi.o(.text) for __use_two_region_memory
    startup_stm32f103xb.o(.text) refers to system_stm32f1xx.o(i.SystemInit) for SystemInit
    startup_stm32f103xb.o(.text) refers to __main.o(!!!main) for __main
    startup_stm32f103xb.o(.text) refers to startup_stm32f103xb.o(HEAP) for Heap_Mem
    startup_stm32f103xb.o(.text) refers to startup_stm32f103xb.o(STACK) for Stack_Mem
    nrf24.o(i.DelayMicro) refers to system_stm32f1xx.o(.data) for SystemCoreClock
    nrf24.o(i.IRQ_Callback) refers to nrf24.o(i.DelayMicro) for DelayMicro
    nrf24.o(i.IRQ_Callback) refers to nrf24.o(i.NRF24_ReadReg) for NRF24_ReadReg
    nrf24.o(i.IRQ_Callback) refers to nrf24.o(i.LL_GPIO_TogglePin) for LL_GPIO_TogglePin
    nrf24.o(i.IRQ_Callback) refers to nrf24.o(i.NRF24_Read_Buf) for NRF24_Read_Buf
    nrf24.o(i.IRQ_Callback) refers to nrf24.o(i.NRF24_WriteReg) for NRF24_WriteReg
    nrf24.o(i.IRQ_Callback) refers to nrf24.o(i.NRF24L01_RX_Mode) for NRF24L01_RX_Mode
    nrf24.o(i.IRQ_Callback) refers to nrf24.o(i.NRF24_FlushTX) for NRF24_FlushTX
    nrf24.o(i.IRQ_Callback) refers to nrf24.o(.data) for .data
    nrf24.o(i.IRQ_Callback) refers to main.o(.data) for str1
    nrf24.o(i.NRF24L01_RX_Mode) refers to nrf24.o(i.NRF24_ReadReg) for NRF24_ReadReg
    nrf24.o(i.NRF24L01_RX_Mode) refers to nrf24.o(i.NRF24_WriteReg) for NRF24_WriteReg
    nrf24.o(i.NRF24L01_RX_Mode) refers to nrf24.o(i.NRF24_Write_Buf) for NRF24_Write_Buf
    nrf24.o(i.NRF24L01_RX_Mode) refers to nrf24.o(i.DelayMicro) for DelayMicro
    nrf24.o(i.NRF24L01_RX_Mode) refers to nrf24.o(i.NRF24_FlushRX) for NRF24_FlushRX
    nrf24.o(i.NRF24L01_RX_Mode) refers to nrf24.o(i.NRF24_FlushTX) for NRF24_FlushTX
    nrf24.o(i.NRF24L01_RX_Mode) refers to nrf24.o(.data) for .data
    nrf24.o(i.NRF24L01_Receive) refers to nrf24.o(.data) for .data
    nrf24.o(i.NRF24L01_Send) refers to nrf24.o(i.NRF24L01_TX_Mode) for NRF24L01_TX_Mode
    nrf24.o(i.NRF24L01_Send) refers to nrf24.o(i.NRF24_ReadReg) for NRF24_ReadReg
    nrf24.o(i.NRF24L01_Send) refers to nrf24.o(i.NRF24_WriteReg) for NRF24_WriteReg
    nrf24.o(i.NRF24L01_Send) refers to nrf24.o(i.DelayMicro) for DelayMicro
    nrf24.o(i.NRF24L01_Send) refers to nrf24.o(i.NRF24_Transmit) for NRF24_Transmit
    nrf24.o(i.NRF24L01_TX_Mode) refers to nrf24.o(i.NRF24_Write_Buf) for NRF24_Write_Buf
    nrf24.o(i.NRF24L01_TX_Mode) refers to nrf24.o(i.NRF24_FlushRX) for NRF24_FlushRX
    nrf24.o(i.NRF24L01_TX_Mode) refers to nrf24.o(i.NRF24_FlushTX) for NRF24_FlushTX
    nrf24.o(i.NRF24L01_TX_Mode) refers to nrf24.o(.data) for .data
    nrf24.o(i.NRF24_FlushRX) refers to nrf24.o(i.DelayMicro) for DelayMicro
    nrf24.o(i.NRF24_FlushTX) refers to nrf24.o(i.DelayMicro) for DelayMicro
    nrf24.o(i.NRF24_ToggleFeatures) refers to nrf24.o(i.DelayMicro) for DelayMicro
    nrf24.o(i.NRF24_Transmit) refers to nrf24.o(i.DelayMicro) for DelayMicro
    nrf24.o(i.NRF24_Write_Buf) refers to nrf24.o(i.DelayMicro) for DelayMicro
    nrf24.o(i.NRF24_init) refers to nrf24.o(i.DelayMicro) for DelayMicro
    nrf24.o(i.NRF24_init) refers to nrf24.o(i.NRF24_WriteReg) for NRF24_WriteReg
    nrf24.o(i.NRF24_init) refers to nrf24.o(i.NRF24_ToggleFeatures) for NRF24_ToggleFeatures
[...]
    ..\Core\Src\main.c                       0x00000000   Number         0  main.o ABSOLUTE
    ..\Core\Src\nrf24.c                      0x00000000   Number         0  nrf24.o ABSOLUTE
    ..\Core\Src\stm32f1xx_hal_msp.c          0x00000000   Number         0  stm32f1xx_hal_msp.o ABSOLUTE
    ..\Core\Src\stm32f1xx_it.c               0x00000000   Number         0  stm32f1xx_it.o ABSOLUTE
    ..\Core\Src\system_stm32f1xx.c           0x00000000   Number         0  system_stm32f1xx.o ABSOLUTE
    ..\Drivers\STM32F1xx_HAL_Driver\Src\stm32f1xx_hal.c 0x00000000   Number         0  stm32f1xx_hal.o ABSOLUTE
    ..\Drivers\STM32F1xx_HAL_Driver\Src\stm32f1xx_hal_cortex.c 0x00000000   Number         0  stm32f1xx_hal_cortex.o ABSOLUTE
    ..\Drivers\STM32F1xx_HAL_Driver\Src\stm32f1xx_hal_dma.c 0x00000000   Number         0  stm32f1xx_hal_dma.o ABSOLUTE
    ..\Drivers\STM32F1xx_HAL_Driver\Src\stm32f1xx_hal_exti.c 0x00000000   Number         0  stm32f1xx_hal_exti.o ABSOLUTE
    ..\Drivers\STM32F1xx_HAL_Driver\Src\stm32f1xx_hal_flash.c 0x00000000   Number         0  stm32f1xx_hal_flash.o ABSOLUTE
    ..\Drivers\STM32F1xx_HAL_Driver\Src\stm32f1xx_hal_flash_ex.c 0x00000000   Number         0  stm32f1xx_hal_flash_ex.o ABSOLUTE
    ..\Drivers\STM32F1xx_HAL_Driver\Src\stm32f1xx_hal_gpio.c 0x00000000   Number         0  stm32f1xx_hal_gpio.o ABSOLUTE
    ..\Drivers\STM32F1xx_HAL_Driver\Src\stm32f1xx_hal_gpio_ex.c 0x00000000   Number         0  stm32f1xx_hal_gpio_ex.o ABSOLUTE
    ..\Drivers\STM32F1xx_HAL_Driver\Src\stm32f1xx_hal_pcd.c 0x00000000   Number         0  stm32f1xx_hal_pcd.o ABSOLUTE
    ..\Drivers\STM32F1xx_HAL_Driver\Src\stm32f1xx_hal_pcd_ex.c 0x00000000   Number         0  stm32f1xx_hal_pcd_ex.o ABSOLUTE
    ..\Drivers\STM32F1xx_HAL_Driver\Src\stm32f1xx_hal_pwr.c 0x00000000   Number         0  stm32f1xx_hal_pwr.o ABSOLUTE
    ..\Drivers\STM32F1xx_HAL_Driver\Src\stm32f1xx_hal_rcc.c 0x00000000   Number         0  stm32f1xx_hal_rcc.o ABSOLUTE
    ..\Drivers\STM32F1xx_HAL_Driver\Src\stm32f1xx_hal_rcc_ex.c 0x00000000   Number         0  stm32f1xx_hal_rcc_ex.o ABSOLUTE
    ..\Drivers\STM32F1xx_HAL_Driver\Src\stm32f1xx_hal_tim.c 0x00000000   Number         0  stm32f1xx_hal_tim.o ABSOLUTE
    ..\Drivers\STM32F1xx_HAL_Driver\Src\stm32f1xx_hal_tim_ex.c 0x00000000   Number         0  stm32f1xx_hal_tim_ex.o ABSOLUTE
    ..\Drivers\STM32F1xx_HAL_Driver\Src\stm32f1xx_ll_dma.c 0x00000000   Number         0  stm32f1xx_ll_dma.o ABSOLUTE
    ..\Drivers\STM32F1xx_HAL_Driver\Src\stm32f1xx_ll_exti.c 0x00000000   Number         0  stm32f1xx_ll_exti.o ABSOLUTE
    ..\Drivers\STM32F1xx_HAL_Driver\Src\stm32f1xx_ll_gpio.c 0x00000000   Number         0  stm32f1xx_ll_gpio.o ABSOLUTE
    ..\Drivers\STM32F1xx_HAL_Driver\Src\stm32f1xx_ll_rcc.c 0x00000000   Number         0  stm32f1xx_ll_rcc.o ABSOLUTE
    ..\Drivers\STM32F1xx_HAL_Driver\Src\stm32f1xx_ll_rtc.c 0x00000000   Number         0  stm32f1xx_ll_rtc.o ABSOLUTE
    ..\Drivers\STM32F1xx_HAL_Driver\Src\stm32f1xx_ll_spi.c 0x00000000   Number         0  stm32f1xx_ll_spi.o ABSOLUTE
    ..\Drivers\STM32F1xx_HAL_Driver\Src\stm32f1xx_ll_usb.c 0x00000000   Number         0  stm32f1xx_ll_usb.o ABSOLUTE
    ..\Drivers\STM32F1xx_HAL_Driver\Src\stm32f1xx_ll_utils.c 0x00000000   Number         0  stm32f1xx_ll_utils.o ABSOLUTE
    ..\Middlewares\ST\STM32_USB_Device_Library\Class\CDC\Src\usbd_cdc.c 0x00000000   Number         0  usbd_cdc.o ABSOLUTE
    ..\Middlewares\ST\STM32_USB_Device_Library\Core\Src\usbd_core.c 0x00000000   Number         0  usbd_core.o ABSOLUTE
    ..\Middlewares\ST\STM32_USB_Device_Library\Core\Src\usbd_ctlreq.c 0x00000000   Number         0  usbd_ctlreq.o ABSOLUTE
    ..\Middlewares\ST\STM32_USB_Device_Library\Core\Src\usbd_ioreq.c 0x00000000   Number         0  usbd_ioreq.o ABSOLUTE
    ..\USB_DEVICE\App\usb_device.c           0x00000000   Number         0  usb_device.o ABSOLUTE
    ..\USB_DEVICE\App\usbd_cdc_if.c          0x00000000   Number         0  usbd_cdc_if.o ABSOLUTE
    ..\USB_DEVICE\App\usbd_desc.c            0x00000000   Number         0  usbd_desc.o ABSOLUTE
    ..\USB_DEVICE\Target\usbd_conf.c         0x00000000   Number         0  usbd_conf.o ABSOLUTE
    ..\\Core\\Src\\nrf24.c                   0x00000000   Number         0  nrf24.o ABSOLUTE
    dc.s                                     0x00000000   Number         0  dc.o ABSOLUTE
    startup_stm32f103xb.s                    0x00000000   Number         0  startup_stm32f103xb.o ABSOLUTE
    RESET                                    0x08000000   Section      236  startup_stm32f103xb.o(RESET)
    !!!main                                  0x080000ec   Section        8  __main.o(!!!main)
    !!!scatter                               0x080000f4   Section       52  __scatter.o(!!!scatter)
    !!dczerorl2                              0x08000128   Section       90  __dczerorl2.o(!!dczerorl2)
    !!handler_zi                             0x08000184   Section       28  __scatter_zi.o(!!handler_zi)
    .ARM.Collect$$libinit$$00000000          0x080001a0   Section        2  libinit.o(.ARM.Collect$$libinit$$00000000)
    .ARM.Collect$$libinit$$00000002          0x080001a2   Section        0  libinit2.o(.ARM.Collect$$libinit$$00000002)
    .ARM.Collect$$libinit$$00000004          0x080001a2   Section        0  libinit2.o(.ARM.Collect$$libinit$$00000004)
    .ARM.Collect$$libinit$$0000000A          0x080001a2   Section        0  libinit2.o(.ARM.Collect$$libinit$$0000000A)
    .ARM.Collect$$libinit$$0000000C          0x080001a2   Section        0  libinit2.o(.ARM.Collect$$libinit$$0000000C)
    .ARM.Collect$$libinit$$0000000E          0x080001a2   Section        0  libinit2.o(.ARM.Collect$$libinit$$0000000E)
    .ARM.Collect$$libinit$$00000011          0x080001a2   Section        0  libinit2.o(.ARM.Collect$$libinit$$00000011)
    .ARM.Collect$$libinit$$00000013          0x080001a2   Section        0  libinit2.o(.ARM.Collect$$libinit$$00000013)
    .ARM.Collect$$libinit$$00000015          0x080001a2   Section        0  libinit2.o(.ARM.Collect$$libinit$$00000015)
    .ARM.Collect$$libinit$$00000017          0x080001a2   Section        0  libinit2.o(.ARM.Collect$$libinit$$00000017)
    .ARM.Collect$$libinit$$00000019          0x080001a2   Section        0  libinit2.o(.ARM.Collect$$libinit$$00000019)
    .ARM.Collect$$libinit$$0000001B          0x080001a2   Section        0  libinit2.o(.ARM.Collect$$libinit$$0000001B)
    .ARM.Collect$$libinit$$0000001D          0x080001a2   Section        0  libinit2.o(.ARM.Collect$$libinit$$0000001D)
    .ARM.Collect$$libinit$$0000001F          0x080001a2   Section        0  libinit2.o(.ARM.Collect$$libinit$$0000001F)
    .ARM.Collect$$libinit$$00000021          0x080001a2   Section        0  libinit2.o(.ARM.Collect$$libinit$$00000021)
    .ARM.Collect$$libinit$$00000023          0x080001a2   Section        0  libinit2.o(.ARM.Collect$$libinit$$00000023)
    .ARM.Collect$$libinit$$00000025          0x080001a2   Section        0  libinit2.o(.ARM.Collect$$libinit$$00000025)
    .ARM.Collect$$libinit$$0000002C          0x080001a2   Section        0  libinit2.o(.ARM.Collect$$libinit$$0000002C)
    .ARM.Collect$$libinit$$0000002E          0x080001a2   Section        0  libinit2.o(.ARM.Collect$$libinit$$0000002E)
    .ARM.Collect$$libinit$$00000030          0x080001a2   Section        0  libinit2.o(.ARM.Collect$$libinit$$00000030)
    .ARM.Collect$$libinit$$00000032          0x080001a2   Section        0  libinit2.o(.ARM.Collect$$libinit$$00000032)
    .ARM.Collect$$libinit$$00000033          0x080001a2   Section        2  libinit2.o(.ARM.Collect$$libinit$$00000033)
    .ARM.Collect$$libshutdown$$00000000      0x080001a4   Section        2  libshutdown.o(.ARM.Collect$$libshutdown$$00000000)
    .ARM.Collect$$libshutdown$$00000002      0x080001a6   Section        0  libshutdown2.o(.ARM.Collect$$libshutdown$$00000002)
    .ARM.Collect$$libshutdown$$00000004      0x080001a6   Section        0  libshutdown2.o(.ARM.Collect$$libshutdown$$00000004)
    .ARM.Collect$$libshutdown$$00000006      0x080001a6   Section        0  libshutdown2.o(.ARM.Collect$$libshutdown$$00000006)
    .ARM.Collect$$libshutdown$$00000009      0x080001a6   Section        0  libshutdown2.o(.ARM.Collect$$libshutdown$$00000009)
    .ARM.Collect$$libshutdown$$0000000C      0x080001a6   Section        0  libshutdown2.o(.ARM.Collect$$libshutdown$$0000000C)
    .ARM.Collect$$libshutdown$$0000000E      0x080001a6   Section        0  libshutdown2.o(.ARM.Collect$$libshutdown$$0000000E)
    .ARM.Collect$$libshutdown$$00000011      0x080001a6   Section        0  libshutdown2.o(.ARM.Collect$$libshutdown$$00000011)
    .ARM.Collect$$libshutdown$$00000012      0x080001a6   Section        2  libshutdown2.o(.ARM.Collect$$libshutdown$$00000012)
    .ARM.Collect$$rtentry$$00000000          0x080001a8   Section        0  __rtentry.o(.ARM.Collect$$rtentry$$00000000)
    .ARM.Collect$$rtentry$$00000002          0x080001a8   Section        0  __rtentry2.o(.ARM.Collect$$rtentry$$00000002)
    .ARM.Collect$$rtentry$$00000004          0x080001a8   Section        6  __rtentry4.o(.ARM.Collect$$rtentry$$00000004)
    .ARM.Collect$$rtentry$$00000009          0x080001ae   Section        0  __rtentry2.o(.ARM.Collect$$rtentry$$00000009)
    .ARM.Collect$$rtentry$$0000000A          0x080001ae   Section        4  __rtentry2.o(.ARM.Collect$$rtentry$$0000000A)
    .ARM.Collect$$rtentry$$0000000C          0x080001b2   Section        0  __rtentry2.o(.ARM.Collect$$rtentry$$0000000C)
    .ARM.Collect$$rtentry$$0000000D          0x080001b2   Section        8  __rtentry2.o(.ARM.Collect$$rtentry$$0000000D)
    .ARM.Collect$$rtexit$$00000000           0x080001ba   Section        2  rtexit.o(.ARM.Collect$$rtexit$$00000000)
    .ARM.Collect$$rtexit$$00000002           0x080001bc   Section        0  rtexit2.o(.ARM.Collect$$rtexit$$00000002)
    .ARM.Collect$$rtexit$$00000003           0x080001bc   Section        4  rtexit2.o(.ARM.Collect$$rtexit$$00000003)
    .ARM.Collect$$rtexit$$00000004           0x080001c0   Section        6  rtexit2.o(.ARM.Collect$$rtexit$$00000004)
    .text                                    0x080001c8   Section       64  startup_stm32f103xb.o(.text)
    .text                                    0x08000208   Section      100  rt_memcpy_w.o(.text)
    .text                                    0x0800026c   Section       78  rt_memclr_w.o(.text)
    .text                                    0x080002ba   Section        0  heapauxi.o(.text)
    .text                                    0x080002c0   Section       74  sys_stackheap_outer.o(.text)
    .text                                    0x0800030a   Section        0  exit.o(.text)
    .text                                    0x0800031c   Section        8  libspace.o(.text)
    .text                                    0x08000324   Section        0  sys_exit.o(.text)
    .text                                    0x08000330   Section        2  use_no_semi.o(.text)
    .text                                    0x08000332   Section        0  indicate_semi.o(.text)
    i.BusFault_Handler                       0x08000332   Section        0  stm32f1xx_it.o(i.BusFault_Handler)
    i.CDC_Control_FS                         0x08000334   Section        0  usbd_cdc_if.o(i.CDC_Control_FS)
    CDC_Control_FS                           0x08000335   Thumb Code     4  usbd_cdc_if.o(i.CDC_Control_FS)
    i.CDC_DeInit_FS                          0x08000338   Section        0  usbd_cdc_if.o(i.CDC_DeInit_FS)
    CDC_DeInit_FS                            0x08000339   Thumb Code     4  usbd_cdc_if.o(i.CDC_DeInit_FS)
    i.CDC_Init_FS                            0x0800033c   Section        0  usbd_cdc_if.o(i.CDC_Init_FS)
    CDC_Init_FS                              0x0800033d   Thumb Code    26  usbd_cdc_if.o(i.CDC_Init_FS)
    i.CDC_Receive_FS                         0x08000360   Section        0  usbd_cdc_if.o(i.CDC_Receive_FS)
    CDC_Receive_FS                           0x08000361   Thumb Code    20  usbd_cdc_if.o(i.CDC_Receive_FS)
    i.DebugMon_Handler                       0x08000378   Section        0  stm32f1xx_it.o(i.DebugMon_Handler)
    i.DelayMicro2                            0x0800037c   Section        0  main.o(i.DelayMicro2)
    i.EXTI2_IRQHandler                       0x08000398   Section        0  stm32f1xx_it.o(i.EXTI2_IRQHandler)
    i.Error_Handler                          0x080003ac   Section        0  main.o(i.Error_Handler)
    i.HAL_IncTick                            0x080003b0   Section        0  stm32f1xx_hal.o(i.HAL_IncTick)
    i.HAL_Init                               0x080003c0   Section        0  stm32f1xx_hal.o(i.HAL_Init)
    i.HAL_InitTick                           0x080003e4   Section        0  stm32f1xx_hal.o(i.HAL_InitTick)
    i.HAL_MspInit                            0x08000424   Section        0  stm32f1xx_hal_msp.o(i.HAL_MspInit)
    i.HAL_NVIC_EnableIRQ                     0x08000460   Section        0  stm32f1xx_hal_cortex.o(i.HAL_NVIC_EnableIRQ)
    i.HAL_NVIC_SetPriority                   0x0800047c   Section        0  stm32f1xx_hal_cortex.o(i.HAL_NVIC_SetPriority)
    i.HAL_NVIC_SetPriorityGrouping           0x080004bc   Section        0  stm32f1xx_hal_cortex.o(i.HAL_NVIC_SetPriorityGrouping)
    i.HAL_PCDEx_PMAConfig                    0x080004e0   Section        0  stm32f1xx_hal_pcd_ex.o(i.HAL_PCDEx_PMAConfig)
    i.HAL_PCDEx_SetConnectionState           0x0800051c   Section        0  usbd_conf.o(i.HAL_PCDEx_SetConnectionState)
    i.HAL_PCD_DataInStageCallback            0x0800051e   Section        0  usbd_conf.o(i.HAL_PCD_DataInStageCallback)
    i.HAL_PCD_DataOutStageCallback           0x08000530   Section        0  usbd_conf.o(i.HAL_PCD_DataOutStageCallback)
    i.HAL_PCD_EP_Close                       0x08000544   Section        0  stm32f1xx_hal_pcd.o(i.HAL_PCD_EP_Close)
    i.HAL_PCD_EP_ClrStall                    0x08000590   Section        0  stm32f1xx_hal_pcd.o(i.HAL_PCD_EP_ClrStall)
    i.HAL_PCD_EP_DB_Receive                  0x080005ec   Section        0  stm32f1xx_hal_pcd.o(i.HAL_PCD_EP_DB_Receive)
    HAL_PCD_EP_DB_Receive                    0x080005ed   Thumb Code   230  stm32f1xx_hal_pcd.o(i.HAL_PCD_EP_DB_Receive)
    i.HAL_PCD_EP_DB_Transmit                 0x080006d2   Section        0  stm32f1xx_hal_pcd.o(i.HAL_PCD_EP_DB_Transmit)
    HAL_PCD_EP_DB_Transmit                   0x080006d3   Thumb Code   816  stm32f1xx_hal_pcd.o(i.HAL_PCD_EP_DB_Transmit)
    i.HAL_PCD_EP_GetRxCount                  0x08000a02   Section        0  stm32f1xx_hal_pcd.o(i.HAL_PCD_EP_GetRxCount)
    i.HAL_PCD_EP_Open                        0x08000a14   Section        0  stm32f1xx_hal_pcd.o(i.HAL_PCD_EP_Open)
    i.HAL_PCD_EP_Receive                     0x08000a74   Section        0  stm32f1xx_hal_pcd.o(i.HAL_PCD_EP_Receive)
    i.HAL_PCD_EP_SetStall                    0x08000aa6   Section        0  stm32f1xx_hal_pcd.o(i.HAL_PCD_EP_SetStall)
    i.HAL_PCD_EP_Transmit                    0x08000b18   Section        0  stm32f1xx_hal_pcd.o(i.HAL_PCD_EP_Transmit)
    i.HAL_PCD_IRQHandler                     0x08000b4c   Section        0  stm32f1xx_hal_pcd.o(i.HAL_PCD_IRQHandler)
    i.HAL_PCD_Init                           0x08000ca0   Section        0  stm32f1xx_hal_pcd.o(i.HAL_PCD_Init)
    i.HAL_PCD_MspInit                        0x08000d7c   Section        0  usbd_conf.o(i.HAL_PCD_MspInit)
    i.HAL_PCD_ResetCallback                  0x08000db8   Section        0  usbd_conf.o(i.HAL_PCD_ResetCallback)
    i.HAL_PCD_ResumeCallback                 0x08000dde   Section        0  usbd_conf.o(i.HAL_PCD_ResumeCallback)
    i.HAL_PCD_SOFCallback                    0x08000de6   Section        0  usbd_conf.o(i.HAL_PCD_SOFCallback)
    i.HAL_PCD_SetAddress                     0x08000dee   Section        0  stm32f1xx_hal_pcd.o(i.HAL_PCD_SetAddress)
    i.HAL_PCD_SetupStageCallback             0x08000e16   Section        0  usbd_conf.o(i.HAL_PCD_SetupStageCallback)
    i.HAL_PCD_Start                          0x08000e24   Section        0  stm32f1xx_hal_pcd.o(i.HAL_PCD_Start)
    i.HAL_PCD_SuspendCallback                0x08000e58   Section        0  usbd_conf.o(i.HAL_PCD_SuspendCallback)
    i.HAL_SYSTICK_Config                     0x08000e7c   Section        0  stm32f1xx_hal_cortex.o(i.HAL_SYSTICK_Config)
    i.HardFault_Handler                      0x08000ea4   Section        0  stm32f1xx_it.o(i.HardFault_Handler)
    i.IntToUnicode                           0x08000ea8   Section        0  usbd_desc.o(i.IntToUnicode)
    IntToUnicode                             0x08000ea9   Thumb Code    56  usbd_desc.o(i.IntToUnicode)
    i.LL_APB2_GRP1_EnableClock               0x08000ee0   Section        0  main.o(i.LL_APB2_GRP1_EnableClock)
    LL_APB2_GRP1_EnableClock                 0x08000ee1   Thumb Code    18  main.o(i.LL_APB2_GRP1_EnableClock)
    i.LL_EXTI_Init                           0x08000ef8   Section        0  stm32f1xx_ll_exti.o(i.LL_EXTI_Init)
    i.LL_GPIO_Init                           0x08000f98   Section        0  stm32f1xx_ll_gpio.o(i.LL_GPIO_Init)
    i.LL_RTC_EnterInitMode                   0x08001088   Section        0  stm32f1xx_ll_rtc.o(i.LL_RTC_EnterInitMode)
    i.LL_RTC_ExitInitMode                    0x080010ca   Section        0  stm32f1xx_ll_rtc.o(i.LL_RTC_ExitInitMode)
    i.LL_RTC_Init                            0x0800110c   Section        0  stm32f1xx_ll_rtc.o(i.LL_RTC_Init)
    i.LL_RTC_TIME_Init                       0x08001184   Section        0  stm32f1xx_ll_rtc.o(i.LL_RTC_TIME_Init)
    i.LL_RTC_WaitForSynchro                  0x08001208   Section        0  stm32f1xx_ll_rtc.o(i.LL_RTC_WaitForSynchro)
    i.LL_SPI_Init                            0x0800124a   Section        0  stm32f1xx_ll_spi.o(i.LL_SPI_Init)
    i.LL_SetSystemCoreClock                  0x080012a8   Section        0  stm32f1xx_ll_utils.o(i.LL_SetSystemCoreClock)
    i.MX_GPIO_Init                           0x080012b4   Section        0  main.o(i.MX_GPIO_Init)
    MX_GPIO_Init                             0x080012b5   Thumb Code   232  main.o(i.MX_GPIO_Init)
    i.MX_RTC_Init                            0x080013b4   Section        0  main.o(i.MX_RTC_Init)
    MX_RTC_Init                              0x080013b5   Thumb Code   102  main.o(i.MX_RTC_Init)
    i.MX_SPI1_Init                           0x08001428   Section        0  main.o(i.MX_SPI1_Init)
    MX_SPI1_Init                             0x08001429   Thumb Code   122  main.o(i.MX_SPI1_Init)
    i.MX_USB_DEVICE_Init                     0x080014ac   Section        0  usb_device.o(i.MX_USB_DEVICE_Init)
    i.MemManage_Handler                      0x08001500   Section        0  stm32f1xx_it.o(i.MemManage_Handler)
    i.NMI_Handler                            0x08001502   Section        0  stm32f1xx_it.o(i.NMI_Handler)
    i.PCD_EP_ISR_Handler                     0x08001504   Section        0  stm32f1xx_hal_pcd.o(i.PCD_EP_ISR_Handler)
    PCD_EP_ISR_Handler                       0x08001505   Thumb Code   788  stm32f1xx_hal_pcd.o(i.PCD_EP_ISR_Handler)
    i.PendSV_Handler                         0x08001818   Section        0  stm32f1xx_it.o(i.PendSV_Handler)
    i.SVC_Handler                            0x0800181a   Section        0  stm32f1xx_it.o(i.SVC_Handler)
    i.SysTick_Handler                        0x0800181c   Section        0  stm32f1xx_it.o(i.SysTick_Handler)
    i.SystemClock_Config                     0x08001820   Section        0  main.o(i.SystemClock_Config)
    i.SystemInit                             0x08001934   Section        0  system_stm32f1xx.o(i.SystemInit)
    i.USBD_CDC_DataIn                        0x08001936   Section        0  usbd_cdc.o(i.USBD_CDC_DataIn)
    USBD_CDC_DataIn                          0x08001937   Thumb Code    70  usbd_cdc.o(i.USBD_CDC_DataIn)
    i.USBD_CDC_DataOut                       0x0800197c   Section        0  usbd_cdc.o(i.USBD_CDC_DataOut)
    USBD_CDC_DataOut                         0x0800197d   Thumb Code    46  usbd_cdc.o(i.USBD_CDC_DataOut)
    i.USBD_CDC_DeInit                        0x080019aa   Section        0  usbd_cdc.o(i.USBD_CDC_DeInit)
    USBD_CDC_DeInit                          0x080019ab   Thumb Code    68  usbd_cdc.o(i.USBD_CDC_DeInit)
    i.USBD_CDC_EP0_RxReady                   0x080019ee   Section        0  usbd_cdc.o(i.USBD_CDC_EP0_RxReady)
    USBD_CDC_EP0_RxReady                     0x080019ef   Thumb Code    36  usbd_cdc.o(i.USBD_CDC_EP0_RxReady)
    i.USBD_CDC_GetDeviceQualifierDescriptor  0x08001a14   Section        0  usbd_cdc.o(i.USBD_CDC_GetDeviceQualifierDescriptor)
    i.USBD_CDC_GetFSCfgDesc                  0x08001a20   Section        0  usbd_cdc.o(i.USBD_CDC_GetFSCfgDesc)
    USBD_CDC_GetFSCfgDesc                    0x08001a21   Thumb Code     8  usbd_cdc.o(i.USBD_CDC_GetFSCfgDesc)
    i.USBD_CDC_GetHSCfgDesc                  0x08001a2c   Section        0  usbd_cdc.o(i.USBD_CDC_GetHSCfgDesc)
    USBD_CDC_GetHSCfgDesc                    0x08001a2d   Thumb Code     8  usbd_cdc.o(i.USBD_CDC_GetHSCfgDesc)
    i.USBD_CDC_GetOtherSpeedCfgDesc          0x08001a38   Section        0  usbd_cdc.o(i.USBD_CDC_GetOtherSpeedCfgDesc)
    USBD_CDC_GetOtherSpeedCfgDesc            0x08001a39   Thumb Code     8  usbd_cdc.o(i.USBD_CDC_GetOtherSpeedCfgDesc)
    i.USBD_CDC_Init                          0x08001a44   Section        0  usbd_cdc.o(i.USBD_CDC_Init)
    USBD_CDC_Init                            0x08001a45   Thumb Code   148  usbd_cdc.o(i.USBD_CDC_Init)
    i.USBD_CDC_ReceivePacket                 0x08001ad8   Section        0  usbd_cdc.o(i.USBD_CDC_ReceivePacket)
    i.USBD_CDC_RegisterInterface             0x08001b00   Section        0  usbd_cdc.o(i.USBD_CDC_RegisterInterface)
    i.USBD_CDC_SetRxBuffer                   0x08001b10   Section        0  usbd_cdc.o(i.USBD_CDC_SetRxBuffer)
    i.USBD_CDC_SetTxBuffer                   0x08001b1c   Section        0  usbd_cdc.o(i.USBD_CDC_SetTxBuffer)
    i.USBD_CDC_Setup                         0x08001b2c   Section        0  usbd_cdc.o(i.USBD_CDC_Setup)
    USBD_CDC_Setup                           0x08001b2d   Thumb Code   172  usbd_cdc.o(i.USBD_CDC_Setup)
    i.USBD_ClrClassConfig                    0x08001bd8   Section        0  usbd_core.o(i.USBD_ClrClassConfig)
    i.USBD_CtlContinueRx                     0x08001be6   Section        0  usbd_ioreq.o(i.USBD_CtlContinueRx)
    i.USBD_CtlContinueSendData               0x08001bf6   Section        0  usbd_ioreq.o(i.USBD_CtlContinueSendData)
    i.USBD_CtlError                          0x08001c06   Section        0  usbd_ctlreq.o(i.USBD_CtlError)
    i.USBD_CtlPrepareRx                      0x08001c1c   Section        0  usbd_ioreq.o(i.USBD_CtlPrepareRx)
    i.USBD_CtlReceiveStatus                  0x08001c3a   Section        0  usbd_ioreq.o(i.USBD_CtlReceiveStatus)
    i.USBD_CtlSendData                       0x08001c50   Section        0  usbd_ioreq.o(i.USBD_CtlSendData)
    i.USBD_CtlSendStatus                     0x08001c6a   Section        0  usbd_ioreq.o(i.USBD_CtlSendStatus)
    i.USBD_FS_ConfigStrDescriptor            0x08001c80   Section        0  usbd_desc.o(i.USBD_FS_ConfigStrDescriptor)
    i.USBD_FS_DeviceDescriptor               0x08001ca0   Section        0  usbd_desc.o(i.USBD_FS_DeviceDescriptor)
    i.USBD_FS_InterfaceStrDescriptor         0x08001cac   Section        0  usbd_desc.o(i.USBD_FS_InterfaceStrDescriptor)
    i.USBD_FS_LangIDStrDescriptor            0x08001cd0   Section        0  usbd_desc.o(i.USBD_FS_LangIDStrDescriptor)
    i.USBD_FS_ManufacturerStrDescriptor      0x08001cdc   Section        0  usbd_desc.o(i.USBD_FS_ManufacturerStrDescriptor)
    i.USBD_FS_ProductStrDescriptor           0x08001d04   Section        0  usbd_desc.o(i.USBD_FS_ProductStrDescriptor)
    i.USBD_FS_SerialStrDescriptor            0x08001d30   Section        0  usbd_desc.o(i.USBD_FS_SerialStrDescriptor)
    i.USBD_GetDescriptor                     0x08001d68   Section        0  usbd_ctlreq.o(i.USBD_GetDescriptor)
    USBD_GetDescriptor                       0x08001d69   Thumb Code   232  usbd_ctlreq.o(i.USBD_GetDescriptor)
    i.USBD_GetString                         0x08001e50   Section        0  usbd_ctlreq.o(i.USBD_GetString)
    i.USBD_Get_USB_Status                    0x08001e98   Section        0  usbd_conf.o(i.USBD_Get_USB_Status)
    USBD_Get_USB_Status                      0x08001e99   Thumb Code    24  usbd_conf.o(i.USBD_Get_USB_Status)
    i.USBD_Init                              0x08001eb0   Section        0  usbd_core.o(i.USBD_Init)
    i.USBD_LL_ClearStallEP                   0x08001eda   Section        0  usbd_conf.o(i.USBD_LL_ClearStallEP)
    i.USBD_LL_CloseEP                        0x08001eec   Section        0  usbd_conf.o(i.USBD_LL_CloseEP)
    i.USBD_LL_DataInStage                    0x08001efe   Section        0  usbd_core.o(i.USBD_LL_DataInStage)
    i.USBD_LL_DataOutStage                   0x08001fc4   Section        0  usbd_core.o(i.USBD_LL_DataOutStage)
    i.USBD_LL_GetRxDataSize                  0x08002046   Section        0  usbd_conf.o(i.USBD_LL_GetRxDataSize)
    i.USBD_LL_Init                           0x08002050   Section        0  usbd_conf.o(i.USBD_LL_Init)
    i.USBD_LL_IsStallEP                      0x080020d0   Section        0  usbd_conf.o(i.USBD_LL_IsStallEP)
    i.USBD_LL_OpenEP                         0x080020f0   Section        0  usbd_conf.o(i.USBD_LL_OpenEP)
    i.USBD_LL_PrepareReceive                 0x08002108   Section        0  usbd_conf.o(i.USBD_LL_PrepareReceive)
    i.USBD_LL_Reset                          0x0800211a   Section        0  usbd_core.o(i.USBD_LL_Reset)
    i.USBD_LL_Resume                         0x0800216a   Section        0  usbd_core.o(i.USBD_LL_Resume)
    i.USBD_LL_SOF                            0x0800217e   Section        0  usbd_core.o(i.USBD_LL_SOF)
    i.USBD_LL_SetSpeed                       0x08002196   Section        0  usbd_core.o(i.USBD_LL_SetSpeed)
    i.USBD_LL_SetUSBAddress                  0x0800219c   Section        0  usbd_conf.o(i.USBD_LL_SetUSBAddress)
    i.USBD_LL_SetupStage                     0x080021ae   Section        0  usbd_core.o(i.USBD_LL_SetupStage)
    i.USBD_LL_StallEP                        0x08002208   Section        0  usbd_conf.o(i.USBD_LL_StallEP)
    i.USBD_LL_Start                          0x0800221a   Section        0  usbd_conf.o(i.USBD_LL_Start)
    i.USBD_LL_Suspend                        0x0800222c   Section        0  usbd_core.o(i.USBD_LL_Suspend)
    i.USBD_LL_Transmit                       0x0800223e   Section        0  usbd_conf.o(i.USBD_LL_Transmit)
    i.USBD_ParseSetupRequest                 0x08002250   Section        0  usbd_ctlreq.o(i.USBD_ParseSetupRequest)
    i.USBD_RegisterClass                     0x08002278   Section        0  usbd_core.o(i.USBD_RegisterClass)
    i.USBD_SetClassConfig                    0x08002288   Section        0  usbd_core.o(i.USBD_SetClassConfig)
    i.USBD_SetConfig                         0x080022a0   Section        0  usbd_ctlreq.o(i.USBD_SetConfig)
    USBD_SetConfig                           0x080022a1   Thumb Code   128  usbd_ctlreq.o(i.USBD_SetConfig)
    i.USBD_Start                             0x08002324   Section        0  usbd_core.o(i.USBD_Start)
    i.USBD_StdDevReq                         0x0800232e   Section        0  usbd_ctlreq.o(i.USBD_StdDevReq)
    i.USBD_StdEPReq                          0x08002440   Section        0  usbd_ctlreq.o(i.USBD_StdEPReq)
    i.USBD_StdItfReq                         0x08002590   Section        0  usbd_ctlreq.o(i.USBD_StdItfReq)
    i.USBD_static_free                       0x080025de   Section        0  usbd_conf.o(i.USBD_static_free)
    i.USBD_static_malloc                     0x080025e0   Section        0  usbd_conf.o(i.USBD_static_malloc)
    i.USB_ActivateEndpoint                   0x080025e8   Section        0  stm32f1xx_ll_usb.o(i.USB_ActivateEndpoint)
    i.USB_CoreInit                           0x08002840   Section        0  stm32f1xx_ll_usb.o(i.USB_CoreInit)
    i.USB_DeactivateEndpoint                 0x08002844   Section        0  stm32f1xx_ll_usb.o(i.USB_DeactivateEndpoint)
    i.USB_DevConnect                         0x08002952   Section        0  stm32f1xx_ll_usb.o(i.USB_DevConnect)
    i.USB_DevDisconnect                      0x08002956   Section        0  stm32f1xx_ll_usb.o(i.USB_DevDisconnect)
    i.USB_DevInit                            0x0800295a   Section        0  stm32f1xx_ll_usb.o(i.USB_DevInit)
    i.USB_DisableGlobalInt                   0x0800296c   Section        0  stm32f1xx_ll_usb.o(i.USB_DisableGlobalInt)
    i.USB_EP0_OutStart                       0x0800297a   Section        0  stm32f1xx_ll_usb.o(i.USB_EP0_OutStart)
    i.USB_EPClearStall                       0x0800297e   Section        0  stm32f1xx_ll_usb.o(i.USB_EPClearStall)
    i.USB_EPSetStall                         0x080029f6   Section        0  stm32f1xx_ll_usb.o(i.USB_EPSetStall)
    i.USB_EPStartXfer                        0x08002a28   Section        0  stm32f1xx_ll_usb.o(i.USB_EPStartXfer)
    i.USB_EnableGlobalInt                    0x08003034   Section        0  stm32f1xx_ll_usb.o(i.USB_EnableGlobalInt)
    i.USB_LP_CAN1_RX0_IRQHandler             0x08003048   Section        0  stm32f1xx_it.o(i.USB_LP_CAN1_RX0_IRQHandler)
    i.USB_ReadInterrupts                     0x08003054   Section        0  stm32f1xx_ll_usb.o(i.USB_ReadInterrupts)
    i.USB_ReadPMA                            0x0800305c   Section        0  stm32f1xx_ll_usb.o(i.USB_ReadPMA)
    i.USB_SetCurrentMode                     0x08003088   Section        0  stm32f1xx_ll_usb.o(i.USB_SetCurrentMode)
    i.USB_SetDevAddress                      0x0800308c   Section        0  stm32f1xx_ll_usb.o(i.USB_SetDevAddress)
    i.USB_WritePMA                           0x08003098   Section        0  stm32f1xx_ll_usb.o(i.USB_WritePMA)
    i.UsageFault_Handler                     0x080030be   Section        0  stm32f1xx_it.o(i.UsageFault_Handler)
    i.__NVIC_SetPriority                     0x080030c0   Section        0  stm32f1xx_hal_cortex.o(i.__NVIC_SetPriority)
    __NVIC_SetPriority                       0x080030c1   Thumb Code    32  stm32f1xx_hal_cortex.o(i.__NVIC_SetPriority)
    i.main                                   0x080030e0   Section        0  main.o(i.main)
    .data                                    0x20000000   Section       28  usbd_desc.o(.data)
    .data                                    0x2000001c   Section       50  usbd_desc.o(.data)
    .data                                    0x20000050   Section       16  usbd_cdc_if.o(.data)
    .data                                    0x20000060   Section       12  stm32f1xx_hal.o(.data)
    .data                                    0x2000006c   Section        4  system_stm32f1xx.o(.data)
    .data                                    0x20000070   Section        1  usbd_ctlreq.o(.data)
    cfgidx                                   0x20000070   Data           1  usbd_ctlreq.o(.data)
    .data                                    0x20000074   Section      215  usbd_cdc.o(.data)
    USBD_CDC_DeviceQualifierDesc             0x20000074   Data          10  usbd_cdc.o(.data)
    .data                                    0x2000014c   Section       56  usbd_cdc.o(.data)
    .bss                                     0x20000184   Section      708  usb_device.o(.bss)
    .bss                                     0x20000448   Section      256  usbd_desc.o(.bss)
    .bss                                     0x20000548   Section      128  usbd_cdc_if.o(.bss)
    .bss                                     0x200005c8   Section     1036  usbd_conf.o(.bss)
    mem                                      0x200005c8   Data         288  usbd_conf.o(.bss)
    .bss                                     0x200009d4   Section       96  libspace.o(.bss)
    HEAP                                     0x20000a38   Section      512  startup_stm32f103xb.o(HEAP)
    Heap_Mem                                 0x20000a38   Data         512  startup_stm32f103xb.o(HEAP)
    STACK                                    0x20000c38   Section     1024  startup_stm32f103xb.o(STACK)
    Stack_Mem                                0x20000c38   Data        1024  startup_stm32f103xb.o(STACK)
    __initial_sp                             0x20001038   Data           0  startup_stm32f103xb.o(STACK)

    Global Symbols

    Symbol Name                              Value     Ov Type        Size  Object(Section)

    BuildAttributes$$THM_ISAv4$P$D$K$B$S$PE$A:L22UL41UL21$X:L11$S22US41US21$IEEE1$IW$USESV6$~STKCKD$USESV7$~SHL$OSPACE$ROPI$EBA8$UX$STANDARDLIB$REQ8$PRES8$EABIv2 0x00000000   Number         0  anon$$obj.o ABSOLUTE
    __ARM_use_no_argv                        0x00000000   Number         0  main.o ABSOLUTE
    __ARM_exceptions_init                     - Undefined Weak Reference
    __alloca_initialize                       - Undefined Weak Reference
    __arm_fini_                               - Undefined Weak Reference
    __arm_preinit_                            - Undefined Weak Reference
    __cpp_initialize__aeabi_                  - Undefined Weak Reference
    __cxa_finalize                            - Undefined Weak Reference
    __rt_locale                               - Undefined Weak Reference
    __sigvec_lookup                           - Undefined Weak Reference
    _atexit_init                              - Undefined Weak Reference
    _call_atexit_fns                          - Undefined Weak Reference
    _clock_init                               - Undefined Weak Reference
    _fp_trap_init                             - Undefined Weak Reference
    _fp_trap_shutdown                         - Undefined Weak Reference
    _get_lc_collate                           - Undefined Weak Reference
    _get_lc_ctype                             - Undefined Weak Reference
    _get_lc_monetary                          - Undefined Weak Reference
    _get_lc_numeric                           - Undefined Weak Reference
    _get_lc_time                              - Undefined Weak Reference
    _getenv_init                              - Undefined Weak Reference
    _handle_redirection                       - Undefined Weak Reference
    _init_alloc                               - Undefined Weak Reference
    _init_user_alloc                          - Undefined Weak Reference
    _initio                                   - Undefined Weak Reference
    _rand_init                                - Undefined Weak Reference
    _signal_finish                            - Undefined Weak Reference
    _signal_init                              - Undefined Weak Reference
    _terminate_alloc                          - Undefined Weak Reference
    _terminate_user_alloc                     - Undefined Weak Reference
    _terminateio                              - Undefined Weak Reference
    __Vectors_Size                           0x000000ec   Number         0  startup_stm32f103xb.o ABSOLUTE
    __Vectors                                0x08000000   Data           4  startup_stm32f103xb.o(RESET)
    __Vectors_End                            0x080000ec   Data           0  startup_stm32f103xb.o(RESET)
    __main                                   0x080000ed   Thumb Code     8  __main.o(!!!main)
    __scatterload                            0x080000f5   Thumb Code     0  __scatter.o(!!!scatter)
    __scatterload_rt2                        0x080000f5   Thumb Code    44  __scatter.o(!!!scatter)
    __scatterload_rt2_thumb_only             0x080000f5   Thumb Code     0  __scatter.o(!!!scatter)
    __scatterload_null                       0x08000103   Thumb Code     0  __scatter.o(!!!scatter)
    __decompress                             0x08000129   Thumb Code    90  __dczerorl2.o(!!dczerorl2)
    __decompress1                            0x08000129   Thumb Code     0  __dczerorl2.o(!!dczerorl2)
    __scatterload_zeroinit                   0x08000185   Thumb Code    28  __scatter_zi.o(!!handler_zi)
    __rt_lib_init                            0x080001a1   Thumb Code     0  libinit.o(.ARM.Collect$$libinit$$00000000)
    __rt_lib_init_alloca_1                   0x080001a3   Thumb Code     0  libinit2.o(.ARM.Collect$$libinit$$0000002E)
    __rt_lib_init_argv_1                     0x080001a3   Thumb Code     0  libinit2.o(.ARM.Collect$$libinit$$0000002C)
    __rt_lib_init_atexit_1                   0x080001a3   Thumb Code     0  libinit2.o(.ARM.Collect$$libinit$$0000001B)
    __rt_lib_init_clock_1                    0x080001a3   Thumb Code     0  libinit2.o(.ARM.Collect$$libinit$$00000021)
    __rt_lib_init_cpp_1                      0x080001a3   Thumb Code     0  libinit2.o(.ARM.Collect$$libinit$$00000032)
    __rt_lib_init_exceptions_1               0x080001a3   Thumb Code     0  libinit2.o(.ARM.Collect$$libinit$$00000030)
    __rt_lib_init_fp_1                       0x080001a3   Thumb Code     0  libinit2.o(.ARM.Collect$$libinit$$00000002)
    __rt_lib_init_fp_trap_1                  0x080001a3   Thumb Code     0  libinit2.o(.ARM.Collect$$libinit$$0000001F)
    __rt_lib_init_getenv_1                   0x080001a3   Thumb Code     0  libinit2.o(.ARM.Collect$$libinit$$00000023)
    __rt_lib_init_heap_1                     0x080001a3   Thumb Code     0  libinit2.o(.ARM.Collect$$libinit$$0000000A)
    __rt_lib_init_lc_collate_1               0x080001a3   Thumb Code     0  libinit2.o(.ARM.Collect$$libinit$$00000011)
    __rt_lib_init_lc_ctype_1                 0x080001a3   Thumb Code     0  libinit2.o(.ARM.Collect$$libinit$$00000013)
    __rt_lib_init_lc_monetary_1              0x080001a3   Thumb Code     0  libinit2.o(.ARM.Collect$$libinit$$00000015)
    __rt_lib_init_lc_numeric_1               0x080001a3   Thumb Code     0  libinit2.o(.ARM.Collect$$libinit$$00000017)
    __rt_lib_init_lc_time_1                  0x080001a3   Thumb Code     0  libinit2.o(.ARM.Collect$$libinit$$00000019)
    __rt_lib_init_preinit_1                  0x080001a3   Thumb Code     0  libinit2.o(.ARM.Collect$$libinit$$00000004)
    __rt_lib_init_rand_1                     0x080001a3   Thumb Code     0  libinit2.o(.ARM.Collect$$libinit$$0000000E)
    __rt_lib_init_return                     0x080001a3   Thumb Code     0  libinit2.o(.ARM.Collect$$libinit$$00000033)
    __rt_lib_init_signal_1                   0x080001a3   Thumb Code     0  libinit2.o(.ARM.Collect$$libinit$$0000001D)
    __rt_lib_init_stdio_1                    0x080001a3   Thumb Code     0  libinit2.o(.ARM.Collect$$libinit$$00000025)
    __rt_lib_init_user_alloc_1               0x080001a3   Thumb Code     0  libinit2.o(.ARM.Collect$$libinit$$0000000C)
    __rt_lib_shutdown                        0x080001a5   Thumb Code     0  libshutdown.o(.ARM.Collect$$libshutdown$$00000000)
    __rt_lib_shutdown_cpp_1                  0x080001a7   Thumb Code     0  libshutdown2.o(.ARM.Collect$$libshutdown$$00000004)
    __rt_lib_shutdown_fini_1                 0x080001a7   Thumb Code     0  libshutdown2.o(.ARM.Collect$$libshutdown$$00000002)
    __rt_lib_shutdown_fp_trap_1              0x080001a7   Thumb Code     0  libshutdown2.o(.ARM.Collect$$libshutdown$$00000009)
    __rt_lib_shutdown_heap_1                 0x080001a7   Thumb Code     0  libshutdown2.o(.ARM.Collect$$libshutdown$$00000011)
    __rt_lib_shutdown_return                 0x080001a7   Thumb Code     0  libshutdown2.o(.ARM.Collect$$libshutdown$$00000012)
    __rt_lib_shutdown_signal_1               0x080001a7   Thumb Code     0  libshutdown2.o(.ARM.Collect$$libshutdown$$0000000C)
    __rt_lib_shutdown_stdio_1                0x080001a7   Thumb Code     0  libshutdown2.o(.ARM.Collect$$libshutdown$$00000006)
    __rt_lib_shutdown_user_alloc_1           0x080001a7   Thumb Code     0  libshutdown2.o(.ARM.Collect$$libshutdown$$0000000E)
    __rt_entry                               0x080001a9   Thumb Code     0  __rtentry.o(.ARM.Collect$$rtentry$$00000000)
    __rt_entry_presh_1                       0x080001a9   Thumb Code     0  __rtentry2.o(.ARM.Collect$$rtentry$$00000002)
    __rt_entry_sh                            0x080001a9   Thumb Code     0  __rtentry4.o(.ARM.Collect$$rtentry$$00000004)
    __rt_entry_li                            0x080001af   Thumb Code     0  __rtentry2.o(.ARM.Collect$$rtentry$$0000000A)
    __rt_entry_postsh_1                      0x080001af   Thumb Code     0  __rtentry2.o(.ARM.Collect$$rtentry$$00000009)
    __rt_entry_main                          0x080001b3   Thumb Code     0  __rtentry2.o(.ARM.Collect$$rtentry$$0000000D)
    __rt_entry_postli_1                      0x080001b3   Thumb Code     0  __rtentry2.o(.ARM.Collect$$rtentry$$0000000C)
    __rt_exit                                0x080001bb   Thumb Code     0  rtexit.o(.ARM.Collect$$rtexit$$00000000)
    __rt_exit_ls                             0x080001bd   Thumb Code     0  rtexit2.o(.ARM.Collect$$rtexit$$00000003)
    __rt_exit_prels_1                        0x080001bd   Thumb Code     0  rtexit2.o(.ARM.Collect$$rtexit$$00000002)
    __rt_exit_exit                           0x080001c1   Thumb Code     0  rtexit2.o(.ARM.Collect$$rtexit$$00000004)
    Reset_Handler                            0x080001c9   Thumb Code     8  startup_stm32f103xb.o(.text)
    ADC1_2_IRQHandler                        0x080001e3   Thumb Code     0  startup_stm32f103xb.o(.text)
    CAN1_RX1_IRQHandler                      0x080001e3   Thumb Code     0  startup_stm32f103xb.o(.text)
    CAN1_SCE_IRQHandler                      0x080001e3   Thumb Code     0  startup_stm32f103xb.o(.text)
    DMA1_Channel1_IRQHandler                 0x080001e3   Thumb Code     0  startup_stm32f103xb.o(.text)
    DMA1_Channel2_IRQHandler                 0x080001e3   Thumb Code     0  startup_stm32f103xb.o(.text)
    DMA1_Channel3_IRQHandler                 0x080001e3   Thumb Code     0  startup_stm32f103xb.o(.text)
    DMA1_Channel4_IRQHandler                 0x080001e3   Thumb Code     0  startup_stm32f103xb.o(.text)
    DMA1_Channel5_IRQHandler                 0x080001e3   Thumb Code     0  startup_stm32f103xb.o(.text)
    DMA1_Channel6_IRQHandler                 0x080001e3   Thumb Code     0  startup_stm32f103xb.o(.text)
    DMA1_Channel7_IRQHandler                 0x080001e3   Thumb Code     0  startup_stm32f103xb.o(.text)
    EXTI0_IRQHandler                         0x080001e3   Thumb Code     0  startup_stm32f103xb.o(.text)
    EXTI15_10_IRQHandler                     0x080001e3   Thumb Code     0  startup_stm32f103xb.o(.text)
    EXTI1_IRQHandler                         0x080001e3   Thumb Code     0  startup_stm32f103xb.o(.text)
    EXTI3_IRQHandler                         0x080001e3   Thumb Code     0  startup_stm32f103xb.o(.text)
    EXTI4_IRQHandler                         0x080001e3   Thumb Code     0  startup_stm32f103xb.o(.text)
    EXTI9_5_IRQHandler                       0x080001e3   Thumb Code     0  startup_stm32f103xb.o(.text)
    FLASH_IRQHandler                         0x080001e3   Thumb Code     0  startup_stm32f103xb.o(.text)
    I2C1_ER_IRQHandler                       0x080001e3   Thumb Code     0  startup_stm32f103xb.o(.text)
    I2C1_EV_IRQHandler                       0x080001e3   Thumb Code     0  startup_stm32f103xb.o(.text)
    I2C2_ER_IRQHandler                       0x080001e3   Thumb Code     0  startup_stm32f103xb.o(.text)
    I2C2_EV_IRQHandler                       0x080001e3   Thumb Code     0  startup_stm32f103xb.o(.text)
    PVD_IRQHandler                           0x080001e3   Thumb Code     0  startup_stm32f103xb.o(.text)
    RCC_IRQHandler                           0x080001e3   Thumb Code     0  startup_stm32f103xb.o(.text)
    RTC_Alarm_IRQHandler                     0x080001e3   Thumb Code     0  startup_stm32f103xb.o(.text)
    RTC_IRQHandler                           0x080001e3   Thumb Code     0  startup_stm32f103xb.o(.text)
    SPI1_IRQHandler                          0x080001e3   Thumb Code     0  startup_stm32f103xb.o(.text)
    SPI2_IRQHandler                          0x080001e3   Thumb Code     0  startup_stm32f103xb.o(.text)
    TAMPER_IRQHandler                        0x080001e3   Thumb Code     0  startup_stm32f103xb.o(.text)
    TIM1_BRK_IRQHandler                      0x080001e3   Thumb Code     0  startup_stm32f103xb.o(.text)
    TIM1_CC_IRQHandler                       0x080001e3   Thumb Code     0  startup_stm32f103xb.o(.text)
    TIM1_TRG_COM_IRQHandler                  0x080001e3   Thumb Code     0  startup_stm32f103xb.o(.text)
    TIM1_UP_IRQHandler                       0x080001e3   Thumb Code     0  startup_stm32f103xb.o(.text)
    TIM2_IRQHandler                          0x080001e3   Thumb Code     0  startup_stm32f103xb.o(.text)
    TIM3_IRQHandler                          0x080001e3   Thumb Code     0  startup_stm32f103xb.o(.text)
    TIM4_IRQHandler                          0x080001e3   Thumb Code     0  startup_stm32f103xb.o(.text)
    USART1_IRQHandler                        0x080001e3   Thumb Code     0  startup_stm32f103xb.o(.text)
    USART2_IRQHandler                        0x080001e3   Thumb Code     0  startup_stm32f103xb.o(.text)
    USART3_IRQHandler                        0x080001e3   Thumb Code     0  startup_stm32f103xb.o(.text)
    USBWakeUp_IRQHandler                     0x080001e3   Thumb Code     0  startup_stm32f103xb.o(.text)
    USB_HP_CAN1_TX_IRQHandler                0x080001e3   Thumb Code     0  startup_stm32f103xb.o(.text)
    WWDG_IRQHandler                          0x080001e3   Thumb Code     0  startup_stm32f103xb.o(.text)
    __user_initial_stackheap                 0x080001e5   Thumb Code     0  startup_stm32f103xb.o(.text)
    __aeabi_memcpy4                          0x08000209   Thumb Code     0  rt_memcpy_w.o(.text)
    __aeabi_memcpy8                          0x08000209   Thumb Code     0  rt_memcpy_w.o(.text)
    __rt_memcpy_w                            0x08000209   Thumb Code   100  rt_memcpy_w.o(.text)
    _memcpy_lastbytes_aligned                0x08000251   Thumb Code     0  rt_memcpy_w.o(.text)
    __aeabi_memclr4                          0x0800026d   Thumb Code     0  rt_memclr_w.o(.text)
    __aeabi_memclr8                          0x0800026d   Thumb Code     0  rt_memclr_w.o(.text)
    __rt_memclr_w                            0x0800026d   Thumb Code    78  rt_memclr_w.o(.text)
    _memset_w                                0x08000271   Thumb Code     0  rt_memclr_w.o(.text)
    __use_two_region_memory                  0x080002bb   Thumb Code     2  heapauxi.o(.text)
    __rt_heap_escrow$2region                 0x080002bd   Thumb Code     2  heapauxi.o(.text)
    __rt_heap_expand$2region                 0x080002bf   Thumb Code     2  heapauxi.o(.text)
    __user_setup_stackheap                   0x080002c1   Thumb Code    74  sys_stackheap_outer.o(.text)
    exit                                     0x0800030b   Thumb Code    18  exit.o(.text)
    __user_libspace                          0x0800031d   Thumb Code     8  libspace.o(.text)
    __user_perproc_libspace                  0x0800031d   Thumb Code     0  libspace.o(.text)
    __user_perthread_libspace                0x0800031d   Thumb Code     0  libspace.o(.text)
    _sys_exit                                0x08000325   Thumb Code     8  sys_exit.o(.text)
    __I$use$semihosting                      0x08000331   Thumb Code     0  use_no_semi.o(.text)
    __use_no_semihosting_swi                 0x08000331   Thumb Code     2  use_no_semi.o(.text)
    BusFault_Handler                         0x08000333   Thumb Code     2  stm32f1xx_it.o(i.BusFault_Handler)
    __semihosting_library_function           0x08000333   Thumb Code     0  indicate_semi.o(.text)
    DebugMon_Handler                         0x08000379   Thumb Code     2  stm32f1xx_it.o(i.DebugMon_Handler)
    DelayMicro2                              0x0800037d   Thumb Code    18  main.o(i.DelayMicro2)
    EXTI2_IRQHandler                         0x08000399   Thumb Code    16  stm32f1xx_it.o(i.EXTI2_IRQHandler)
    Error_Handler                            0x080003ad   Thumb Code     4  main.o(i.Error_Handler)
    HAL_IncTick                              0x080003b1   Thumb Code    12  stm32f1xx_hal.o(i.HAL_IncTick)
    HAL_Init                                 0x080003c1   Thumb Code    32  stm32f1xx_hal.o(i.HAL_Init)
    HAL_InitTick                             0x080003e5   Thumb Code    54  stm32f1xx_hal.o(i.HAL_InitTick)
    HAL_MspInit                              0x08000425   Thumb Code    52  stm32f1xx_hal_msp.o(i.HAL_MspInit)
    HAL_NVIC_EnableIRQ                       0x08000461   Thumb Code    26  stm32f1xx_hal_cortex.o(i.HAL_NVIC_EnableIRQ)
    HAL_NVIC_SetPriority                     0x0800047d   Thumb Code    60  stm32f1xx_hal_cortex.o(i.HAL_NVIC_SetPriority)
    HAL_NVIC_SetPriorityGrouping             0x080004bd   Thumb Code    26  stm32f1xx_hal_cortex.o(i.HAL_NVIC_SetPriorityGrouping)
    HAL_PCDEx_PMAConfig                      0x080004e1   Thumb Code    60  stm32f1xx_hal_pcd_ex.o(i.HAL_PCDEx_PMAConfig)
    HAL_PCDEx_SetConnectionState             0x0800051d   Thumb Code     2  usbd_conf.o(i.HAL_PCDEx_SetConnectionState)
    HAL_PCD_DataInStageCallback              0x0800051f   Thumb Code    18  usbd_conf.o(i.HAL_PCD_DataInStageCallback)
    HAL_PCD_DataOutStageCallback             0x08000531   Thumb Code    20  usbd_conf.o(i.HAL_PCD_DataOutStageCallback)
    HAL_PCD_EP_Close                         0x08000545   Thumb Code    76  stm32f1xx_hal_pcd.o(i.HAL_PCD_EP_Close)
    HAL_PCD_EP_ClrStall                      0x08000591   Thumb Code    92  stm32f1xx_hal_pcd.o(i.HAL_PCD_EP_ClrStall)
    HAL_PCD_EP_GetRxCount                    0x08000a03   Thumb Code    18  stm32f1xx_hal_pcd.o(i.HAL_PCD_EP_GetRxCount)
    HAL_PCD_EP_Open                          0x08000a15   Thumb Code    96  stm32f1xx_hal_pcd.o(i.HAL_PCD_EP_Open)
    HAL_PCD_EP_Receive                       0x08000a75   Thumb Code    50  stm32f1xx_hal_pcd.o(i.HAL_PCD_EP_Receive)
    HAL_PCD_EP_SetStall                      0x08000aa7   Thumb Code   114  stm32f1xx_hal_pcd.o(i.HAL_PCD_EP_SetStall)
    HAL_PCD_EP_Transmit                      0x08000b19   Thumb Code    52  stm32f1xx_hal_pcd.o(i.HAL_PCD_EP_Transmit)
    HAL_PCD_IRQHandler                       0x08000b4d   Thumb Code   340  stm32f1xx_hal_pcd.o(i.HAL_PCD_IRQHandler)
    HAL_PCD_Init                             0x08000ca1   Thumb Code   218  stm32f1xx_hal_pcd.o(i.HAL_PCD_Init)
    HAL_PCD_MspInit                          0x08000d7d   Thumb Code    50  usbd_conf.o(i.HAL_PCD_MspInit)
    HAL_PCD_ResetCallback                    0x08000db9   Thumb Code    38  usbd_conf.o(i.HAL_PCD_ResetCallback)
    HAL_PCD_ResumeCallback                   0x08000ddf   Thumb Code     8  usbd_conf.o(i.HAL_PCD_ResumeCallback)
    HAL_PCD_SOFCallback                      0x08000de7   Thumb Code     8  usbd_conf.o(i.HAL_PCD_SOFCallback)
    HAL_PCD_SetAddress                       0x08000def   Thumb Code    40  stm32f1xx_hal_pcd.o(i.HAL_PCD_SetAddress)
    HAL_PCD_SetupStageCallback               0x08000e17   Thumb Code    14  usbd_conf.o(i.HAL_PCD_SetupStageCallback)
    HAL_PCD_Start                            0x08000e25   Thumb Code    50  stm32f1xx_hal_pcd.o(i.HAL_PCD_Start)
    HAL_PCD_SuspendCallback                  0x08000e59   Thumb Code    30  usbd_conf.o(i.HAL_PCD_SuspendCallback)
    HAL_SYSTICK_Config                       0x08000e7d   Thumb Code    40  stm32f1xx_hal_cortex.o(i.HAL_SYSTICK_Config)
    HardFault_Handler                        0x08000ea5   Thumb Code     2  stm32f1xx_it.o(i.HardFault_Handler)
    LL_EXTI_Init                             0x08000ef9   Thumb Code   156  stm32f1xx_ll_exti.o(i.LL_EXTI_Init)
    LL_GPIO_Init                             0x08000f99   Thumb Code   240  stm32f1xx_ll_gpio.o(i.LL_GPIO_Init)
    LL_RTC_EnterInitMode                     0x08001089   Thumb Code    66  stm32f1xx_ll_rtc.o(i.LL_RTC_EnterInitMode)
    LL_RTC_ExitInitMode                      0x080010cb   Thumb Code    66  stm32f1xx_ll_rtc.o(i.LL_RTC_ExitInitMode)
    LL_RTC_Init                              0x0800110d   Thumb Code   114  stm32f1xx_ll_rtc.o(i.LL_RTC_Init)
    LL_RTC_TIME_Init                         0x08001185   Thumb Code   132  stm32f1xx_ll_rtc.o(i.LL_RTC_TIME_Init)
    LL_RTC_WaitForSynchro                    0x08001209   Thumb Code    66  stm32f1xx_ll_rtc.o(i.LL_RTC_WaitForSynchro)
    LL_SPI_Init                              0x0800124b   Thumb Code    92  stm32f1xx_ll_spi.o(i.LL_SPI_Init)
    LL_SetSystemCoreClock                    0x080012a9   Thumb Code     6  stm32f1xx_ll_utils.o(i.LL_SetSystemCoreClock)
    MX_USB_DEVICE_Init                       0x080014ad   Thumb Code    66  usb_device.o(i.MX_USB_DEVICE_Init)
    MemManage_Handler                        0x08001501   Thumb Code     2  stm32f1xx_it.o(i.MemManage_Handler)
    NMI_Handler                              0x08001503   Thumb Code     2  stm32f1xx_it.o(i.NMI_Handler)
    PendSV_Handler                           0x08001819   Thumb Code     2  stm32f1xx_it.o(i.PendSV_Handler)
    SVC_Handler                              0x0800181b   Thumb Code     2  stm32f1xx_it.o(i.SVC_Handler)
    SysTick_Handler                          0x0800181d   Thumb Code     4  stm32f1xx_it.o(i.SysTick_Handler)
    SystemClock_Config                       0x08001821   Thumb Code   260  main.o(i.SystemClock_Config)
    SystemInit                               0x08001935   Thumb Code     2  system_stm32f1xx.o(i.SystemInit)
    USBD_CDC_GetDeviceQualifierDescriptor    0x08001a15   Thumb Code     8  usbd_cdc.o(i.USBD_CDC_GetDeviceQualifierDescriptor)
    USBD_CDC_ReceivePacket                   0x08001ad9   Thumb Code    40  usbd_cdc.o(i.USBD_CDC_ReceivePacket)
    USBD_CDC_RegisterInterface               0x08001b01   Thumb Code    16  usbd_cdc.o(i.USBD_CDC_RegisterInterface)
    USBD_CDC_SetRxBuffer                     0x08001b11   Thumb Code    12  usbd_cdc.o(i.USBD_CDC_SetRxBuffer)
    USBD_CDC_SetTxBuffer                     0x08001b1d   Thumb Code    16  usbd_cdc.o(i.USBD_CDC_SetTxBuffer)
    USBD_ClrClassConfig                      0x08001bd9   Thumb Code    14  usbd_core.o(i.USBD_ClrClassConfig)
    USBD_CtlContinueRx                       0x08001be7   Thumb Code    16  usbd_ioreq.o(i.USBD_CtlContinueRx)
    USBD_CtlContinueSendData                 0x08001bf7   Thumb Code    16  usbd_ioreq.o(i.USBD_CtlContinueSendData)
    USBD_CtlError                            0x08001c07   Thumb Code    22  usbd_ctlreq.o(i.USBD_CtlError)
    USBD_CtlPrepareRx                        0x08001c1d   Thumb Code    30  usbd_ioreq.o(i.USBD_CtlPrepareRx)
    USBD_CtlReceiveStatus                    0x08001c3b   Thumb Code    22  usbd_ioreq.o(i.USBD_CtlReceiveStatus)
    USBD_CtlSendData                         0x08001c51   Thumb Code    26  usbd_ioreq.o(i.USBD_CtlSendData)
    USBD_CtlSendStatus                       0x08001c6b   Thumb Code    22  usbd_ioreq.o(i.USBD_CtlSendStatus)
    USBD_FS_ConfigStrDescriptor              0x08001c81   Thumb Code    16  usbd_desc.o(i.USBD_FS_ConfigStrDescriptor)
    USBD_FS_DeviceDescriptor                 0x08001ca1   Thumb Code     8  usbd_desc.o(i.USBD_FS_DeviceDescriptor)
    USBD_FS_InterfaceStrDescriptor           0x08001cad   Thumb Code    16  usbd_desc.o(i.USBD_FS_InterfaceStrDescriptor)
    USBD_FS_LangIDStrDescriptor              0x08001cd1   Thumb Code     8  usbd_desc.o(i.USBD_FS_LangIDStrDescriptor)
    USBD_FS_ManufacturerStrDescriptor        0x08001cdd   Thumb Code    16  usbd_desc.o(i.USBD_FS_ManufacturerStrDescriptor)
    USBD_FS_ProductStrDescriptor             0x08001d05   Thumb Code    16  usbd_desc.o(i.USBD_FS_ProductStrDescriptor)
    USBD_FS_SerialStrDescriptor              0x08001d31   Thumb Code    48  usbd_desc.o(i.USBD_FS_SerialStrDescriptor)
    USBD_GetString                           0x08001e51   Thumb Code    72  usbd_ctlreq.o(i.USBD_GetString)
    USBD_Init                                0x08001eb1   Thumb Code    42  usbd_core.o(i.USBD_Init)
    USBD_LL_ClearStallEP                     0x08001edb   Thumb Code    18  usbd_conf.o(i.USBD_LL_ClearStallEP)
    USBD_LL_CloseEP                          0x08001eed   Thumb Code    18  usbd_conf.o(i.USBD_LL_CloseEP)
    USBD_LL_DataInStage                      0x08001eff   Thumb Code   198  usbd_core.o(i.USBD_LL_DataInStage)
    USBD_LL_DataOutStage                     0x08001fc5   Thumb Code   130  usbd_core.o(i.USBD_LL_DataOutStage)
    USBD_LL_GetRxDataSize                    0x08002047   Thumb Code     8  usbd_conf.o(i.USBD_LL_GetRxDataSize)
    USBD_LL_Init                             0x08002051   Thumb Code   118  usbd_conf.o(i.USBD_LL_Init)
    USBD_LL_IsStallEP                        0x080020d1   Thumb Code    32  usbd_conf.o(i.USBD_LL_IsStallEP)
    USBD_LL_OpenEP                           0x080020f1   Thumb Code    24  usbd_conf.o(i.USBD_LL_OpenEP)
    USBD_LL_PrepareReceive                   0x08002109   Thumb Code    18  usbd_conf.o(i.USBD_LL_PrepareReceive)
    USBD_LL_Reset                            0x0800211b   Thumb Code    80  usbd_core.o(i.USBD_LL_Reset)
    USBD_LL_Resume                           0x0800216b   Thumb Code    20  usbd_core.o(i.USBD_LL_Resume)
    USBD_LL_SOF                              0x0800217f   Thumb Code    24  usbd_core.o(i.USBD_LL_SOF)
    USBD_LL_SetSpeed                         0x08002197   Thumb Code     6  usbd_core.o(i.USBD_LL_SetSpeed)
    USBD_LL_SetUSBAddress                    0x0800219d   Thumb Code    18  usbd_conf.o(i.USBD_LL_SetUSBAddress)
    USBD_LL_SetupStage                       0x080021af   Thumb Code    90  usbd_core.o(i.USBD_LL_SetupStage)
    USBD_LL_StallEP                          0x08002209   Thumb Code    18  usbd_conf.o(i.USBD_LL_StallEP)
    USBD_LL_Start                            0x0800221b   Thumb Code    18  usbd_conf.o(i.USBD_LL_Start)
    USBD_LL_Suspend                          0x0800222d   Thumb Code    18  usbd_core.o(i.USBD_LL_Suspend)
    USBD_LL_Transmit                         0x0800223f   Thumb Code    18  usbd_conf.o(i.USBD_LL_Transmit)
    USBD_ParseSetupRequest                   0x08002251   Thumb Code    40  usbd_ctlreq.o(i.USBD_ParseSetupRequest)
    USBD_RegisterClass                       0x08002279   Thumb Code    16  usbd_core.o(i.USBD_RegisterClass)
    USBD_SetClassConfig                      0x08002289   Thumb Code    22  usbd_core.o(i.USBD_SetClassConfig)
    USBD_Start                               0x08002325   Thumb Code    10  usbd_core.o(i.USBD_Start)
    USBD_StdDevReq                           0x0800232f   Thumb Code   274  usbd_ctlreq.o(i.USBD_StdDevReq)
    USBD_StdEPReq                            0x08002441   Thumb Code   336  usbd_ctlreq.o(i.USBD_StdEPReq)
    USBD_StdItfReq                           0x08002591   Thumb Code    78  usbd_ctlreq.o(i.USBD_StdItfReq)
    USBD_static_free                         0x080025df   Thumb Code     2  usbd_conf.o(i.USBD_static_free)
    USBD_static_malloc                       0x080025e1   Thumb Code     4  usbd_conf.o(i.USBD_static_malloc)
    USB_ActivateEndpoint                     0x080025e9   Thumb Code   600  stm32f1xx_ll_usb.o(i.USB_ActivateEndpoint)
    USB_CoreInit                             0x08002841   Thumb Code     4  stm32f1xx_ll_usb.o(i.USB_CoreInit)
    USB_DeactivateEndpoint                   0x08002845   Thumb Code   270  stm32f1xx_ll_usb.o(i.USB_DeactivateEndpoint)
    USB_DevConnect                           0x08002953   Thumb Code     4  stm32f1xx_ll_usb.o(i.USB_DevConnect)
    USB_DevDisconnect                        0x08002957   Thumb Code     4  stm32f1xx_ll_usb.o(i.USB_DevDisconnect)
    USB_DevInit                              0x0800295b   Thumb Code    18  stm32f1xx_ll_usb.o(i.USB_DevInit)
    USB_DisableGlobalInt                     0x0800296d   Thumb Code    14  stm32f1xx_ll_usb.o(i.USB_DisableGlobalInt)
    USB_EP0_OutStart                         0x0800297b   Thumb Code     4  stm32f1xx_ll_usb.o(i.USB_EP0_OutStart)
    USB_EPClearStall                         0x0800297f   Thumb Code   120  stm32f1xx_ll_usb.o(i.USB_EPClearStall)
    USB_EPSetStall                           0x080029f7   Thumb Code    50  stm32f1xx_ll_usb.o(i.USB_EPSetStall)
    USB_EPStartXfer                          0x08002a29   Thumb Code  1548  stm32f1xx_ll_usb.o(i.USB_EPStartXfer)
    USB_EnableGlobalInt                      0x08003035   Thumb Code    18  stm32f1xx_ll_usb.o(i.USB_EnableGlobalInt)
    USB_LP_CAN1_RX0_IRQHandler               0x08003049   Thumb Code     6  stm32f1xx_it.o(i.USB_LP_CAN1_RX0_IRQHandler)
    USB_ReadInterrupts                       0x08003055   Thumb Code     6  stm32f1xx_ll_usb.o(i.USB_ReadInterrupts)
    USB_ReadPMA                              0x0800305d   Thumb Code    44  stm32f1xx_ll_usb.o(i.USB_ReadPMA)
    USB_SetCurrentMode                       0x08003089   Thumb Code     4  stm32f1xx_ll_usb.o(i.USB_SetCurrentMode)
    USB_SetDevAddress                        0x0800308d   Thumb Code    12  stm32f1xx_ll_usb.o(i.USB_SetDevAddress)
    USB_WritePMA                             0x08003099   Thumb Code    38  stm32f1xx_ll_usb.o(i.USB_WritePMA)
    UsageFault_Handler                       0x080030bf   Thumb Code     2  stm32f1xx_it.o(i.UsageFault_Handler)
    main                                     0x080030e1   Thumb Code    96  main.o(i.main)
    Region$$Table$$Base                      0x0800314c   Number         0  anon$$obj.o(Region$$Table)
    Region$$Table$$Limit                     0x0800316c   Number         0  anon$$obj.o(Region$$Table)
    FS_Desc                                  0x20000000   Data          28  usbd_desc.o(.data)
    USBD_LangIDDesc                          0x2000001c   Data           4  usbd_desc.o(.data)
    USBD_FS_DeviceDesc                       0x20000020   Data          18  usbd_desc.o(.data)
    USBD_StringSerial                        0x20000034   Data          26  usbd_desc.o(.data)
    USBD_Interface_fops_FS                   0x20000050   Data          16  usbd_cdc_if.o(.data)
    uwTickFreq                               0x20000060   Data           1  stm32f1xx_hal.o(.data)
    uwTickPrio                               0x20000064   Data           4  stm32f1xx_hal.o(.data)
    uwTick                                   0x20000068   Data           4  stm32f1xx_hal.o(.data)
    SystemCoreClock                          0x2000006c   Data           4  system_stm32f1xx.o(.data)
    USBD_CDC_CfgHSDesc                       0x20000080   Data          67  usbd_cdc.o(.data)
    USBD_CDC_CfgFSDesc                       0x200000c4   Data          67  usbd_cdc.o(.data)
    USBD_CDC_OtherSpeedCfgDesc               0x20000108   Data          67  usbd_cdc.o(.data)
    USBD_CDC                                 0x2000014c   Data          56  usbd_cdc.o(.data)
    hUsbDeviceFS                             0x20000184   Data         708  usb_device.o(.bss)
    USBD_StrDesc                             0x20000448   Data         256  usbd_desc.o(.bss)
    UserRxBufferFS                           0x20000548   Data          64  usbd_cdc_if.o(.bss)
    UserTxBufferFS                           0x20000588   Data          64  usbd_cdc_if.o(.bss)
    hpcd_USB_FS                              0x200006e8   Data         748  usbd_conf.o(.bss)
    __libspace_start                         0x200009d4   Data          96  libspace.o(.bss)
    __temporary_stack_top$libspace           0x20000a34   Data           0  libspace.o(.bss)



==============================================================================

Memory Map of the image

  Image Entry point : 0x080000ed

  Load Region LR_IROM1 (Base: 0x08000000, Size: 0x000032f0, Max: 0x00010000, ABSOLUTE, COMPRESSED[0x0000322c])

    Execution Region ER_IROM1 (Exec base: 0x08000000, Load base: 0x08000000, Size: 0x0000316c, Max: 0x00010000, ABSOLUTE)

    Exec Addr    Load Addr    Size         Type   Attr      Idx    E Section Name        Object

    0x08000000   0x08000000   0x000000ec   Data   RO            3    RESET               startup_stm32f103xb.o
    0x080000ec   0x080000ec   0x00000008   Code   RO         3231  * !!!main             c_w.l(__main.o)
    0x080000f4   0x080000f4   0x00000034   Code   RO         3392    !!!scatter          c_w.l(__scatter.o)
    0x08000128   0x08000128   0x0000005a   Code   RO         3390    !!dczerorl2         c_w.l(__dczerorl2.o)
    0x08000182   0x08000182   0x00000002   PAD
    0x08000184   0x08000184   0x0000001c   Code   RO         3394    !!handler_zi        c_w.l(__scatter_zi.o)
    0x080001a0   0x080001a0   0x00000002   Code   RO         3258    .ARM.Collect$$libinit$$00000000  c_w.l(libinit.o)
    0x080001a2   0x080001a2   0x00000000   Code   RO         3265    .ARM.Collect$$libinit$$00000002  c_w.l(libinit2.o)
    0x080001a2   0x080001a2   0x00000000   Code   RO         3267    .ARM.Collect$$libinit$$00000004  c_w.l(libinit2.o)
    0x080001a2   0x080001a2   0x00000000   Code   RO         3270    .ARM.Collect$$libinit$$0000000A  c_w.l(libinit2.o)
    0x080001a2   0x080001a2   0x00000000   Code   RO         3272    .ARM.Collect$$libinit$$0000000C  c_w.l(libinit2.o)
    0x080001a2   0x080001a2   0x00000000   Code   RO         3274    .ARM.Collect$$libinit$$0000000E  c_w.l(libinit2.o)
    0x080001a2   0x080001a2   0x00000000   Code   RO         3277    .ARM.Collect$$libinit$$00000011  c_w.l(libinit2.o)
    0x080001a2   0x080001a2   0x00000000   Code   RO         3279    .ARM.Collect$$libinit$$00000013  c_w.l(libinit2.o)
    0x080001a2   0x080001a2   0x00000000   Code   RO         3281    .ARM.Collect$$libinit$$00000015  c_w.l(libinit2.o)
    0x080001a2   0x080001a2   0x00000000   Code   RO         3283    .ARM.Collect$$libinit$$00000017  c_w.l(libinit2.o)
    0x080001a2   0x080001a2   0x00000000   Code   RO         3285    .ARM.Collect$$libinit$$00000019  c_w.l(libinit2.o)
    0x080001a2   0x080001a2   0x00000000   Code   RO         3287    .ARM.Collect$$libinit$$0000001B  c_w.l(libinit2.o)
    0x080001a2   0x080001a2   0x00000000   Code   RO         3289    .ARM.Collect$$libinit$$0000001D  c_w.l(libinit2.o)
    0x080001a2   0x080001a2   0x00000000   Code   RO         3291    .ARM.Collect$$libinit$$0000001F  c_w.l(libinit2.o)
    0x080001a2   0x080001a2   0x00000000   Code   RO         3293    .ARM.Collect$$libinit$$00000021  c_w.l(libinit2.o)
    0x080001a2   0x080001a2   0x00000000   Code   RO         3295    .ARM.Collect$$libinit$$00000023  c_w.l(libinit2.o)
    0x080001a2   0x080001a2   0x00000000   Code   RO         3297    .ARM.Collect$$libinit$$00000025  c_w.l(libinit2.o)
    0x080001a2   0x080001a2   0x00000000   Code   RO         3301    .ARM.Collect$$libinit$$0000002C  c_w.l(libinit2.o)
    0x080001a2   0x080001a2   0x00000000   Code   RO         3303    .ARM.Collect$$libinit$$0000002E  c_w.l(libinit2.o)
    0x080001a2   0x080001a2   0x00000000   Code   RO         3305    .ARM.Collect$$libinit$$00000030  c_w.l(libinit2.o)
    0x080001a2   0x080001a2   0x00000000   Code   RO         3307    .ARM.Collect$$libinit$$00000032  c_w.l(libinit2.o)
    0x080001a2   0x080001a2   0x00000002   Code   RO         3308    .ARM.Collect$$libinit$$00000033  c_w.l(libinit2.o)
    0x080001a4   0x080001a4   0x00000002   Code   RO         3328    .ARM.Collect$$libshutdown$$00000000  c_w.l(libshutdown.o)
    0x080001a6   0x080001a6   0x00000000   Code   RO         3341    .ARM.Collect$$libshutdown$$00000002  c_w.l(libshutdown2.o)
    0x080001a6   0x080001a6   0x00000000   Code   RO         3343    .ARM.Collect$$libshutdown$$00000004  c_w.l(libshutdown2.o)
    0x080001a6   0x080001a6   0x00000000   Code   RO         3345    .ARM.Collect$$libshutdown$$00000006  c_w.l(libshutdown2.o)
    0x080001a6   0x080001a6   0x00000000   Code   RO         3348    .ARM.Collect$$libshutdown$$00000009  c_w.l(libshutdown2.o)
    0x080001a6   0x080001a6   0x00000000   Code   RO         3351    .ARM.Collect$$libshutdown$$0000000C  c_w.l(libshutdown2.o)
    0x080001a6   0x080001a6   0x00000000   Code   RO         3353    .ARM.Collect$$libshutdown$$0000000E  c_w.l(libshutdown2.o)
    0x080001a6   0x080001a6   0x00000000   Code   RO         3356    .ARM.Collect$$libshutdown$$00000011  c_w.l(libshutdown2.o)
    0x080001a6   0x080001a6   0x00000002   Code   RO         3357    .ARM.Collect$$libshutdown$$00000012  c_w.l(libshutdown2.o)
    0x080001a8   0x080001a8   0x00000000   Code   RO         3233    .ARM.Collect$$rtentry$$00000000  c_w.l(__rtentry.o)
    0x080001a8   0x080001a8   0x00000000   Code   RO         3235    .ARM.Collect$$rtentry$$00000002  c_w.l(__rtentry2.o)
    0x080001a8   0x080001a8   0x00000006   Code   RO         3247    .ARM.Collect$$rtentry$$00000004  c_w.l(__rtentry4.o)
    0x080001ae   0x080001ae   0x00000000   Code   RO         3237    .ARM.Collect$$rtentry$$00000009  c_w.l(__rtentry2.o)
    0x080001ae   0x080001ae   0x00000004   Code   RO         3238    .ARM.Collect$$rtentry$$0000000A  c_w.l(__rtentry2.o)
    0x080001b2   0x080001b2   0x00000000   Code   RO         3240    .ARM.Collect$$rtentry$$0000000C  c_w.l(__rtentry2.o)
    0x080001b2   0x080001b2   0x00000008   Code   RO         3241    .ARM.Collect$$rtentry$$0000000D  c_w.l(__rtentry2.o)
    0x080001ba   0x080001ba   0x00000002   Code   RO         3262    .ARM.Collect$$rtexit$$00000000  c_w.l(rtexit.o)
    0x080001bc   0x080001bc   0x00000000   Code   RO         3310    .ARM.Collect$$rtexit$$00000002  c_w.l(rtexit2.o)
    0x080001bc   0x080001bc   0x00000004   Code   RO         3311    .ARM.Collect$$rtexit$$00000003  c_w.l(rtexit2.o)
    0x080001c0   0x080001c0   0x00000006   Code   RO         3312    .ARM.Collect$$rtexit$$00000004  c_w.l(rtexit2.o)
    0x080001c6   0x080001c6   0x00000002   PAD
    0x080001c8   0x080001c8   0x00000040   Code   RO            4    .text               startup_stm32f103xb.o
    0x08000208   0x08000208   0x00000064   Code   RO         3225    .text               c_w.l(rt_memcpy_w.o)
    0x0800026c   0x0800026c   0x0000004e   Code   RO         3227    .text               c_w.l(rt_memclr_w.o)
    0x080002ba   0x080002ba   0x00000006   Code   RO         3229    .text               c_w.l(heapauxi.o)
    0x080002c0   0x080002c0   0x0000004a   Code   RO         3249    .text               c_w.l(sys_stackheap_outer.o)
    0x0800030a   0x0800030a   0x00000012   Code   RO         3251    .text               c_w.l(exit.o)
    0x0800031c   0x0800031c   0x00000008   Code   RO         3259    .text               c_w.l(libspace.o)
    0x08000324   0x08000324   0x0000000c   Code   RO         3320    .text               c_w.l(sys_exit.o)
    0x08000330   0x08000330   0x00000002   Code   RO         3331    .text               c_w.l(use_no_semi.o)
    0x08000332   0x08000332   0x00000000   Code   RO         3333    .text               c_w.l(indicate_semi.o)
    0x08000332   0x08000332   0x00000002   Code   RO          393    i.BusFault_Handler  stm32f1xx_it.o
    0x08000334   0x08000334   0x00000004   Code   RO          631    i.CDC_Control_FS    usbd_cdc_if.o
    0x08000338   0x08000338   0x00000004   Code   RO          632    i.CDC_DeInit_FS     usbd_cdc_if.o
    0x0800033c   0x0800033c   0x00000024   Code   RO          633    i.CDC_Init_FS       usbd_cdc_if.o
    0x08000360   0x08000360   0x00000018   Code   RO          634    i.CDC_Receive_FS    usbd_cdc_if.o
    0x08000378   0x08000378   0x00000002   Code   RO          394    i.DebugMon_Handler  stm32f1xx_it.o
    0x0800037a   0x0800037a   0x00000002   PAD
    0x0800037c   0x0800037c   0x0000001c   Code   RO          261    i.DelayMicro2       main.o
    0x08000398   0x08000398   0x00000014   Code   RO          395    i.EXTI2_IRQHandler  stm32f1xx_it.o
    0x080003ac   0x080003ac   0x00000004   Code   RO          262    i.Error_Handler     main.o
    0x080003b0   0x080003b0   0x00000010   Code   RO         1644    i.HAL_IncTick       stm32f1xx_hal.o
    0x080003c0   0x080003c0   0x00000024   Code   RO         1645    i.HAL_Init          stm32f1xx_hal.o
    0x080003e4   0x080003e4   0x00000040   Code   RO         1646    i.HAL_InitTick      stm32f1xx_hal.o
    0x08000424   0x08000424   0x0000003c   Code   RO          490    i.HAL_MspInit       stm32f1xx_hal_msp.o
    0x08000460   0x08000460   0x0000001a   Code   RO         2102    i.HAL_NVIC_EnableIRQ  stm32f1xx_hal_cortex.o
    0x0800047a   0x0800047a   0x00000002   PAD
    0x0800047c   0x0800047c   0x00000040   Code   RO         2108    i.HAL_NVIC_SetPriority  stm32f1xx_hal_cortex.o
    0x080004bc   0x080004bc   0x00000024   Code   RO         2109    i.HAL_NVIC_SetPriorityGrouping  stm32f1xx_hal_cortex.o
    0x080004e0   0x080004e0   0x0000003c   Code   RO         1216    i.HAL_PCDEx_PMAConfig  stm32f1xx_hal_pcd_ex.o
    0x0800051c   0x0800051c   0x00000002   Code   RO          683    i.HAL_PCDEx_SetConnectionState  usbd_conf.o
    0x0800051e   0x0800051e   0x00000012   Code   RO          685    i.HAL_PCD_DataInStageCallback  usbd_conf.o
    0x08000530   0x08000530   0x00000014   Code   RO          686    i.HAL_PCD_DataOutStageCallback  usbd_conf.o
    0x08000544   0x08000544   0x0000004c   Code   RO          992    i.HAL_PCD_EP_Close  stm32f1xx_hal_pcd.o
    0x08000590   0x08000590   0x0000005c   Code   RO          993    i.HAL_PCD_EP_ClrStall  stm32f1xx_hal_pcd.o
    0x080005ec   0x080005ec   0x000000e6   Code   RO          994    i.HAL_PCD_EP_DB_Receive  stm32f1xx_hal_pcd.o
    0x080006d2   0x080006d2   0x00000330   Code   RO          995    i.HAL_PCD_EP_DB_Transmit  stm32f1xx_hal_pcd.o
    0x08000a02   0x08000a02   0x00000012   Code   RO          997    i.HAL_PCD_EP_GetRxCount  stm32f1xx_hal_pcd.o
    0x08000a14   0x08000a14   0x00000060   Code   RO          998    i.HAL_PCD_EP_Open   stm32f1xx_hal_pcd.o
    0x08000a74   0x08000a74   0x00000032   Code   RO          999    i.HAL_PCD_EP_Receive  stm32f1xx_hal_pcd.o
    0x08000aa6   0x08000aa6   0x00000072   Code   RO         1000    i.HAL_PCD_EP_SetStall  stm32f1xx_hal_pcd.o
    0x08000b18   0x08000b18   0x00000034   Code   RO         1001    i.HAL_PCD_EP_Transmit  stm32f1xx_hal_pcd.o
    0x08000b4c   0x08000b4c   0x00000154   Code   RO         1003    i.HAL_PCD_IRQHandler  stm32f1xx_hal_pcd.o
    0x08000ca0   0x08000ca0   0x000000da   Code   RO         1006    i.HAL_PCD_Init      stm32f1xx_hal_pcd.o
    0x08000d7a   0x08000d7a   0x00000002   PAD
    0x08000d7c   0x08000d7c   0x0000003c   Code   RO          691    i.HAL_PCD_MspInit   usbd_conf.o
    0x08000db8   0x08000db8   0x00000026   Code   RO          692    i.HAL_PCD_ResetCallback  usbd_conf.o
    0x08000dde   0x08000dde   0x00000008   Code   RO          693    i.HAL_PCD_ResumeCallback  usbd_conf.o
    0x08000de6   0x08000de6   0x00000008   Code   RO          694    i.HAL_PCD_SOFCallback  usbd_conf.o
    0x08000dee   0x08000dee   0x00000028   Code   RO         1012    i.HAL_PCD_SetAddress  stm32f1xx_hal_pcd.o
    0x08000e16   0x08000e16   0x0000000e   Code   RO          695    i.HAL_PCD_SetupStageCallback  usbd_conf.o
    0x08000e24   0x08000e24   0x00000032   Code   RO         1014    i.HAL_PCD_Start     stm32f1xx_hal_pcd.o
    0x08000e56   0x08000e56   0x00000002   PAD
    0x08000e58   0x08000e58   0x00000024   Code   RO          696    i.HAL_PCD_SuspendCallback  usbd_conf.o
    0x08000e7c   0x08000e7c   0x00000028   Code   RO         2113    i.HAL_SYSTICK_Config  stm32f1xx_hal_cortex.o
    0x08000ea4   0x08000ea4   0x00000002   Code   RO          396    i.HardFault_Handler  stm32f1xx_it.o
    0x08000ea6   0x08000ea6   0x00000002   PAD
    0x08000ea8   0x08000ea8   0x00000038   Code   RO          545    i.IntToUnicode      usbd_desc.o
    0x08000ee0   0x08000ee0   0x00000018   Code   RO          263    i.LL_APB2_GRP1_EnableClock  main.o
    0x08000ef8   0x08000ef8   0x000000a0   Code   RO         1589    i.LL_EXTI_Init      stm32f1xx_ll_exti.o
    0x08000f98   0x08000f98   0x000000f0   Code   RO          934    i.LL_GPIO_Init      stm32f1xx_ll_gpio.o
    0x08001088   0x08001088   0x00000042   Code   RO         2606    i.LL_RTC_EnterInitMode  stm32f1xx_ll_rtc.o
    0x080010ca   0x080010ca   0x00000042   Code   RO         2607    i.LL_RTC_ExitInitMode  stm32f1xx_ll_rtc.o
    0x0800110c   0x0800110c   0x00000078   Code   RO         2608    i.LL_RTC_Init       stm32f1xx_ll_rtc.o
    0x08001184   0x08001184   0x00000084   Code   RO         2610    i.LL_RTC_TIME_Init  stm32f1xx_ll_rtc.o
    0x08001208   0x08001208   0x00000042   Code   RO         2613    i.LL_RTC_WaitForSynchro  stm32f1xx_ll_rtc.o
    0x0800124a   0x0800124a   0x0000005c   Code   RO         2699    i.LL_SPI_Init       stm32f1xx_ll_spi.o
    0x080012a6   0x080012a6   0x00000002   PAD
    0x080012a8   0x080012a8   0x0000000c   Code   RO         1513    i.LL_SetSystemCoreClock  stm32f1xx_ll_utils.o
    0x080012b4   0x080012b4   0x00000100   Code   RO          264    i.MX_GPIO_Init      main.o
    0x080013b4   0x080013b4   0x00000074   Code   RO          265    i.MX_RTC_Init       main.o
    0x08001428   0x08001428   0x00000084   Code   RO          266    i.MX_SPI1_Init      main.o
    0x080014ac   0x080014ac   0x00000054   Code   RO          514    i.MX_USB_DEVICE_Init  usb_device.o
    0x08001500   0x08001500   0x00000002   Code   RO          397    i.MemManage_Handler  stm32f1xx_it.o
    0x08001502   0x08001502   0x00000002   Code   RO          398    i.NMI_Handler       stm32f1xx_it.o
    0x08001504   0x08001504   0x00000314   Code   RO         1018    i.PCD_EP_ISR_Handler  stm32f1xx_hal_pcd.o
    0x08001818   0x08001818   0x00000002   Code   RO          399    i.PendSV_Handler    stm32f1xx_it.o
    0x0800181a   0x0800181a   0x00000002   Code   RO          400    i.SVC_Handler       stm32f1xx_it.o
    0x0800181c   0x0800181c   0x00000004   Code   RO          401    i.SysTick_Handler   stm32f1xx_it.o
    0x08001820   0x08001820   0x00000114   Code   RO          267    i.SystemClock_Config  main.o
    0x08001934   0x08001934   0x00000002   Code   RO         2818    i.SystemInit        system_stm32f1xx.o
    0x08001936   0x08001936   0x00000046   Code   RO         3118    i.USBD_CDC_DataIn   usbd_cdc.o
    0x0800197c   0x0800197c   0x0000002e   Code   RO         3119    i.USBD_CDC_DataOut  usbd_cdc.o
    0x080019aa   0x080019aa   0x00000044   Code   RO         3120    i.USBD_CDC_DeInit   usbd_cdc.o
    0x080019ee   0x080019ee   0x00000024   Code   RO         3121    i.USBD_CDC_EP0_RxReady  usbd_cdc.o
    0x08001a12   0x08001a12   0x00000002   PAD
    0x08001a14   0x08001a14   0x0000000c   Code   RO         3122    i.USBD_CDC_GetDeviceQualifierDescriptor  usbd_cdc.o
    0x08001a20   0x08001a20   0x0000000c   Code   RO         3123    i.USBD_CDC_GetFSCfgDesc  usbd_cdc.o
    0x08001a2c   0x08001a2c   0x0000000c   Code   RO         3124    i.USBD_CDC_GetHSCfgDesc  usbd_cdc.o
    0x08001a38   0x08001a38   0x0000000c   Code   RO         3125    i.USBD_CDC_GetOtherSpeedCfgDesc  usbd_cdc.o
    0x08001a44   0x08001a44   0x00000094   Code   RO         3126    i.USBD_CDC_Init     usbd_cdc.o
    0x08001ad8   0x08001ad8   0x00000028   Code   RO         3127    i.USBD_CDC_ReceivePacket  usbd_cdc.o
    0x08001b00   0x08001b00   0x00000010   Code   RO         3128    i.USBD_CDC_RegisterInterface  usbd_cdc.o
    0x08001b10   0x08001b10   0x0000000c   Code   RO         3129    i.USBD_CDC_SetRxBuffer  usbd_cdc.o
    0x08001b1c   0x08001b1c   0x00000010   Code   RO         3130    i.USBD_CDC_SetTxBuffer  usbd_cdc.o
    0x08001b2c   0x08001b2c   0x000000ac   Code   RO         3131    i.USBD_CDC_Setup    usbd_cdc.o
    0x08001bd8   0x08001bd8   0x0000000e   Code   RO         2855    i.USBD_ClrClassConfig  usbd_core.o
    0x08001be6   0x08001be6   0x00000010   Code   RO         3058    i.USBD_CtlContinueRx  usbd_ioreq.o
    0x08001bf6   0x08001bf6   0x00000010   Code   RO         3059    i.USBD_CtlContinueSendData  usbd_ioreq.o
    0x08001c06   0x08001c06   0x00000016   Code   RO         2993    i.USBD_CtlError     usbd_ctlreq.o
    0x08001c1c   0x08001c1c   0x0000001e   Code   RO         3060    i.USBD_CtlPrepareRx  usbd_ioreq.o
    0x08001c3a   0x08001c3a   0x00000016   Code   RO         3061    i.USBD_CtlReceiveStatus  usbd_ioreq.o
    0x08001c50   0x08001c50   0x0000001a   Code   RO         3062    i.USBD_CtlSendData  usbd_ioreq.o
    0x08001c6a   0x08001c6a   0x00000016   Code   RO         3063    i.USBD_CtlSendStatus  usbd_ioreq.o
    0x08001c80   0x08001c80   0x00000020   Code   RO          546    i.USBD_FS_ConfigStrDescriptor  usbd_desc.o
    0x08001ca0   0x08001ca0   0x0000000c   Code   RO          547    i.USBD_FS_DeviceDescriptor  usbd_desc.o
    0x08001cac   0x08001cac   0x00000024   Code   RO          548    i.USBD_FS_InterfaceStrDescriptor  usbd_desc.o
    0x08001cd0   0x08001cd0   0x0000000c   Code   RO          549    i.USBD_FS_LangIDStrDescriptor  usbd_desc.o
    0x08001cdc   0x08001cdc   0x00000028   Code   RO          550    i.USBD_FS_ManufacturerStrDescriptor  usbd_desc.o
    0x08001d04   0x08001d04   0x0000002c   Code   RO          551    i.USBD_FS_ProductStrDescriptor  usbd_desc.o
    0x08001d30   0x08001d30   0x00000038   Code   RO          552    i.USBD_FS_SerialStrDescriptor  usbd_desc.o
    0x08001d68   0x08001d68   0x000000e8   Code   RO         2994    i.USBD_GetDescriptor  usbd_ctlreq.o
    0x08001e50   0x08001e50   0x00000048   Code   RO         2995    i.USBD_GetString    usbd_ctlreq.o
    0x08001e98   0x08001e98   0x00000018   Code   RO          697    i.USBD_Get_USB_Status  usbd_conf.o
    0x08001eb0   0x08001eb0   0x0000002a   Code   RO         2857    i.USBD_Init         usbd_core.o
    0x08001eda   0x08001eda   0x00000012   Code   RO          698    i.USBD_LL_ClearStallEP  usbd_conf.o
    0x08001eec   0x08001eec   0x00000012   Code   RO          699    i.USBD_LL_CloseEP   usbd_conf.o
    0x08001efe   0x08001efe   0x000000c6   Code   RO         2858    i.USBD_LL_DataInStage  usbd_core.o
    0x08001fc4   0x08001fc4   0x00000082   Code   RO         2859    i.USBD_LL_DataOutStage  usbd_core.o
    0x08002046   0x08002046   0x00000008   Code   RO          703    i.USBD_LL_GetRxDataSize  usbd_conf.o
    0x0800204e   0x0800204e   0x00000002   PAD
    0x08002050   0x08002050   0x00000080   Code   RO          704    i.USBD_LL_Init      usbd_conf.o
    0x080020d0   0x080020d0   0x00000020   Code   RO          705    i.USBD_LL_IsStallEP  usbd_conf.o
    0x080020f0   0x080020f0   0x00000018   Code   RO          706    i.USBD_LL_OpenEP    usbd_conf.o
    0x08002108   0x08002108   0x00000012   Code   RO          707    i.USBD_LL_PrepareReceive  usbd_conf.o
    0x0800211a   0x0800211a   0x00000050   Code   RO         2864    i.USBD_LL_Reset     usbd_core.o
    0x0800216a   0x0800216a   0x00000014   Code   RO         2865    i.USBD_LL_Resume    usbd_core.o
    0x0800217e   0x0800217e   0x00000018   Code   RO         2866    i.USBD_LL_SOF       usbd_core.o
    0x08002196   0x08002196   0x00000006   Code   RO         2867    i.USBD_LL_SetSpeed  usbd_core.o
    0x0800219c   0x0800219c   0x00000012   Code   RO          708    i.USBD_LL_SetUSBAddress  usbd_conf.o
    0x080021ae   0x080021ae   0x0000005a   Code   RO         2868    i.USBD_LL_SetupStage  usbd_core.o
    0x08002208   0x08002208   0x00000012   Code   RO          709    i.USBD_LL_StallEP   usbd_conf.o
    0x0800221a   0x0800221a   0x00000012   Code   RO          710    i.USBD_LL_Start     usbd_conf.o
    0x0800222c   0x0800222c   0x00000012   Code   RO         2869    i.USBD_LL_Suspend   usbd_core.o
    0x0800223e   0x0800223e   0x00000012   Code   RO          712    i.USBD_LL_Transmit  usbd_conf.o
    0x08002250   0x08002250   0x00000028   Code   RO         2996    i.USBD_ParseSetupRequest  usbd_ctlreq.o
    0x08002278   0x08002278   0x00000010   Code   RO         2870    i.USBD_RegisterClass  usbd_core.o
    0x08002288   0x08002288   0x00000016   Code   RO         2872    i.USBD_SetClassConfig  usbd_core.o
    0x0800229e   0x0800229e   0x00000002   PAD
    0x080022a0   0x080022a0   0x00000084   Code   RO         2997    i.USBD_SetConfig    usbd_ctlreq.o
    0x08002324   0x08002324   0x0000000a   Code   RO         2873    i.USBD_Start        usbd_core.o
    0x0800232e   0x0800232e   0x00000112   Code   RO         2998    i.USBD_StdDevReq    usbd_ctlreq.o
    0x08002440   0x08002440   0x00000150   Code   RO         2999    i.USBD_StdEPReq     usbd_ctlreq.o
    0x08002590   0x08002590   0x0000004e   Code   RO         3000    i.USBD_StdItfReq    usbd_ctlreq.o
    0x080025de   0x080025de   0x00000002   Code   RO          713    i.USBD_static_free  usbd_conf.o
    0x080025e0   0x080025e0   0x00000008   Code   RO          714    i.USBD_static_malloc  usbd_conf.o
    0x080025e8   0x080025e8   0x00000258   Code   RO         1256    i.USB_ActivateEndpoint  stm32f1xx_ll_usb.o
    0x08002840   0x08002840   0x00000004   Code   RO         1259    i.USB_CoreInit      stm32f1xx_ll_usb.o
    0x08002844   0x08002844   0x0000010e   Code   RO         1261    i.USB_DeactivateEndpoint  stm32f1xx_ll_usb.o
    0x08002952   0x08002952   0x00000004   Code   RO         1262    i.USB_DevConnect    stm32f1xx_ll_usb.o
    0x08002956   0x08002956   0x00000004   Code   RO         1263    i.USB_DevDisconnect  stm32f1xx_ll_usb.o
    0x0800295a   0x0800295a   0x00000012   Code   RO         1264    i.USB_DevInit       stm32f1xx_ll_usb.o
    0x0800296c   0x0800296c   0x0000000e   Code   RO         1265    i.USB_DisableGlobalInt  stm32f1xx_ll_usb.o
    0x0800297a   0x0800297a   0x00000004   Code   RO         1266    i.USB_EP0_OutStart  stm32f1xx_ll_usb.o
    0x0800297e   0x0800297e   0x00000078   Code   RO         1267    i.USB_EPClearStall  stm32f1xx_ll_usb.o
    0x080029f6   0x080029f6   0x00000032   Code   RO         1268    i.USB_EPSetStall    stm32f1xx_ll_usb.o
    0x08002a28   0x08002a28   0x0000060c   Code   RO         1269    i.USB_EPStartXfer   stm32f1xx_ll_usb.o
    0x08003034   0x08003034   0x00000012   Code   RO         1270    i.USB_EnableGlobalInt  stm32f1xx_ll_usb.o
    0x08003046   0x08003046   0x00000002   PAD
    0x08003048   0x08003048   0x0000000c   Code   RO          402    i.USB_LP_CAN1_RX0_IRQHandler  stm32f1xx_it.o
    0x08003054   0x08003054   0x00000006   Code   RO         1277    i.USB_ReadInterrupts  stm32f1xx_ll_usb.o
    0x0800305a   0x0800305a   0x00000002   PAD
    0x0800305c   0x0800305c   0x0000002c   Code   RO         1278    i.USB_ReadPMA       stm32f1xx_ll_usb.o
    0x08003088   0x08003088   0x00000004   Code   RO         1279    i.USB_SetCurrentMode  stm32f1xx_ll_usb.o
    0x0800308c   0x0800308c   0x0000000c   Code   RO         1280    i.USB_SetDevAddress  stm32f1xx_ll_usb.o
    0x08003098   0x08003098   0x00000026   Code   RO         1282    i.USB_WritePMA      stm32f1xx_ll_usb.o
    0x080030be   0x080030be   0x00000002   Code   RO          403    i.UsageFault_Handler  stm32f1xx_it.o
    0x080030c0   0x080030c0   0x00000020   Code   RO         2115    i.__NVIC_SetPriority  stm32f1xx_hal_cortex.o
    0x080030e0   0x080030e0   0x0000006c   Code   RO          268    i.main              main.o
    0x0800314c   0x0800314c   0x00000020   Data   RO         3388    Region$$Table       anon$$obj.o


    Execution Region RW_IRAM1 (Exec base: 0x20000000, Load base: 0x0800316c, Size: 0x00001038, Max: 0x00005000, ABSOLUTE, COMPRESSED[0x000000c0])

    Exec Addr    Load Addr    Size         Type   Attr      Idx    E Section Name        Object

    0x20000000   COMPRESSED   0x0000001c   Data   RW          554    .data               usbd_desc.o
    0x2000001c   COMPRESSED   0x00000032   Data   RW          555    .data               usbd_desc.o
    0x2000004e   COMPRESSED   0x00000002   PAD
    0x20000050   COMPRESSED   0x00000010   Data   RW          637    .data               usbd_cdc_if.o
    0x20000060   COMPRESSED   0x0000000c   Data   RW         1652    .data               stm32f1xx_hal.o
    0x2000006c   COMPRESSED   0x00000004   Data   RW         2821    .data               system_stm32f1xx.o
    0x20000070   COMPRESSED   0x00000001   Data   RW         3001    .data               usbd_ctlreq.o
    0x20000071   COMPRESSED   0x00000003   PAD
    0x20000074   COMPRESSED   0x000000d7   Data   RW         3133    .data               usbd_cdc.o
    0x2000014b   COMPRESSED   0x00000001   PAD
    0x2000014c   COMPRESSED   0x00000038   Data   RW         3134    .data               usbd_cdc.o
    0x20000184        -       0x000002c4   Zero   RW          515    .bss                usb_device.o
    0x20000448        -       0x00000100   Zero   RW          553    .bss                usbd_desc.o
    0x20000548        -       0x00000080   Zero   RW          636    .bss                usbd_cdc_if.o
    0x200005c8        -       0x0000040c   Zero   RW          715    .bss                usbd_conf.o
    0x200009d4        -       0x00000060   Zero   RW         3260    .bss                c_w.l(libspace.o)
    0x20000a34   COMPRESSED   0x00000004   PAD
    0x20000a38        -       0x00000200   Zero   RW            2    HEAP                startup_stm32f103xb.o
    0x20000c38        -       0x00000400   Zero   RW            1    STACK               startup_stm32f103xb.o


==============================================================================

Image component sizes


      Code (inc. data)   RO Data    RW Data    ZI Data      Debug   Object Name

       944         92          0          0          0      72638   main.o
         0          0          0          0          0     360372   nrf24.o
        64         26        236          0       1536        780   startup_stm32f103xb.o
       116         18          0         12          0       4615   stm32f1xx_hal.o
       198         14          0          0          0      28755   stm32f1xx_hal_cortex.o
        60          8          0          0          0        810   stm32f1xx_hal_msp.o
      2980          0          0          0          0      13433   stm32f1xx_hal_pcd.o
        60          0          0          0          0       1114   stm32f1xx_hal_pcd_ex.o
        52         10          0          0          0       7142   stm32f1xx_it.o
       160          4          0          0          0       4795   stm32f1xx_ll_exti.o
       240          0          0          0          0      10283   stm32f1xx_ll_gpio.o
       450          6          0          0          0      11562   stm32f1xx_ll_rtc.o
        92          0          0          0          0       8398   stm32f1xx_ll_spi.o
      2758          0          0          0          0      16031   stm32f1xx_ll_usb.o
        12          6          0          0          0       4424   stm32f1xx_ll_utils.o
         2          0          0          4          0       1023   system_stm32f1xx.o
        84         18          0          0        708        732   usb_device.o
       672         16          0        271          0      11792   usbd_cdc.o
        68         14          0         16        128       2430   usbd_cdc_if.o
       556         30          0          0       1036      13441   usbd_conf.o
       670          0          0          0          0       9039   usbd_core.o
      1186         28          0          1          0       7652   usbd_ctlreq.o
       288        104          0         78        256       5621   usbd_desc.o
       132          0          0          0          0       4112   usbd_ioreq.o

    ----------------------------------------------------------------------
     11866        394        268        388       3664     600994   Object Totals
         0          0         32          0          0          0   (incl. Generated)
        22          0          0          6          0          0   (incl. Padding)

    ----------------------------------------------------------------------

      Code (inc. data)   RO Data    RW Data    ZI Data      Debug   Library Member Name

        90          0          0          0          0          0   __dczerorl2.o
         8          0          0          0          0         68   __main.o
         0          0          0          0          0          0   __rtentry.o
        12          0          0          0          0          0   __rtentry2.o
         6          0          0          0          0          0   __rtentry4.o
        52          8          0          0          0          0   __scatter.o
        28          0          0          0          0          0   __scatter_zi.o
        18          0          0          0          0         80   exit.o
         6          0          0          0          0        152   heapauxi.o
         0          0          0          0          0          0   indicate_semi.o
         2          0          0          0          0          0   libinit.o
         2          0          0          0          0          0   libinit2.o
         2          0          0          0          0          0   libshutdown.o
         2          0          0          0          0          0   libshutdown2.o
         8          4          0          0         96         68   libspace.o
        78          0          0          0          0         80   rt_memclr_w.o
       100          0          0          0          0         80   rt_memcpy_w.o
         2          0          0          0          0          0   rtexit.o
        10          0          0          0          0          0   rtexit2.o
        12          4          0          0          0         68   sys_exit.o
        74          0          0          0          0         80   sys_stackheap_outer.o
         2          0          0          0          0         68   use_no_semi.o

    ----------------------------------------------------------------------
       518         16          0          0        100        744   Library Totals
         4          0          0          0          4          0   (incl. Padding)

    ----------------------------------------------------------------------

      Code (inc. data)   RO Data    RW Data    ZI Data      Debug   Library Name

       514         16          0          0         96        744   c_w.l

    ----------------------------------------------------------------------
       518         16          0          0        100        744   Library Totals

    ----------------------------------------------------------------------

==============================================================================


      Code (inc. data)   RO Data    RW Data    ZI Data      Debug   

     12384        410        268        388       3764     594142   Grand Totals
     12384        410        268        192       3764     594142   ELF Image Totals (compressed)
     12384        410        268        192          0          0   ROM Totals

==============================================================================

    Total RO  Size (Code + RO Data)                12652 (  12.36kB)
    Total RW  Size (RW Data + ZI Data)              4152 (   4.05kB)
    Total ROM Size (Code + RO Data + RW Data)      12844 (  12.54kB)

==============================================================================

