Component: ARM Compiler 5.06 update 7 (build 960) Tool: armlink [4d3601]

==============================================================================

Section Cross References

    startup_stm32f103xb.o(STACK) refers (Special) to heapauxi.o(.text) for __use_two_region_memory
    startup_stm32f103xb.o(HEAP) refers (Special) to heapauxi.o(.text) for __use_two_region_memory
    startup_stm32f103xb.o(RESET) refers (Special) to heapauxi.o(.text) for __use_two_region_memory
    startup_stm32f103xb.o(RESET) refers to startup_stm32f103xb.o(STACK) for __initial_sp
    startup_stm32f103xb.o(RESET) refers to startup_stm32f103xb.o(.text) for Reset_Handler
    startup_stm32f103xb.o(RESET) refers to stm32f1xx_it.o(i.NMI_Handler) for NMI_Handler
    startup_stm32f103xb.o(RESET) refers to stm32f1xx_it.o(i.HardFault_Handler) for HardFault_Handler
    startup_stm32f103xb.o(RESET) refers to stm32f1xx_it.o(i.MemManage_Handler) for MemManage_Handler
    startup_stm32f103xb.o(RESET) refers to stm32f1xx_it.o(i.BusFault_Handler) for BusFault_Handler
    startup_stm32f103xb.o(RESET) refers to stm32f1xx_it.o(i.UsageFault_Handler) for UsageFault_Handler
    startup_stm32f103xb.o(RESET) refers to stm32f1xx_it.o(i.SVC_Handler) for SVC_Handler
    startup_stm32f103xb.o(RESET) refers to stm32f1xx_it.o(i.DebugMon_Handler) for DebugMon_Handler
    startup_stm32f103xb.o(RESET) refers to stm32f1xx_it.o(i.PendSV_Handler) for PendSV_Handler
    startup_stm32f103xb.o(RESET) refers to stm32f1xx_it.o(i.SysTick_Handler) for SysTick_Handler
    startup_stm32f103xb.o(RESET) refers to stm32f1xx_it.o(i.EXTI2_IRQHandler) for EXTI2_IRQHandler
    startup_stm32f103xb.o(RESET) refers to stm32f1xx_it.o(i.TIM2_IRQHandler) for TIM2_IRQHandler
    startup_stm32f103xb.o(.text) refers (Special) to heapauxi.o(.text) for __use_two_region_memory
    startup_stm32f103xb.o(.text) refers to system_stm32f1xx.o(i.SystemInit) for SystemInit
    startup_stm32f103xb.o(.text) refers to __main.o(!!!main) for __main
    startup_stm32f103xb.o(.text) refers to startup_stm32f103xb.o(HEAP) for Heap_Mem
    startup_stm32f103xb.o(.text) refers to startup_stm32f103xb.o(STACK) for Stack_Mem
    nrf24.o(i.DelayMicro) refers to system_stm32f1xx.o(.data) for SystemCoreClock
    nrf24.o(i.IRQ_Callback) refers to nrf24.o(i.LL_GPIO_TogglePin) for LL_GPIO_TogglePin
    nrf24.o(i.IRQ_Callback) refers to nrf24.o(i.DelayMicro) for DelayMicro
    nrf24.o(i.IRQ_Callback) refers to nrf24.o(i.NRF24_ReadReg) for NRF24_ReadReg
    nrf24.o(i.IRQ_Callback) refers to nrf24.o(i.NRF24_Read_Buf) for NRF24_Read_Buf
    nrf24.o(i.IRQ_Callback) refers to nrf24.o(i.NRF24_WriteReg) for NRF24_WriteReg
    nrf24.o(i.IRQ_Callback) refers to nrf24.o(i.NRF24L01_RX_Mode) for NRF24L01_RX_Mode
    nrf24.o(i.IRQ_Callback) refers to nrf24.o(i.NRF24_FlushTX) for NRF24_FlushTX
    nrf24.o(i.IRQ_Callback) refers to nrf24.o(.data) for rx_buf
    nrf24.o(i.NRF24L01_RX_Mode) refers to nrf24.o(i.NRF24_ReadReg) for NRF24_ReadReg
    nrf24.o(i.NRF24L01_RX_Mode) refers to nrf24.o(i.NRF24_WriteReg) for NRF24_WriteReg
    nrf24.o(i.NRF24L01_RX_Mode) refers to nrf24.o(i.NRF24_Write_Buf) for NRF24_Write_Buf
    nrf24.o(i.NRF24L01_RX_Mode) refers to nrf24.o(i.LL_GPIO_SetOutputPin) for LL_GPIO_SetOutputPin
    nrf24.o(i.NRF24L01_RX_Mode) refers to nrf24.o(i.DelayMicro) for DelayMicro
    nrf24.o(i.NRF24L01_RX_Mode) refers to nrf24.o(i.NRF24_FlushRX) for NRF24_FlushRX
    nrf24.o(i.NRF24L01_RX_Mode) refers to nrf24.o(i.NRF24_FlushTX) for NRF24_FlushTX
    nrf24.o(i.NRF24L01_RX_Mode) refers to nrf24.o(.data) for TX_ADDRESS1
    nrf24.o(i.NRF24L01_Receive) refers to _printf_percent.o(.ARM.Collect$$_printf_percent$$00000000) for _printf_percent
    nrf24.o(i.NRF24L01_Receive) refers to _printf_d.o(.ARM.Collect$$_printf_percent$$00000009) for _printf_d
    nrf24.o(i.NRF24L01_Receive) refers to _printf_dec.o(.text) for _printf_int_dec
    nrf24.o(i.NRF24L01_Receive) refers to noretval__2sprintf.o(.text) for __2sprintf
    nrf24.o(i.NRF24L01_Receive) refers to strlen.o(.text) for strlen
    nrf24.o(i.NRF24L01_Receive) refers to main.o(i.USART_TX) for USART_TX
    nrf24.o(i.NRF24L01_Receive) refers to nrf24.o(.data) for rx_flag
    nrf24.o(i.NRF24L01_Receive) refers to main.o(.bss) for str1
    nrf24.o(i.NRF24L01_Receive) refers to main.o(.data) for f_send
    nrf24.o(i.NRF24L01_Send) refers to nrf24.o(i.NRF24L01_TX_Mode) for NRF24L01_TX_Mode
    nrf24.o(i.NRF24L01_Send) refers to nrf24.o(i.NRF24_ReadReg) for NRF24_ReadReg
    nrf24.o(i.NRF24L01_Send) refers to nrf24.o(i.NRF24_WriteReg) for NRF24_WriteReg
    nrf24.o(i.NRF24L01_Send) refers to nrf24.o(i.DelayMicro) for DelayMicro
    nrf24.o(i.NRF24L01_Send) refers to nrf24.o(i.NRF24_Transmit) for NRF24_Transmit
    nrf24.o(i.NRF24L01_Send) refers to nrf24.o(i.LL_GPIO_SetOutputPin) for LL_GPIO_SetOutputPin
    nrf24.o(i.NRF24L01_Send) refers to nrf24.o(i.LL_GPIO_ResetOutputPin) for LL_GPIO_ResetOutputPin
[...]
    libinit.o(.ARM.Collect$$libinit$$00000000) refers (Special) to libinit2.o(.ARM.Collect$$libinit$$00000025) for __rt_lib_init_stdio_1
    libinit.o(.ARM.Collect$$libinit$$00000000) refers (Special) to libinit2.o(.ARM.Collect$$libinit$$0000000C) for __rt_lib_init_user_alloc_1
    libspace.o(.text) refers to libspace.o(.bss) for __libspace_start
    rtexit.o(.ARM.Collect$$rtexit$$00000000) refers (Special) to rtexit2.o(.ARM.Collect$$rtexit$$00000004) for __rt_exit_exit
    rtexit.o(.ARM.Collect$$rtexit$$00000000) refers (Special) to rtexit2.o(.ARM.Collect$$rtexit$$00000003) for __rt_exit_ls
    rtexit.o(.ARM.Collect$$rtexit$$00000000) refers (Special) to rtexit2.o(.ARM.Collect$$rtexit$$00000002) for __rt_exit_prels_1
    rtexit.o(.ARM.exidx) refers (Special) to rtexit2.o(.ARM.Collect$$rtexit$$00000004) for __rt_exit_exit
    rtexit.o(.ARM.exidx) refers (Special) to rtexit2.o(.ARM.Collect$$rtexit$$00000003) for __rt_exit_ls
    rtexit.o(.ARM.exidx) refers (Special) to rtexit2.o(.ARM.Collect$$rtexit$$00000002) for __rt_exit_prels_1
    rtexit.o(.ARM.exidx) refers to rtexit.o(.ARM.Collect$$rtexit$$00000000) for .ARM.Collect$$rtexit$$00000000
    libinit2.o(.ARM.Collect$$libinit$$00000010) refers to libinit2.o(.ARM.Collect$$libinit$$0000000F) for .ARM.Collect$$libinit$$0000000F
    libinit2.o(.ARM.Collect$$libinit$$00000012) refers to libinit2.o(.ARM.Collect$$libinit$$0000000F) for .ARM.Collect$$libinit$$0000000F
    libinit2.o(.ARM.Collect$$libinit$$00000014) refers to libinit2.o(.ARM.Collect$$libinit$$0000000F) for .ARM.Collect$$libinit$$0000000F
    libinit2.o(.ARM.Collect$$libinit$$00000016) refers to libinit2.o(.ARM.Collect$$libinit$$0000000F) for .ARM.Collect$$libinit$$0000000F
    libinit2.o(.ARM.Collect$$libinit$$00000018) refers to libinit2.o(.ARM.Collect$$libinit$$0000000F) for .ARM.Collect$$libinit$$0000000F
    libinit2.o(.ARM.Collect$$libinit$$00000026) refers to argv_veneer.o(.emb_text) for __ARM_argv_veneer
    libinit2.o(.ARM.Collect$$libinit$$00000027) refers to argv_veneer.o(.emb_text) for __ARM_argv_veneer
    rtexit2.o(.ARM.Collect$$rtexit$$00000003) refers to libshutdown.o(.ARM.Collect$$libshutdown$$00000000) for __rt_lib_shutdown
    rtexit2.o(.ARM.Collect$$rtexit$$00000004) refers to sys_exit.o(.text) for _sys_exit
    rtexit2.o(.ARM.exidx) refers to rtexit2.o(.ARM.Collect$$rtexit$$00000001) for .ARM.Collect$$rtexit$$00000001
    rtexit2.o(.ARM.exidx) refers to rtexit2.o(.ARM.Collect$$rtexit$$00000003) for .ARM.Collect$$rtexit$$00000003
    rtexit2.o(.ARM.exidx) refers to rtexit2.o(.ARM.Collect$$rtexit$$00000004) for .ARM.Collect$$rtexit$$00000004
    argv_veneer.o(.emb_text) refers to no_argv.o(.text) for __ARM_get_argv
    sys_exit.o(.text) refers (Special) to use_no_semi.o(.text) for __I$use$semihosting
    sys_exit.o(.text) refers (Special) to indicate_semi.o(.text) for __semihosting_library_function
    _get_argv_nomalloc.o(.text) refers (Special) to hrguard.o(.text) for __heap_region$guard
    _get_argv_nomalloc.o(.text) refers to defsig_rtmem_outer.o(.text) for __rt_SIGRTMEM
    _get_argv_nomalloc.o(.text) refers to sys_command.o(.text) for _sys_command_string
    libshutdown.o(.ARM.Collect$$libshutdown$$00000000) refers (Special) to libshutdown2.o(.ARM.Collect$$libshutdown$$00000004) for __rt_lib_shutdown_cpp_1
    libshutdown.o(.ARM.Collect$$libshutdown$$00000000) refers (Special) to libshutdown2.o(.ARM.Collect$$libshutdown$$00000002) for __rt_lib_shutdown_fini_1
    libshutdown.o(.ARM.Collect$$libshutdown$$00000000) refers (Special) to libshutdown2.o(.ARM.Collect$$libshutdown$$00000009) for __rt_lib_shutdown_fp_trap_1
    libshutdown.o(.ARM.Collect$$libshutdown$$00000000) refers (Special) to libshutdown2.o(.ARM.Collect$$libshutdown$$00000011) for __rt_lib_shutdown_heap_1
    libshutdown.o(.ARM.Collect$$libshutdown$$00000000) refers (Special) to libshutdown2.o(.ARM.Collect$$libshutdown$$00000012) for __rt_lib_shutdown_return
    libshutdown.o(.ARM.Collect$$libshutdown$$00000000) refers (Special) to libshutdown2.o(.ARM.Collect$$libshutdown$$0000000C) for __rt_lib_shutdown_signal_1
    libshutdown.o(.ARM.Collect$$libshutdown$$00000000) refers (Special) to libshutdown2.o(.ARM.Collect$$libshutdown$$00000006) for __rt_lib_shutdown_stdio_1
    libshutdown.o(.ARM.Collect$$libshutdown$$00000000) refers (Special) to libshutdown2.o(.ARM.Collect$$libshutdown$$0000000E) for __rt_lib_shutdown_user_alloc_1
    sys_command.o(.text) refers (Special) to use_no_semi.o(.text) for __I$use$semihosting
    sys_command.o(.text) refers (Special) to indicate_semi.o(.text) for __semihosting_library_function
    defsig_rtmem_outer.o(.text) refers to defsig_rtmem_inner.o(.text) for __rt_SIGRTMEM_inner
    defsig_rtmem_outer.o(.text) refers to defsig_exit.o(.text) for __sig_exit
    defsig_rtmem_formal.o(.text) refers to rt_raise.o(.text) for __rt_raise
    rt_raise.o(.text) refers to __raise.o(.text) for __raise
    rt_raise.o(.text) refers to sys_exit.o(.text) for _sys_exit
    defsig_exit.o(.text) refers to sys_exit.o(.text) for _sys_exit
    defsig_rtmem_inner.o(.text) refers to defsig_general.o(.text) for __default_signal_display
    __raise.o(.text) refers to defsig.o(CL$$defsig) for __default_signal_handler
    defsig_general.o(.text) refers to sys_wrch.o(.text) for _ttywrch
    sys_wrch.o(.text) refers (Special) to use_no_semi.o(.text) for __I$use$semihosting
    sys_wrch.o(.text) refers (Special) to indicate_semi.o(.text) for __semihosting_library_function
    defsig.o(CL$$defsig) refers to defsig_rtmem_inner.o(.text) for __rt_SIGRTMEM_inner
    defsig_abrt_inner.o(.text) refers to defsig_general.o(.text) for __default_signal_display
    defsig_fpe_inner.o(.text) refers to defsig_general.o(.text) for __default_signal_display
    defsig_rtred_inner.o(.text) refers to defsig_general.o(.text) for __default_signal_display
    defsig_stak_inner.o(.text) refers to defsig_general.o(.text) for __default_signal_display
    defsig_pvfn_inner.o(.text) refers to defsig_general.o(.text) for __default_signal_display
    defsig_cppl_inner.o(.text) refers to defsig_general.o(.text) for __default_signal_display
    defsig_segv_inner.o(.text) refers to defsig_general.o(.text) for __default_signal_display
    defsig_other.o(.text) refers to defsig_general.o(.text) for __default_signal_display


==============================================================================

Removing Unused input sections from the image.

    Removing nrf24.o(.rev16_text), (4 bytes).
    Removing nrf24.o(.revsh_text), (4 bytes).
    Removing nrf24.o(.rrx_text), (6 bytes).
    Removing nrf24.o(.constdata), (42 bytes).
    Removing main.o(.rev16_text), (4 bytes).
    Removing main.o(.revsh_text), (4 bytes).
    Removing main.o(.rrx_text), (6 bytes).
    Removing main.o(i.Error_Handler), (6 bytes).
    Removing main.o(.constdata), (42 bytes).
    Removing stm32f1xx_it.o(.rev16_text), (4 bytes).
    Removing stm32f1xx_it.o(.revsh_text), (4 bytes).
    Removing stm32f1xx_it.o(.rrx_text), (6 bytes).
    Removing stm32f1xx_it.o(.constdata), (42 bytes).
    Removing stm32f1xx_ll_gpio.o(.rev16_text), (4 bytes).
    Removing stm32f1xx_ll_gpio.o(.revsh_text), (4 bytes).
    Removing stm32f1xx_ll_gpio.o(.rrx_text), (6 bytes).
    Removing stm32f1xx_ll_gpio.o(i.LL_APB2_GRP1_ForceReset), (16 bytes).
    Removing stm32f1xx_ll_gpio.o(i.LL_APB2_GRP1_ReleaseReset), (16 bytes).
    Removing stm32f1xx_ll_gpio.o(i.LL_GPIO_DeInit), (132 bytes).
    Removing stm32f1xx_ll_gpio.o(i.LL_GPIO_StructInit), (24 bytes).
    Removing stm32f1xx_ll_rcc.o(.rev16_text), (4 bytes).
    Removing stm32f1xx_ll_rcc.o(.revsh_text), (4 bytes).
    Removing stm32f1xx_ll_rcc.o(.rrx_text), (6 bytes).
    Removing stm32f1xx_ll_rcc.o(i.LL_RCC_DeInit), (152 bytes).
    Removing stm32f1xx_ll_rcc.o(i.LL_RCC_GetADCClockFreq), (68 bytes).
    Removing stm32f1xx_ll_rcc.o(i.LL_RCC_GetUSBClockFreq), (68 bytes).
    Removing stm32f1xx_ll_rcc.o(i.LL_RCC_PLL_IsReady), (16 bytes).
    Removing stm32f1xx_ll_utils.o(.rev16_text), (4 bytes).
    Removing stm32f1xx_ll_utils.o(.revsh_text), (4 bytes).
    Removing stm32f1xx_ll_utils.o(.rrx_text), (6 bytes).
    Removing stm32f1xx_ll_utils.o(i.LL_PLL_ConfigSystemClock_HSE), (70 bytes).
    Removing stm32f1xx_ll_utils.o(i.LL_PLL_ConfigSystemClock_HSI), (104 bytes).
    Removing stm32f1xx_ll_utils.o(i.LL_RCC_HSE_IsReady), (16 bytes).
    Removing stm32f1xx_ll_utils.o(i.LL_RCC_HSI_IsReady), (16 bytes).
    Removing stm32f1xx_ll_utils.o(i.LL_RCC_PLL_ConfigDomain_SYS), (28 bytes).
    Removing stm32f1xx_ll_utils.o(i.LL_RCC_PLL_IsReady), (16 bytes).
    Removing stm32f1xx_ll_utils.o(i.LL_SetFlashLatency), (108 bytes).
    Removing stm32f1xx_ll_utils.o(i.LL_mDelay), (40 bytes).
    Removing stm32f1xx_ll_utils.o(i.UTILS_EnablePLLAndSwitchSystem), (216 bytes).
    Removing stm32f1xx_ll_utils.o(i.UTILS_GetPLLOutputFrequency), (32 bytes).
    Removing stm32f1xx_ll_utils.o(i.UTILS_PLL_HSE_ConfigSystemClock), (108 bytes).
    Removing stm32f1xx_ll_utils.o(i.UTILS_PLL_IsBusy), (16 bytes).
    Removing stm32f1xx_ll_exti.o(.rev16_text), (4 bytes).
    Removing stm32f1xx_ll_exti.o(.revsh_text), (4 bytes).
    Removing stm32f1xx_ll_exti.o(.rrx_text), (6 bytes).
    Removing stm32f1xx_ll_exti.o(i.LL_EXTI_DeInit), (40 bytes).
    Removing stm32f1xx_ll_exti.o(i.LL_EXTI_StructInit), (14 bytes).
    Removing stm32f1xx_ll_rtc.o(.rev16_text), (4 bytes).
    Removing stm32f1xx_ll_rtc.o(.revsh_text), (4 bytes).
    Removing stm32f1xx_ll_rtc.o(.rrx_text), (6 bytes).
    Removing stm32f1xx_ll_rtc.o(i.LL_RTC_ALARM_Init), (166 bytes).
    Removing stm32f1xx_ll_rtc.o(i.LL_RTC_ALARM_Set), (10 bytes).
    Removing stm32f1xx_ll_rtc.o(i.LL_RTC_ALARM_SetCounter), (38 bytes).
    Removing stm32f1xx_ll_rtc.o(i.LL_RTC_ALARM_StructInit), (10 bytes).
    Removing stm32f1xx_ll_rtc.o(i.LL_RTC_DeInit), (104 bytes).
    Removing stm32f1xx_ll_rtc.o(i.LL_RTC_StructInit), (12 bytes).
    Removing stm32f1xx_ll_rtc.o(i.LL_RTC_TIME_SetCounter), (38 bytes).
    Removing stm32f1xx_ll_rtc.o(i.LL_RTC_TIME_StructInit), (10 bytes).
    Removing stm32f1xx_ll_spi.o(.rev16_text), (4 bytes).
    Removing stm32f1xx_ll_spi.o(.revsh_text), (4 bytes).
    Removing stm32f1xx_ll_spi.o(.rrx_text), (6 bytes).
    Removing stm32f1xx_ll_spi.o(i.LL_SPI_DeInit), (92 bytes).
    Removing stm32f1xx_ll_spi.o(i.LL_SPI_StructInit), (26 bytes).
    Removing stm32f1xx_ll_dma.o(.rev16_text), (4 bytes).
    Removing stm32f1xx_ll_dma.o(.revsh_text), (4 bytes).
    Removing stm32f1xx_ll_dma.o(.rrx_text), (6 bytes).
    Removing stm32f1xx_ll_dma.o(i.LL_DMA_DeInit), (252 bytes).
    Removing stm32f1xx_ll_dma.o(i.LL_DMA_Init), (120 bytes).
    Removing stm32f1xx_ll_dma.o(i.LL_DMA_StructInit), (24 bytes).
    Removing stm32f1xx_ll_dma.o(.constdata), (7 bytes).
    Removing stm32f1xx_ll_pwr.o(.rev16_text), (4 bytes).
    Removing stm32f1xx_ll_pwr.o(.revsh_text), (4 bytes).
    Removing stm32f1xx_ll_pwr.o(.rrx_text), (6 bytes).
    Removing stm32f1xx_ll_pwr.o(i.LL_PWR_DeInit), (36 bytes).
    Removing stm32f1xx_ll_tim.o(.rev16_text), (4 bytes).
    Removing stm32f1xx_ll_tim.o(.revsh_text), (4 bytes).
    Removing stm32f1xx_ll_tim.o(.rrx_text), (6 bytes).
    Removing stm32f1xx_ll_tim.o(i.IC1Config), (52 bytes).
    Removing stm32f1xx_ll_tim.o(i.IC2Config), (56 bytes).
    Removing stm32f1xx_ll_tim.o(i.IC3Config), (58 bytes).
    Removing stm32f1xx_ll_tim.o(i.IC4Config), (58 bytes).
    Removing stm32f1xx_ll_tim.o(i.LL_APB1_GRP1_ForceReset), (16 bytes).
    Removing stm32f1xx_ll_tim.o(i.LL_APB1_GRP1_ReleaseReset), (16 bytes).
    Removing stm32f1xx_ll_tim.o(i.LL_TIM_BDTR_Init), (82 bytes).
    Removing stm32f1xx_ll_tim.o(i.LL_TIM_BDTR_StructInit), (18 bytes).
    Removing stm32f1xx_ll_tim.o(i.LL_TIM_DeInit), (124 bytes).
    Removing stm32f1xx_ll_tim.o(i.LL_TIM_ENCODER_Init), (100 bytes).
    Removing stm32f1xx_ll_tim.o(i.LL_TIM_ENCODER_StructInit), (36 bytes).
    Removing stm32f1xx_ll_tim.o(i.LL_TIM_HALLSENSOR_Init), (114 bytes).
    Removing stm32f1xx_ll_tim.o(i.LL_TIM_HALLSENSOR_StructInit), (12 bytes).
    Removing stm32f1xx_ll_tim.o(i.LL_TIM_IC_Init), (92 bytes).
    Removing stm32f1xx_ll_tim.o(i.LL_TIM_IC_StructInit), (18 bytes).
    Removing stm32f1xx_ll_tim.o(i.LL_TIM_OC_Init), (92 bytes).
    Removing stm32f1xx_ll_tim.o(i.LL_TIM_OC_SetCompareCH2), (4 bytes).
    Removing stm32f1xx_ll_tim.o(i.LL_TIM_OC_StructInit), (20 bytes).
    Removing stm32f1xx_ll_tim.o(i.LL_TIM_StructInit), (18 bytes).
    Removing stm32f1xx_ll_tim.o(i.OC1Config), (120 bytes).
    Removing stm32f1xx_ll_tim.o(i.OC2Config), (132 bytes).
    Removing stm32f1xx_ll_tim.o(i.OC3Config), (120 bytes).
    Removing stm32f1xx_ll_tim.o(i.OC4Config), (88 bytes).
    Removing stm32f1xx_ll_tim.o(.constdata), (35 bytes).
    Removing stm32f1xx_ll_usart.o(.rev16_text), (4 bytes).
    Removing stm32f1xx_ll_usart.o(.revsh_text), (4 bytes).
    Removing stm32f1xx_ll_usart.o(.rrx_text), (6 bytes).
    Removing stm32f1xx_ll_usart.o(i.LL_APB1_GRP1_ForceReset), (16 bytes).
    Removing stm32f1xx_ll_usart.o(i.LL_APB1_GRP1_ReleaseReset), (16 bytes).
    Removing stm32f1xx_ll_usart.o(i.LL_USART_ClockInit), (66 bytes).
    Removing stm32f1xx_ll_usart.o(i.LL_USART_ClockStructInit), (12 bytes).
    Removing stm32f1xx_ll_usart.o(i.LL_USART_DeInit), (112 bytes).
    Removing stm32f1xx_ll_usart.o(i.LL_USART_StructInit), (24 bytes).
    Removing system_stm32f1xx.o(.rev16_text), (4 bytes).
    Removing system_stm32f1xx.o(.revsh_text), (4 bytes).
    Removing system_stm32f1xx.o(.rrx_text), (6 bytes).
    Removing system_stm32f1xx.o(i.SystemCoreClockUpdate), (164 bytes).

114 unused section(s) (total 4480 bytes) removed from the image.

==============================================================================

Image Symbol Table

    Local Symbols

    Symbol Name                              Value     Ov Type        Size  Object(Section)

    ../Core/Src/main.c                       0x00000000   Number         0  main.o ABSOLUTE
    ../Core/Src/stm32f1xx_it.c               0x00000000   Number         0  stm32f1xx_it.o ABSOLUTE
    ../Core/Src/system_stm32f1xx.c           0x00000000   Number         0  system_stm32f1xx.o ABSOLUTE
    ../Drivers/STM32F1xx_HAL_Driver/Src/stm32f1xx_ll_dma.c 0x00000000   Number         0  stm32f1xx_ll_dma.o ABSOLUTE
    ../Drivers/STM32F1xx_HAL_Driver/Src/stm32f1xx_ll_exti.c 0x00000000   Number         0  stm32f1xx_ll_exti.o ABSOLUTE
    ../Drivers/STM32F1xx_HAL_Driver/Src/stm32f1xx_ll_gpio.c 0x00000000   Number         0  stm32f1xx_ll_gpio.o ABSOLUTE
    ../Drivers/STM32F1xx_HAL_Driver/Src/stm32f1xx_ll_pwr.c 0x00000000   Number         0  stm32f1xx_ll_pwr.o ABSOLUTE
    ../Drivers/STM32F1xx_HAL_Driver/Src/stm32f1xx_ll_rcc.c 0x00000000   Number         0  stm32f1xx_ll_rcc.o ABSOLUTE
    ../Drivers/STM32F1xx_HAL_Driver/Src/stm32f1xx_ll_rtc.c 0x00000000   Number         0  stm32f1xx_ll_rtc.o ABSOLUTE
    ../Drivers/STM32F1xx_HAL_Driver/Src/stm32f1xx_ll_spi.c 0x00000000   Number         0  stm32f1xx_ll_spi.o ABSOLUTE
    ../Drivers/STM32F1xx_HAL_Driver/Src/stm32f1xx_ll_tim.c 0x00000000   Number         0  stm32f1xx_ll_tim.o ABSOLUTE
    ../Drivers/STM32F1xx_HAL_Driver/Src/stm32f1xx_ll_usart.c 0x00000000   Number         0  stm32f1xx_ll_usart.o ABSOLUTE
    ../Drivers/STM32F1xx_HAL_Driver/Src/stm32f1xx_ll_utils.c 0x00000000   Number         0  stm32f1xx_ll_utils.o ABSOLUTE
    ../clib/angel/boardlib.s                 0x00000000   Number         0  boardinit2.o ABSOLUTE
    ../clib/angel/boardlib.s                 0x00000000   Number         0  boardinit3.o ABSOLUTE
    ../clib/angel/boardlib.s                 0x00000000   Number         0  boardinit1.o ABSOLUTE
    ../clib/angel/boardlib.s                 0x00000000   Number         0  boardshut.o ABSOLUTE
    ../clib/angel/handlers.s                 0x00000000   Number         0  __scatter_copy.o ABSOLUTE
    ../clib/angel/handlers.s                 0x00000000   Number         0  __scatter_zi.o ABSOLUTE
    ../clib/angel/kernel.s                   0x00000000   Number         0  __rtentry4.o ABSOLUTE
    ../clib/angel/kernel.s                   0x00000000   Number         0  rtexit.o ABSOLUTE
    ../clib/angel/kernel.s                   0x00000000   Number         0  rtexit2.o ABSOLUTE
    ../clib/angel/kernel.s                   0x00000000   Number         0  __rtentry2.o ABSOLUTE
    ../clib/angel/kernel.s                   0x00000000   Number         0  __rtentry.o ABSOLUTE
    ../clib/angel/rt.s                       0x00000000   Number         0  rt_raise.o ABSOLUTE
    ../clib/angel/scatter.s                  0x00000000   Number         0  __scatter.o ABSOLUTE
    ../clib/angel/startup.s                  0x00000000   Number         0  __main.o ABSOLUTE
    ../clib/angel/sys.s                      0x00000000   Number         0  libspace.o ABSOLUTE
    ../clib/angel/sys.s                      0x00000000   Number         0  sys_stackheap_outer.o ABSOLUTE
    ../clib/angel/sys.s                      0x00000000   Number         0  indicate_semi.o ABSOLUTE
    ../clib/angel/sys.s                      0x00000000   Number         0  use_no_semi.o ABSOLUTE
    ../clib/angel/sysapp.c                   0x00000000   Number         0  sys_wrch.o ABSOLUTE
    ../clib/angel/sysapp.c                   0x00000000   Number         0  sys_exit.o ABSOLUTE
    ../clib/angel/sysapp.c                   0x00000000   Number         0  sys_command.o ABSOLUTE
    ../clib/armsys.c                         0x00000000   Number         0  _get_argv_nomalloc.o ABSOLUTE
    ../clib/armsys.c                         0x00000000   Number         0  argv_veneer.o ABSOLUTE
    ../clib/armsys.c                         0x00000000   Number         0  argv_veneer.o ABSOLUTE
    ../clib/armsys.c                         0x00000000   Number         0  no_argv.o ABSOLUTE
    ../clib/heapalloc.c                      0x00000000   Number         0  hrguard.o ABSOLUTE
    ../clib/heapaux.c                        0x00000000   Number         0  heapauxi.o ABSOLUTE
    ../clib/libinit.s                        0x00000000   Number         0  libinit.o ABSOLUTE
    ../clib/libinit.s                        0x00000000   Number         0  libshutdown2.o ABSOLUTE
    ../clib/libinit.s                        0x00000000   Number         0  libinit2.o ABSOLUTE
    ../clib/libinit.s                        0x00000000   Number         0  libshutdown.o ABSOLUTE
    ../clib/memcpset.s                       0x00000000   Number         0  rt_memclr_w.o ABSOLUTE
    ../clib/printf.c                         0x00000000   Number         0  noretval__2sprintf.o ABSOLUTE
    ../clib/printf.c                         0x00000000   Number         0  __printf.o ABSOLUTE
    ../clib/printf.c                         0x00000000   Number         0  _printf_dec.o ABSOLUTE
    ../clib/printf.c                         0x00000000   Number         0  __printf_flags.o ABSOLUTE
    ../clib/printf.c                         0x00000000   Number         0  __printf_ss.o ABSOLUTE
    ../clib/printf.c                         0x00000000   Number         0  __printf_nopercent.o ABSOLUTE
    ../clib/printf.c                         0x00000000   Number         0  __printf_wp.o ABSOLUTE
    ../clib/printf.c                         0x00000000   Number         0  __printf_flags_wp.o ABSOLUTE
    ../clib/printf.c                         0x00000000   Number         0  __printf_ss_wp.o ABSOLUTE
    ../clib/printf.c                         0x00000000   Number         0  __printf_flags_ss.o ABSOLUTE
    ../clib/printf.c                         0x00000000   Number         0  _sputc.o ABSOLUTE
    ../clib/printf.c                         0x00000000   Number         0  _printf_char_common.o ABSOLUTE
    ../clib/printf.c                         0x00000000   Number         0  _printf_intcommon.o ABSOLUTE
    ../clib/printf.c                         0x00000000   Number         0  __printf_flags_ss_wp.o ABSOLUTE
    ../clib/printf.c                         0x00000000   Number         0  __2sprintf.o ABSOLUTE
    ../clib/printf_percent.s                 0x00000000   Number         0  _printf_percent_end.o ABSOLUTE
    ../clib/printf_percent.s                 0x00000000   Number         0  _printf_d.o ABSOLUTE
    ../clib/printf_percent.s                 0x00000000   Number         0  _printf_percent.o ABSOLUTE
    ../clib/signal.c                         0x00000000   Number         0  defsig_rtmem_outer.o ABSOLUTE
    ../clib/signal.c                         0x00000000   Number         0  defsig_rtmem_inner.o ABSOLUTE
    ../clib/signal.c                         0x00000000   Number         0  defsig_other.o ABSOLUTE
    ../clib/signal.c                         0x00000000   Number         0  defsig_segv_inner.o ABSOLUTE
    ../clib/signal.c                         0x00000000   Number         0  defsig_cppl_inner.o ABSOLUTE
    ../clib/signal.c                         0x00000000   Number         0  defsig_pvfn_inner.o ABSOLUTE
    ../clib/signal.c                         0x00000000   Number         0  defsig_stak_inner.o ABSOLUTE
    ../clib/signal.c                         0x00000000   Number         0  defsig_rtred_inner.o ABSOLUTE
    ../clib/signal.c                         0x00000000   Number         0  defsig_fpe_inner.o ABSOLUTE
    ../clib/signal.c                         0x00000000   Number         0  defsig_abrt_inner.o ABSOLUTE
    ../clib/signal.c                         0x00000000   Number         0  defsig_general.o ABSOLUTE
    ../clib/signal.c                         0x00000000   Number         0  __raise.o ABSOLUTE
    ../clib/signal.c                         0x00000000   Number         0  defsig_exit.o ABSOLUTE
    ../clib/signal.c                         0x00000000   Number         0  defsig_rtmem_formal.o ABSOLUTE
    ../clib/signal.s                         0x00000000   Number         0  defsig.o ABSOLUTE
    ../clib/stdlib.c                         0x00000000   Number         0  exit.o ABSOLUTE
    ../clib/string.c                         0x00000000   Number         0  strlen.o ABSOLUTE
    ../fplib/fpinit.s                        0x00000000   Number         0  fpinit.o ABSOLUTE
    ..\Core\Src\main.c                       0x00000000   Number         0  main.o ABSOLUTE
    ..\Core\Src\nrf24.c                      0x00000000   Number         0  nrf24.o ABSOLUTE
    ..\Core\Src\stm32f1xx_it.c               0x00000000   Number         0  stm32f1xx_it.o ABSOLUTE
    ..\Core\Src\system_stm32f1xx.c           0x00000000   Number         0  system_stm32f1xx.o ABSOLUTE
    ..\Drivers\STM32F1xx_HAL_Driver\Src\stm32f1xx_ll_dma.c 0x00000000   Number         0  stm32f1xx_ll_dma.o ABSOLUTE
    ..\Drivers\STM32F1xx_HAL_Driver\Src\stm32f1xx_ll_exti.c 0x00000000   Number         0  stm32f1xx_ll_exti.o ABSOLUTE
    ..\Drivers\STM32F1xx_HAL_Driver\Src\stm32f1xx_ll_gpio.c 0x00000000   Number         0  stm32f1xx_ll_gpio.o ABSOLUTE
    ..\Drivers\STM32F1xx_HAL_Driver\Src\stm32f1xx_ll_pwr.c 0x00000000   Number         0  stm32f1xx_ll_pwr.o ABSOLUTE
    ..\Drivers\STM32F1xx_HAL_Driver\Src\stm32f1xx_ll_rcc.c 0x00000000   Number         0  stm32f1xx_ll_rcc.o ABSOLUTE
    ..\Drivers\STM32F1xx_HAL_Driver\Src\stm32f1xx_ll_rtc.c 0x00000000   Number         0  stm32f1xx_ll_rtc.o ABSOLUTE
    ..\Drivers\STM32F1xx_HAL_Driver\Src\stm32f1xx_ll_spi.c 0x00000000   Number         0  stm32f1xx_ll_spi.o ABSOLUTE
    ..\Drivers\STM32F1xx_HAL_Driver\Src\stm32f1xx_ll_tim.c 0x00000000   Number         0  stm32f1xx_ll_tim.o ABSOLUTE
    ..\Drivers\STM32F1xx_HAL_Driver\Src\stm32f1xx_ll_usart.c 0x00000000   Number         0  stm32f1xx_ll_usart.o ABSOLUTE
    ..\Drivers\STM32F1xx_HAL_Driver\Src\stm32f1xx_ll_utils.c 0x00000000   Number         0  stm32f1xx_ll_utils.o ABSOLUTE
    ..\\Core\\Src\\nrf24.c                   0x00000000   Number         0  nrf24.o ABSOLUTE
    dc.s                                     0x00000000   Number         0  dc.o ABSOLUTE
    startup_stm32f103xb.s                    0x00000000   Number         0  startup_stm32f103xb.o ABSOLUTE
    RESET                                    0x08000000   Section      236  startup_stm32f103xb.o(RESET)
    !!!main                                  0x080000ec   Section        8  __main.o(!!!main)
    !!!scatter                               0x080000f4   Section       52  __scatter.o(!!!scatter)
    !!handler_copy                           0x08000128   Section       26  __scatter_copy.o(!!handler_copy)
    !!handler_zi                             0x08000144   Section       28  __scatter_zi.o(!!handler_zi)
    .ARM.Collect$$_printf_percent$$00000000  0x08000160   Section        0  _printf_percent.o(.ARM.Collect$$_printf_percent$$00000000)
    .ARM.Collect$$_printf_percent$$00000009  0x08000160   Section        6  _printf_d.o(.ARM.Collect$$_printf_percent$$00000009)
    .ARM.Collect$$_printf_percent$$00000017  0x08000166   Section        4  _printf_percent_end.o(.ARM.Collect$$_printf_percent$$00000017)
    .ARM.Collect$$libinit$$00000000          0x0800016a   Section        2  libinit.o(.ARM.Collect$$libinit$$00000000)
    .ARM.Collect$$libinit$$00000002          0x0800016c   Section        0  libinit2.o(.ARM.Collect$$libinit$$00000002)
    .ARM.Collect$$libinit$$00000004          0x0800016c   Section        0  libinit2.o(.ARM.Collect$$libinit$$00000004)
    .ARM.Collect$$libinit$$0000000A          0x0800016c   Section        0  libinit2.o(.ARM.Collect$$libinit$$0000000A)
    .ARM.Collect$$libinit$$0000000C          0x0800016c   Section        0  libinit2.o(.ARM.Collect$$libinit$$0000000C)
    .ARM.Collect$$libinit$$0000000E          0x0800016c   Section        0  libinit2.o(.ARM.Collect$$libinit$$0000000E)
    .ARM.Collect$$libinit$$00000011          0x0800016c   Section        0  libinit2.o(.ARM.Collect$$libinit$$00000011)
    .ARM.Collect$$libinit$$00000013          0x0800016c   Section        0  libinit2.o(.ARM.Collect$$libinit$$00000013)
    .ARM.Collect$$libinit$$00000015          0x0800016c   Section        0  libinit2.o(.ARM.Collect$$libinit$$00000015)
    .ARM.Collect$$libinit$$00000017          0x0800016c   Section        0  libinit2.o(.ARM.Collect$$libinit$$00000017)
    .ARM.Collect$$libinit$$00000019          0x0800016c   Section        0  libinit2.o(.ARM.Collect$$libinit$$00000019)
    .ARM.Collect$$libinit$$0000001B          0x0800016c   Section        0  libinit2.o(.ARM.Collect$$libinit$$0000001B)
    .ARM.Collect$$libinit$$0000001D          0x0800016c   Section        0  libinit2.o(.ARM.Collect$$libinit$$0000001D)
    .ARM.Collect$$libinit$$0000001F          0x0800016c   Section        0  libinit2.o(.ARM.Collect$$libinit$$0000001F)
    .ARM.Collect$$libinit$$00000021          0x0800016c   Section        0  libinit2.o(.ARM.Collect$$libinit$$00000021)
    .ARM.Collect$$libinit$$00000023          0x0800016c   Section        0  libinit2.o(.ARM.Collect$$libinit$$00000023)
    .ARM.Collect$$libinit$$00000025          0x0800016c   Section        0  libinit2.o(.ARM.Collect$$libinit$$00000025)
    .ARM.Collect$$libinit$$0000002C          0x0800016c   Section        0  libinit2.o(.ARM.Collect$$libinit$$0000002C)
    .ARM.Collect$$libinit$$0000002E          0x0800016c   Section        0  libinit2.o(.ARM.Collect$$libinit$$0000002E)
    .ARM.Collect$$libinit$$00000030          0x0800016c   Section        0  libinit2.o(.ARM.Collect$$libinit$$00000030)
    .ARM.Collect$$libinit$$00000032          0x0800016c   Section        0  libinit2.o(.ARM.Collect$$libinit$$00000032)
    .ARM.Collect$$libinit$$00000033          0x0800016c   Section        2  libinit2.o(.ARM.Collect$$libinit$$00000033)
    .ARM.Collect$$libshutdown$$00000000      0x0800016e   Section        2  libshutdown.o(.ARM.Collect$$libshutdown$$00000000)
    .ARM.Collect$$libshutdown$$00000002      0x08000170   Section        0  libshutdown2.o(.ARM.Collect$$libshutdown$$00000002)
    .ARM.Collect$$libshutdown$$00000004      0x08000170   Section        0  libshutdown2.o(.ARM.Collect$$libshutdown$$00000004)
    .ARM.Collect$$libshutdown$$00000006      0x08000170   Section        0  libshutdown2.o(.ARM.Collect$$libshutdown$$00000006)
    .ARM.Collect$$libshutdown$$00000009      0x08000170   Section        0  libshutdown2.o(.ARM.Collect$$libshutdown$$00000009)
    .ARM.Collect$$libshutdown$$0000000C      0x08000170   Section        0  libshutdown2.o(.ARM.Collect$$libshutdown$$0000000C)
    .ARM.Collect$$libshutdown$$0000000E      0x08000170   Section        0  libshutdown2.o(.ARM.Collect$$libshutdown$$0000000E)
    .ARM.Collect$$libshutdown$$00000011      0x08000170   Section        0  libshutdown2.o(.ARM.Collect$$libshutdown$$00000011)
    .ARM.Collect$$libshutdown$$00000012      0x08000170   Section        2  libshutdown2.o(.ARM.Collect$$libshutdown$$00000012)
    .ARM.Collect$$rtentry$$00000000          0x08000172   Section        0  __rtentry.o(.ARM.Collect$$rtentry$$00000000)
    .ARM.Collect$$rtentry$$00000002          0x08000172   Section        0  __rtentry2.o(.ARM.Collect$$rtentry$$00000002)
    .ARM.Collect$$rtentry$$00000004          0x08000172   Section        6  __rtentry4.o(.ARM.Collect$$rtentry$$00000004)
    .ARM.Collect$$rtentry$$00000009          0x08000178   Section        0  __rtentry2.o(.ARM.Collect$$rtentry$$00000009)
    .ARM.Collect$$rtentry$$0000000A          0x08000178   Section        4  __rtentry2.o(.ARM.Collect$$rtentry$$0000000A)
    .ARM.Collect$$rtentry$$0000000C          0x0800017c   Section        0  __rtentry2.o(.ARM.Collect$$rtentry$$0000000C)
    .ARM.Collect$$rtentry$$0000000D          0x0800017c   Section        8  __rtentry2.o(.ARM.Collect$$rtentry$$0000000D)
    .ARM.Collect$$rtexit$$00000000           0x08000184   Section        2  rtexit.o(.ARM.Collect$$rtexit$$00000000)
    .ARM.Collect$$rtexit$$00000002           0x08000186   Section        0  rtexit2.o(.ARM.Collect$$rtexit$$00000002)
    .ARM.Collect$$rtexit$$00000003           0x08000186   Section        4  rtexit2.o(.ARM.Collect$$rtexit$$00000003)
    .ARM.Collect$$rtexit$$00000004           0x0800018a   Section        6  rtexit2.o(.ARM.Collect$$rtexit$$00000004)
    .text                                    0x08000190   Section       64  startup_stm32f103xb.o(.text)
    .text                                    0x080001d0   Section        0  noretval__2sprintf.o(.text)
    .text                                    0x080001f8   Section        0  __printf.o(.text)
    .text                                    0x08000260   Section        0  _printf_dec.o(.text)
    .text                                    0x080002d8   Section        0  strlen.o(.text)
    .text                                    0x08000316   Section       78  rt_memclr_w.o(.text)
    .text                                    0x08000364   Section        0  heapauxi.o(.text)
    .text                                    0x0800036a   Section        0  _printf_intcommon.o(.text)
    .text                                    0x0800041c   Section        0  _printf_char_common.o(.text)
    _printf_input_char                       0x0800041d   Thumb Code    10  _printf_char_common.o(.text)
    .text                                    0x0800044c   Section        0  _sputc.o(.text)
    .text                                    0x08000456   Section       74  sys_stackheap_outer.o(.text)
    .text                                    0x080004a0   Section        0  exit.o(.text)
    .text                                    0x080004b4   Section        8  libspace.o(.text)
    .text                                    0x080004bc   Section        0  sys_exit.o(.text)
    .text                                    0x080004c8   Section        2  use_no_semi.o(.text)
    .text                                    0x080004ca   Section        0  indicate_semi.o(.text)
    i.BusFault_Handler                       0x080004ca   Section        0  stm32f1xx_it.o(i.BusFault_Handler)
    i.DebugMon_Handler                       0x080004ce   Section        0  stm32f1xx_it.o(i.DebugMon_Handler)
    i.DelayMicro                             0x080004d0   Section        0  nrf24.o(i.DelayMicro)
    DelayMicro                               0x080004d1   Thumb Code    38  nrf24.o(i.DelayMicro)
    i.EXTI2_IRQHandler                       0x08000500   Section        0  stm32f1xx_it.o(i.EXTI2_IRQHandler)
    i.HardFault_Handler                      0x08000528   Section        0  stm32f1xx_it.o(i.HardFault_Handler)
    i.IRQ_Callback                           0x0800052c   Section        0  nrf24.o(i.IRQ_Callback)
    i.LL_APB1_GRP1_EnableClock               0x080005c4   Section        0  main.o(i.LL_APB1_GRP1_EnableClock)
    LL_APB1_GRP1_EnableClock                 0x080005c5   Thumb Code    24  main.o(i.LL_APB1_GRP1_EnableClock)
    i.LL_APB2_GRP1_EnableClock               0x080005e0   Section        0  main.o(i.LL_APB2_GRP1_EnableClock)
    LL_APB2_GRP1_EnableClock                 0x080005e1   Thumb Code    24  main.o(i.LL_APB2_GRP1_EnableClock)
    i.LL_EXTI_DisableEvent_0_31              0x080005fc   Section        0  stm32f1xx_ll_exti.o(i.LL_EXTI_DisableEvent_0_31)
    LL_EXTI_DisableEvent_0_31                0x080005fd   Thumb Code    12  stm32f1xx_ll_exti.o(i.LL_EXTI_DisableEvent_0_31)
    i.LL_EXTI_DisableIT_0_31                 0x0800060c   Section        0  stm32f1xx_ll_exti.o(i.LL_EXTI_DisableIT_0_31)
    LL_EXTI_DisableIT_0_31                   0x0800060d   Thumb Code    12  stm32f1xx_ll_exti.o(i.LL_EXTI_DisableIT_0_31)
    i.LL_EXTI_EnableEvent_0_31               0x0800061c   Section        0  stm32f1xx_ll_exti.o(i.LL_EXTI_EnableEvent_0_31)
    LL_EXTI_EnableEvent_0_31                 0x0800061d   Thumb Code    12  stm32f1xx_ll_exti.o(i.LL_EXTI_EnableEvent_0_31)
    i.LL_EXTI_EnableFallingTrig_0_31         0x0800062c   Section        0  stm32f1xx_ll_exti.o(i.LL_EXTI_EnableFallingTrig_0_31)
    LL_EXTI_EnableFallingTrig_0_31           0x0800062d   Thumb Code    12  stm32f1xx_ll_exti.o(i.LL_EXTI_EnableFallingTrig_0_31)
    i.LL_EXTI_EnableIT_0_31                  0x0800063c   Section        0  stm32f1xx_ll_exti.o(i.LL_EXTI_EnableIT_0_31)
    LL_EXTI_EnableIT_0_31                    0x0800063d   Thumb Code    12  stm32f1xx_ll_exti.o(i.LL_EXTI_EnableIT_0_31)
    i.LL_EXTI_EnableRisingTrig_0_31          0x0800064c   Section        0  stm32f1xx_ll_exti.o(i.LL_EXTI_EnableRisingTrig_0_31)
    LL_EXTI_EnableRisingTrig_0_31            0x0800064d   Thumb Code    12  stm32f1xx_ll_exti.o(i.LL_EXTI_EnableRisingTrig_0_31)
    i.LL_EXTI_Init                           0x0800065c   Section        0  stm32f1xx_ll_exti.o(i.LL_EXTI_Init)
    i.LL_GPIO_Init                           0x08000718   Section        0  stm32f1xx_ll_gpio.o(i.LL_GPIO_Init)
    i.LL_GPIO_ResetOutputPin                 0x08000840   Section        0  nrf24.o(i.LL_GPIO_ResetOutputPin)
    LL_GPIO_ResetOutputPin                   0x08000841   Thumb Code     8  nrf24.o(i.LL_GPIO_ResetOutputPin)
    i.LL_GPIO_ResetOutputPin                 0x08000848   Section        0  main.o(i.LL_GPIO_ResetOutputPin)
    LL_GPIO_ResetOutputPin                   0x08000849   Thumb Code     8  main.o(i.LL_GPIO_ResetOutputPin)
    i.LL_GPIO_SetOutputPin                   0x08000850   Section        0  nrf24.o(i.LL_GPIO_SetOutputPin)
    LL_GPIO_SetOutputPin                     0x08000851   Thumb Code     8  nrf24.o(i.LL_GPIO_SetOutputPin)
    i.LL_GPIO_TogglePin                      0x08000858   Section        0  nrf24.o(i.LL_GPIO_TogglePin)
    LL_GPIO_TogglePin                        0x08000859   Thumb Code    24  nrf24.o(i.LL_GPIO_TogglePin)
    i.LL_Init1msTick                         0x08000870   Section        0  stm32f1xx_ll_utils.o(i.LL_Init1msTick)
    i.LL_PWR_EnableBkUpAccess                0x0800088c   Section        0  main.o(i.LL_PWR_EnableBkUpAccess)
    LL_PWR_EnableBkUpAccess                  0x0800088d   Thumb Code    14  main.o(i.LL_PWR_EnableBkUpAccess)
    i.LL_RCC_EnableRTC                       0x080008a0   Section        0  main.o(i.LL_RCC_EnableRTC)
    LL_RCC_EnableRTC                         0x080008a1   Thumb Code    14  main.o(i.LL_RCC_EnableRTC)
    i.LL_RCC_GetSystemClocksFreq             0x080008b4   Section        0  stm32f1xx_ll_rcc.o(i.LL_RCC_GetSystemClocksFreq)
    i.LL_RTC_ClearFlag_RS                    0x080008d8   Section        0  stm32f1xx_ll_rtc.o(i.LL_RTC_ClearFlag_RS)
    LL_RTC_ClearFlag_RS                      0x080008d9   Thumb Code    10  stm32f1xx_ll_rtc.o(i.LL_RTC_ClearFlag_RS)
    i.LL_RTC_DisableWriteProtection          0x080008e2   Section        0  stm32f1xx_ll_rtc.o(i.LL_RTC_DisableWriteProtection)
    LL_RTC_DisableWriteProtection            0x080008e3   Thumb Code    10  stm32f1xx_ll_rtc.o(i.LL_RTC_DisableWriteProtection)
    i.LL_RTC_EnableWriteProtection           0x080008ec   Section        0  stm32f1xx_ll_rtc.o(i.LL_RTC_EnableWriteProtection)
    LL_RTC_EnableWriteProtection             0x080008ed   Thumb Code    10  stm32f1xx_ll_rtc.o(i.LL_RTC_EnableWriteProtection)
    i.LL_RTC_EnterInitMode                   0x080008f6   Section        0  stm32f1xx_ll_rtc.o(i.LL_RTC_EnterInitMode)
    i.LL_RTC_ExitInitMode                    0x0800093c   Section        0  stm32f1xx_ll_rtc.o(i.LL_RTC_ExitInitMode)
    i.LL_RTC_Init                            0x08000984   Section        0  stm32f1xx_ll_rtc.o(i.LL_RTC_Init)
    i.LL_RTC_IsActiveFlag_RS                 0x08000a18   Section        0  stm32f1xx_ll_rtc.o(i.LL_RTC_IsActiveFlag_RS)
    LL_RTC_IsActiveFlag_RS                   0x08000a19   Thumb Code    10  stm32f1xx_ll_rtc.o(i.LL_RTC_IsActiveFlag_RS)
    i.LL_RTC_IsActiveFlag_RTOF               0x08000a22   Section        0  stm32f1xx_ll_rtc.o(i.LL_RTC_IsActiveFlag_RTOF)
    LL_RTC_IsActiveFlag_RTOF                 0x08000a23   Thumb Code    10  stm32f1xx_ll_rtc.o(i.LL_RTC_IsActiveFlag_RTOF)
    i.LL_RTC_TIME_Init                       0x08000a2c   Section        0  stm32f1xx_ll_rtc.o(i.LL_RTC_TIME_Init)
    i.LL_RTC_TIME_Set                        0x08000ad2   Section        0  stm32f1xx_ll_rtc.o(i.LL_RTC_TIME_Set)
    LL_RTC_TIME_Set                          0x08000ad3   Thumb Code    10  stm32f1xx_ll_rtc.o(i.LL_RTC_TIME_Set)
    i.LL_RTC_WaitForSynchro                  0x08000adc   Section        0  stm32f1xx_ll_rtc.o(i.LL_RTC_WaitForSynchro)
    i.LL_SPI_Init                            0x08000b22   Section        0  stm32f1xx_ll_spi.o(i.LL_SPI_Init)
    i.LL_SPI_IsActiveFlag_RXNE               0x08000b86   Section        0  nrf24.o(i.LL_SPI_IsActiveFlag_RXNE)
    LL_SPI_IsActiveFlag_RXNE                 0x08000b87   Thumb Code    10  nrf24.o(i.LL_SPI_IsActiveFlag_RXNE)
    i.LL_SPI_IsActiveFlag_TXE                0x08000b90   Section        0  nrf24.o(i.LL_SPI_IsActiveFlag_TXE)
    LL_SPI_IsActiveFlag_TXE                  0x08000b91   Thumb Code    10  nrf24.o(i.LL_SPI_IsActiveFlag_TXE)
    i.LL_SPI_TransmitData8                   0x08000b9a   Section        0  nrf24.o(i.LL_SPI_TransmitData8)
    LL_SPI_TransmitData8                     0x08000b9b   Thumb Code     4  nrf24.o(i.LL_SPI_TransmitData8)
    i.LL_SYSTICK_IsActiveCounterFlag         0x08000b9e   Section        0  stm32f1xx_ll_rtc.o(i.LL_SYSTICK_IsActiveCounterFlag)
    LL_SYSTICK_IsActiveCounterFlag           0x08000b9f   Thumb Code    12  stm32f1xx_ll_rtc.o(i.LL_SYSTICK_IsActiveCounterFlag)
    i.LL_SetSystemCoreClock                  0x08000bac   Section        0  stm32f1xx_ll_utils.o(i.LL_SetSystemCoreClock)
    i.LL_TIM_Init                            0x08000bb8   Section        0  stm32f1xx_ll_tim.o(i.LL_TIM_Init)
    i.LL_USART_ConfigAsyncMode               0x08000c3c   Section        0  main.o(i.LL_USART_ConfigAsyncMode)
    LL_USART_ConfigAsyncMode                 0x08000c3d   Thumb Code    18  main.o(i.LL_USART_ConfigAsyncMode)
    i.LL_USART_Enable                        0x08000c4e   Section        0  main.o(i.LL_USART_Enable)
    LL_USART_Enable                          0x08000c4f   Thumb Code    10  main.o(i.LL_USART_Enable)
    i.LL_USART_Init                          0x08000c58   Section        0  stm32f1xx_ll_usart.o(i.LL_USART_Init)
    i.LL_USART_IsEnabled                     0x08000cec   Section        0  stm32f1xx_ll_usart.o(i.LL_USART_IsEnabled)
    LL_USART_IsEnabled                       0x08000ced   Thumb Code    10  stm32f1xx_ll_usart.o(i.LL_USART_IsEnabled)
    i.LL_USART_SetBaudRate                   0x08000cf6   Section        0  stm32f1xx_ll_usart.o(i.LL_USART_SetBaudRate)
    LL_USART_SetBaudRate                     0x08000cf7   Thumb Code   158  stm32f1xx_ll_usart.o(i.LL_USART_SetBaudRate)
    i.MX_GPIO_Init                           0x08000d94   Section        0  main.o(i.MX_GPIO_Init)
    MX_GPIO_Init                             0x08000d95   Thumb Code   266  main.o(i.MX_GPIO_Init)
    i.MX_IWDG_Init                           0x08000eb0   Section        0  main.o(i.MX_IWDG_Init)
    MX_IWDG_Init                             0x08000eb1   Thumb Code    74  main.o(i.MX_IWDG_Init)
    i.MX_RTC_Init                            0x08000f00   Section        0  main.o(i.MX_RTC_Init)
    MX_RTC_Init                              0x08000f01   Thumb Code    98  main.o(i.MX_RTC_Init)
    i.MX_SPI1_Init                           0x08000f68   Section        0  main.o(i.MX_SPI1_Init)
    MX_SPI1_Init                             0x08000f69   Thumb Code   128  main.o(i.MX_SPI1_Init)
    i.MX_TIM2_Init                           0x08000ff0   Section        0  main.o(i.MX_TIM2_Init)
    MX_TIM2_Init                             0x08000ff1   Thumb Code   154  main.o(i.MX_TIM2_Init)
    i.MX_USART1_UART_Init                    0x0800108c   Section        0  main.o(i.MX_USART1_UART_Init)
    MX_USART1_UART_Init                      0x0800108d   Thumb Code   122  main.o(i.MX_USART1_UART_Init)
    i.MX_USART3_UART_Init                    0x08001118   Section        0  main.o(i.MX_USART3_UART_Init)
    MX_USART3_UART_Init                      0x08001119   Thumb Code   122  main.o(i.MX_USART3_UART_Init)
    i.MemManage_Handler                      0x080011a4   Section        0  stm32f1xx_it.o(i.MemManage_Handler)
    i.NMI_Handler                            0x080011a8   Section        0  stm32f1xx_it.o(i.NMI_Handler)
    i.NRF24L01_RX_Mode                       0x080011ac   Section        0  nrf24.o(i.NRF24L01_RX_Mode)
    i.NRF24L01_Receive                       0x080011fc   Section        0  nrf24.o(i.NRF24L01_Receive)
    i.NRF24L01_Send                          0x08001258   Section        0  nrf24.o(i.NRF24L01_Send)
    i.NRF24L01_TX_Mode                       0x080012b0   Section        0  nrf24.o(i.NRF24L01_TX_Mode)
    i.NRF24_FlushRX                          0x080012e4   Section        0  nrf24.o(i.NRF24_FlushRX)
    i.NRF24_FlushTX                          0x0800133c   Section        0  nrf24.o(i.NRF24_FlushTX)
    i.NRF24_ReadReg                          0x08001394   Section        0  nrf24.o(i.NRF24_ReadReg)
    i.NRF24_Read_Buf                         0x08001410   Section        0  nrf24.o(i.NRF24_Read_Buf)
    i.NRF24_ToggleFeatures                   0x08001494   Section        0  nrf24.o(i.NRF24_ToggleFeatures)
    i.NRF24_Transmit                         0x08001514   Section        0  nrf24.o(i.NRF24_Transmit)
    i.NRF24_WriteReg                         0x080015ac   Section        0  nrf24.o(i.NRF24_WriteReg)
    i.NRF24_Write_Buf                        0x0800161c   Section        0  nrf24.o(i.NRF24_Write_Buf)
    i.NRF24_init                             0x080016a4   Section        0  nrf24.o(i.NRF24_init)
    i.NVIC_EncodePriority                    0x08001750   Section        0  main.o(i.NVIC_EncodePriority)
    NVIC_EncodePriority                      0x08001751   Thumb Code    64  main.o(i.NVIC_EncodePriority)
    i.PendSV_Handler                         0x08001790   Section        0  stm32f1xx_it.o(i.PendSV_Handler)
    i.RCC_GetHCLKClockFreq                   0x08001794   Section        0  stm32f1xx_ll_rcc.o(i.RCC_GetHCLKClockFreq)
    i.RCC_GetPCLK1ClockFreq                  0x080017b4   Section        0  stm32f1xx_ll_rcc.o(i.RCC_GetPCLK1ClockFreq)
    i.RCC_GetPCLK2ClockFreq                  0x080017d8   Section        0  stm32f1xx_ll_rcc.o(i.RCC_GetPCLK2ClockFreq)
    i.RCC_GetSystemClockFreq                 0x080017fc   Section        0  stm32f1xx_ll_rcc.o(i.RCC_GetSystemClockFreq)
    i.RCC_PLL_GetFreqDomain_SYS              0x08001838   Section        0  stm32f1xx_ll_rcc.o(i.RCC_PLL_GetFreqDomain_SYS)
    i.SVC_Handler                            0x08001890   Section        0  stm32f1xx_it.o(i.SVC_Handler)
    i.SysTick_Handler                        0x08001892   Section        0  stm32f1xx_it.o(i.SysTick_Handler)
    i.SystemClock_Config                     0x08001894   Section        0  main.o(i.SystemClock_Config)
    i.SystemInit                             0x08001a20   Section        0  system_stm32f1xx.o(i.SystemInit)
    i.TIM2_Callback                          0x08001a22   Section        0  nrf24.o(i.TIM2_Callback)
    i.TIM2_IRQHandler                        0x08001a24   Section        0  stm32f1xx_it.o(i.TIM2_IRQHandler)
    i.USART_TX                               0x08001a2c   Section        0  main.o(i.USART_TX)
    i.UsageFault_Handler                     0x08001a5c   Section        0  stm32f1xx_it.o(i.UsageFault_Handler)
    i.__NVIC_EnableIRQ                       0x08001a60   Section        0  main.o(i.__NVIC_EnableIRQ)
    __NVIC_EnableIRQ                         0x08001a61   Thumb Code    26  main.o(i.__NVIC_EnableIRQ)
    i.__NVIC_GetPriorityGrouping             0x08001a7c   Section        0  main.o(i.__NVIC_GetPriorityGrouping)
    __NVIC_GetPriorityGrouping               0x08001a7d   Thumb Code    10  main.o(i.__NVIC_GetPriorityGrouping)
    i.__NVIC_SetPriority                     0x08001a8c   Section        0  main.o(i.__NVIC_SetPriority)
    __NVIC_SetPriority                       0x08001a8d   Thumb Code    32  main.o(i.__NVIC_SetPriority)
    i.main                                   0x08001ab4   Section        0  main.o(i.main)
    .constdata                               0x08001bc0   Section       24  system_stm32f1xx.o(.constdata)
    .data                                    0x20000000   Section       16  nrf24.o(.data)
    .data                                    0x20000010   Section        6  main.o(.data)
    .data                                    0x20000018   Section        4  system_stm32f1xx.o(.data)
    .bss                                     0x2000001c   Section       40  main.o(.bss)
    .bss                                     0x20000044   Section       96  libspace.o(.bss)
    HEAP                                     0x200000a8   Section      512  startup_stm32f103xb.o(HEAP)
    Heap_Mem                                 0x200000a8   Data         512  startup_stm32f103xb.o(HEAP)
    STACK                                    0x200002a8   Section     1024  startup_stm32f103xb.o(STACK)
    Stack_Mem                                0x200002a8   Data        1024  startup_stm32f103xb.o(STACK)
    __initial_sp                             0x200006a8   Data           0  startup_stm32f103xb.o(STACK)

    Global Symbols

    Symbol Name                              Value     Ov Type        Size  Object(Section)

    BuildAttributes$$THM_ISAv4$P$D$K$B$S$PE$A:L22UL41UL21$X:L11$S22US41US21$IEEE1$IW$USESV6$~STKCKD$USESV7$~SHL$OSPACE$ROPI$EBA8$UX$STANDARDLIB$REQ8$PRES8$EABIv2 0x00000000   Number         0  anon$$obj.o ABSOLUTE
    __ARM_use_no_argv                        0x00000000   Number         0  main.o ABSOLUTE
    __ARM_exceptions_init                     - Undefined Weak Reference
    __alloca_initialize                       - Undefined Weak Reference
    __arm_fini_                               - Undefined Weak Reference
    __arm_preinit_                            - Undefined Weak Reference
    __cpp_initialize__aeabi_                  - Undefined Weak Reference
    __cxa_finalize                            - Undefined Weak Reference
    __rt_locale                               - Undefined Weak Reference
    __sigvec_lookup                           - Undefined Weak Reference
    _atexit_init                              - Undefined Weak Reference
    _call_atexit_fns                          - Undefined Weak Reference
    _clock_init                               - Undefined Weak Reference
    _fp_trap_init                             - Undefined Weak Reference
    _fp_trap_shutdown                         - Undefined Weak Reference
    _get_lc_collate                           - Undefined Weak Reference
    _get_lc_ctype                             - Undefined Weak Reference
    _get_lc_monetary                          - Undefined Weak Reference
    _get_lc_numeric                           - Undefined Weak Reference
    _get_lc_time                              - Undefined Weak Reference
    _getenv_init                              - Undefined Weak Reference
    _handle_redirection                       - Undefined Weak Reference
    _init_alloc                               - Undefined Weak Reference
    _init_user_alloc                          - Undefined Weak Reference
    _initio                                   - Undefined Weak Reference
    _printf_post_padding                      - Undefined Weak Reference
    _printf_pre_padding                       - Undefined Weak Reference
    _printf_truncate_signed                   - Undefined Weak Reference
    _printf_truncate_unsigned                 - Undefined Weak Reference
    _rand_init                                - Undefined Weak Reference
    _signal_finish                            - Undefined Weak Reference
    _signal_init                              - Undefined Weak Reference
    _terminate_alloc                          - Undefined Weak Reference
    _terminate_user_alloc                     - Undefined Weak Reference
    _terminateio                              - Undefined Weak Reference
    __Vectors_Size                           0x000000ec   Number         0  startup_stm32f103xb.o ABSOLUTE
    __Vectors                                0x08000000   Data           4  startup_stm32f103xb.o(RESET)
    __Vectors_End                            0x080000ec   Data           0  startup_stm32f103xb.o(RESET)
    __main                                   0x080000ed   Thumb Code     8  __main.o(!!!main)
    __scatterload                            0x080000f5   Thumb Code     0  __scatter.o(!!!scatter)
    __scatterload_rt2                        0x080000f5   Thumb Code    44  __scatter.o(!!!scatter)
    __scatterload_rt2_thumb_only             0x080000f5   Thumb Code     0  __scatter.o(!!!scatter)
    __scatterload_null                       0x08000103   Thumb Code     0  __scatter.o(!!!scatter)
    __scatterload_copy                       0x08000129   Thumb Code    26  __scatter_copy.o(!!handler_copy)
    __scatterload_zeroinit                   0x08000145   Thumb Code    28  __scatter_zi.o(!!handler_zi)
    _printf_d                                0x08000161   Thumb Code     0  _printf_d.o(.ARM.Collect$$_printf_percent$$00000009)
    _printf_percent                          0x08000161   Thumb Code     0  _printf_percent.o(.ARM.Collect$$_printf_percent$$00000000)
    _printf_percent_end                      0x08000167   Thumb Code     0  _printf_percent_end.o(.ARM.Collect$$_printf_percent$$00000017)
    __rt_lib_init                            0x0800016b   Thumb Code     0  libinit.o(.ARM.Collect$$libinit$$00000000)
    __rt_lib_init_alloca_1                   0x0800016d   Thumb Code     0  libinit2.o(.ARM.Collect$$libinit$$0000002E)
    __rt_lib_init_argv_1                     0x0800016d   Thumb Code     0  libinit2.o(.ARM.Collect$$libinit$$0000002C)
    __rt_lib_init_atexit_1                   0x0800016d   Thumb Code     0  libinit2.o(.ARM.Collect$$libinit$$0000001B)
    __rt_lib_init_clock_1                    0x0800016d   Thumb Code     0  libinit2.o(.ARM.Collect$$libinit$$00000021)
    __rt_lib_init_cpp_1                      0x0800016d   Thumb Code     0  libinit2.o(.ARM.Collect$$libinit$$00000032)
    __rt_lib_init_exceptions_1               0x0800016d   Thumb Code     0  libinit2.o(.ARM.Collect$$libinit$$00000030)
    __rt_lib_init_fp_1                       0x0800016d   Thumb Code     0  libinit2.o(.ARM.Collect$$libinit$$00000002)
    __rt_lib_init_fp_trap_1                  0x0800016d   Thumb Code     0  libinit2.o(.ARM.Collect$$libinit$$0000001F)
    __rt_lib_init_getenv_1                   0x0800016d   Thumb Code     0  libinit2.o(.ARM.Collect$$libinit$$00000023)
    __rt_lib_init_heap_1                     0x0800016d   Thumb Code     0  libinit2.o(.ARM.Collect$$libinit$$0000000A)
    __rt_lib_init_lc_collate_1               0x0800016d   Thumb Code     0  libinit2.o(.ARM.Collect$$libinit$$00000011)
    __rt_lib_init_lc_ctype_1                 0x0800016d   Thumb Code     0  libinit2.o(.ARM.Collect$$libinit$$00000013)
    __rt_lib_init_lc_monetary_1              0x0800016d   Thumb Code     0  libinit2.o(.ARM.Collect$$libinit$$00000015)
    __rt_lib_init_lc_numeric_1               0x0800016d   Thumb Code     0  libinit2.o(.ARM.Collect$$libinit$$00000017)
    __rt_lib_init_lc_time_1                  0x0800016d   Thumb Code     0  libinit2.o(.ARM.Collect$$libinit$$00000019)
    __rt_lib_init_preinit_1                  0x0800016d   Thumb Code     0  libinit2.o(.ARM.Collect$$libinit$$00000004)
    __rt_lib_init_rand_1                     0x0800016d   Thumb Code     0  libinit2.o(.ARM.Collect$$libinit$$0000000E)
    __rt_lib_init_return                     0x0800016d   Thumb Code     0  libinit2.o(.ARM.Collect$$libinit$$00000033)
    __rt_lib_init_signal_1                   0x0800016d   Thumb Code     0  libinit2.o(.ARM.Collect$$libinit$$0000001D)
    __rt_lib_init_stdio_1                    0x0800016d   Thumb Code     0  libinit2.o(.ARM.Collect$$libinit$$00000025)
    __rt_lib_init_user_alloc_1               0x0800016d   Thumb Code     0  libinit2.o(.ARM.Collect$$libinit$$0000000C)
    __rt_lib_shutdown                        0x0800016f   Thumb Code     0  libshutdown.o(.ARM.Collect$$libshutdown$$00000000)
    __rt_lib_shutdown_cpp_1                  0x08000171   Thumb Code     0  libshutdown2.o(.ARM.Collect$$libshutdown$$00000004)
    __rt_lib_shutdown_fini_1                 0x08000171   Thumb Code     0  libshutdown2.o(.ARM.Collect$$libshutdown$$00000002)
    __rt_lib_shutdown_fp_trap_1              0x08000171   Thumb Code     0  libshutdown2.o(.ARM.Collect$$libshutdown$$00000009)
    __rt_lib_shutdown_heap_1                 0x08000171   Thumb Code     0  libshutdown2.o(.ARM.Collect$$libshutdown$$00000011)
    __rt_lib_shutdown_return                 0x08000171   Thumb Code     0  libshutdown2.o(.ARM.Collect$$libshutdown$$00000012)
    __rt_lib_shutdown_signal_1               0x08000171   Thumb Code     0  libshutdown2.o(.ARM.Collect$$libshutdown$$0000000C)
    __rt_lib_shutdown_stdio_1                0x08000171   Thumb Code     0  libshutdown2.o(.ARM.Collect$$libshutdown$$00000006)
    __rt_lib_shutdown_user_alloc_1           0x08000171   Thumb Code     0  libshutdown2.o(.ARM.Collect$$libshutdown$$0000000E)
    __rt_entry                               0x08000173   Thumb Code     0  __rtentry.o(.ARM.Collect$$rtentry$$00000000)
    __rt_entry_presh_1                       0x08000173   Thumb Code     0  __rtentry2.o(.ARM.Collect$$rtentry$$00000002)
    __rt_entry_sh                            0x08000173   Thumb Code     0  __rtentry4.o(.ARM.Collect$$rtentry$$00000004)
    __rt_entry_li                            0x08000179   Thumb Code     0  __rtentry2.o(.ARM.Collect$$rtentry$$0000000A)
    __rt_entry_postsh_1                      0x08000179   Thumb Code     0  __rtentry2.o(.ARM.Collect$$rtentry$$00000009)
    __rt_entry_main                          0x0800017d   Thumb Code     0  __rtentry2.o(.ARM.Collect$$rtentry$$0000000D)
    __rt_entry_postli_1                      0x0800017d   Thumb Code     0  __rtentry2.o(.ARM.Collect$$rtentry$$0000000C)
    __rt_exit                                0x08000185   Thumb Code     0  rtexit.o(.ARM.Collect$$rtexit$$00000000)
    __rt_exit_ls                             0x08000187   Thumb Code     0  rtexit2.o(.ARM.Collect$$rtexit$$00000003)
    __rt_exit_prels_1                        0x08000187   Thumb Code     0  rtexit2.o(.ARM.Collect$$rtexit$$00000002)
    __rt_exit_exit                           0x0800018b   Thumb Code     0  rtexit2.o(.ARM.Collect$$rtexit$$00000004)
    Reset_Handler                            0x08000191   Thumb Code     8  startup_stm32f103xb.o(.text)
    ADC1_2_IRQHandler                        0x080001ab   Thumb Code     0  startup_stm32f103xb.o(.text)
    CAN1_RX1_IRQHandler                      0x080001ab   Thumb Code     0  startup_stm32f103xb.o(.text)
    CAN1_SCE_IRQHandler                      0x080001ab   Thumb Code     0  startup_stm32f103xb.o(.text)
    DMA1_Channel1_IRQHandler                 0x080001ab   Thumb Code     0  startup_stm32f103xb.o(.text)
    DMA1_Channel2_IRQHandler                 0x080001ab   Thumb Code     0  startup_stm32f103xb.o(.text)
    DMA1_Channel3_IRQHandler                 0x080001ab   Thumb Code     0  startup_stm32f103xb.o(.text)
    DMA1_Channel4_IRQHandler                 0x080001ab   Thumb Code     0  startup_stm32f103xb.o(.text)
    DMA1_Channel5_IRQHandler                 0x080001ab   Thumb Code     0  startup_stm32f103xb.o(.text)
    DMA1_Channel6_IRQHandler                 0x080001ab   Thumb Code     0  startup_stm32f103xb.o(.text)
    DMA1_Channel7_IRQHandler                 0x080001ab   Thumb Code     0  startup_stm32f103xb.o(.text)
    EXTI0_IRQHandler                         0x080001ab   Thumb Code     0  startup_stm32f103xb.o(.text)
    EXTI15_10_IRQHandler                     0x080001ab   Thumb Code     0  startup_stm32f103xb.o(.text)
    EXTI1_IRQHandler                         0x080001ab   Thumb Code     0  startup_stm32f103xb.o(.text)
    EXTI3_IRQHandler                         0x080001ab   Thumb Code     0  startup_stm32f103xb.o(.text)
    EXTI4_IRQHandler                         0x080001ab   Thumb Code     0  startup_stm32f103xb.o(.text)
    EXTI9_5_IRQHandler                       0x080001ab   Thumb Code     0  startup_stm32f103xb.o(.text)
    FLASH_IRQHandler                         0x080001ab   Thumb Code     0  startup_stm32f103xb.o(.text)
    I2C1_ER_IRQHandler                       0x080001ab   Thumb Code     0  startup_stm32f103xb.o(.text)
    I2C1_EV_IRQHandler                       0x080001ab   Thumb Code     0  startup_stm32f103xb.o(.text)
    I2C2_ER_IRQHandler                       0x080001ab   Thumb Code     0  startup_stm32f103xb.o(.text)
    I2C2_EV_IRQHandler                       0x080001ab   Thumb Code     0  startup_stm32f103xb.o(.text)
    PVD_IRQHandler                           0x080001ab   Thumb Code     0  startup_stm32f103xb.o(.text)
    RCC_IRQHandler                           0x080001ab   Thumb Code     0  startup_stm32f103xb.o(.text)
    RTC_Alarm_IRQHandler                     0x080001ab   Thumb Code     0  startup_stm32f103xb.o(.text)
    RTC_IRQHandler                           0x080001ab   Thumb Code     0  startup_stm32f103xb.o(.text)
    SPI1_IRQHandler                          0x080001ab   Thumb Code     0  startup_stm32f103xb.o(.text)
    SPI2_IRQHandler                          0x080001ab   Thumb Code     0  startup_stm32f103xb.o(.text)
    TAMPER_IRQHandler                        0x080001ab   Thumb Code     0  startup_stm32f103xb.o(.text)
    TIM1_BRK_IRQHandler                      0x080001ab   Thumb Code     0  startup_stm32f103xb.o(.text)
    TIM1_CC_IRQHandler                       0x080001ab   Thumb Code     0  startup_stm32f103xb.o(.text)
    TIM1_TRG_COM_IRQHandler                  0x080001ab   Thumb Code     0  startup_stm32f103xb.o(.text)
    TIM1_UP_IRQHandler                       0x080001ab   Thumb Code     0  startup_stm32f103xb.o(.text)
    TIM3_IRQHandler                          0x080001ab   Thumb Code     0  startup_stm32f103xb.o(.text)
    TIM4_IRQHandler                          0x080001ab   Thumb Code     0  startup_stm32f103xb.o(.text)
    USART1_IRQHandler                        0x080001ab   Thumb Code     0  startup_stm32f103xb.o(.text)
    USART2_IRQHandler                        0x080001ab   Thumb Code     0  startup_stm32f103xb.o(.text)
    USART3_IRQHandler                        0x080001ab   Thumb Code     0  startup_stm32f103xb.o(.text)
    USBWakeUp_IRQHandler                     0x080001ab   Thumb Code     0  startup_stm32f103xb.o(.text)
    USB_HP_CAN1_TX_IRQHandler                0x080001ab   Thumb Code     0  startup_stm32f103xb.o(.text)
    USB_LP_CAN1_RX0_IRQHandler               0x080001ab   Thumb Code     0  startup_stm32f103xb.o(.text)
    WWDG_IRQHandler                          0x080001ab   Thumb Code     0  startup_stm32f103xb.o(.text)
    __user_initial_stackheap                 0x080001ad   Thumb Code     0  startup_stm32f103xb.o(.text)
    __2sprintf                               0x080001d1   Thumb Code    34  noretval__2sprintf.o(.text)
    __printf                                 0x080001f9   Thumb Code   104  __printf.o(.text)
    _printf_int_dec                          0x08000261   Thumb Code   104  _printf_dec.o(.text)
    strlen                                   0x080002d9   Thumb Code    62  strlen.o(.text)
    __aeabi_memclr4                          0x08000317   Thumb Code     0  rt_memclr_w.o(.text)
    __aeabi_memclr8                          0x08000317   Thumb Code     0  rt_memclr_w.o(.text)
    __rt_memclr_w                            0x08000317   Thumb Code    78  rt_memclr_w.o(.text)
    _memset_w                                0x0800031b   Thumb Code     0  rt_memclr_w.o(.text)
    __use_two_region_memory                  0x08000365   Thumb Code     2  heapauxi.o(.text)
    __rt_heap_escrow$2region                 0x08000367   Thumb Code     2  heapauxi.o(.text)
    __rt_heap_expand$2region                 0x08000369   Thumb Code     2  heapauxi.o(.text)
    _printf_int_common                       0x0800036b   Thumb Code   178  _printf_intcommon.o(.text)
    _printf_char_common                      0x08000427   Thumb Code    32  _printf_char_common.o(.text)
    _sputc                                   0x0800044d   Thumb Code    10  _sputc.o(.text)
    __user_setup_stackheap                   0x08000457   Thumb Code    74  sys_stackheap_outer.o(.text)
    exit                                     0x080004a1   Thumb Code    18  exit.o(.text)
    __user_libspace                          0x080004b5   Thumb Code     8  libspace.o(.text)
    __user_perproc_libspace                  0x080004b5   Thumb Code     0  libspace.o(.text)
    __user_perthread_libspace                0x080004b5   Thumb Code     0  libspace.o(.text)
    _sys_exit                                0x080004bd   Thumb Code     8  sys_exit.o(.text)
    __I$use$semihosting                      0x080004c9   Thumb Code     0  use_no_semi.o(.text)
    __use_no_semihosting_swi                 0x080004c9   Thumb Code     2  use_no_semi.o(.text)
    BusFault_Handler                         0x080004cb   Thumb Code     4  stm32f1xx_it.o(i.BusFault_Handler)
    __semihosting_library_function           0x080004cb   Thumb Code     0  indicate_semi.o(.text)
    DebugMon_Handler                         0x080004cf   Thumb Code     2  stm32f1xx_it.o(i.DebugMon_Handler)
    EXTI2_IRQHandler                         0x08000501   Thumb Code    36  stm32f1xx_it.o(i.EXTI2_IRQHandler)
    HardFault_Handler                        0x08000529   Thumb Code     4  stm32f1xx_it.o(i.HardFault_Handler)
    IRQ_Callback                             0x0800052d   Thumb Code   130  nrf24.o(i.IRQ_Callback)
    LL_EXTI_Init                             0x0800065d   Thumb Code   184  stm32f1xx_ll_exti.o(i.LL_EXTI_Init)
    LL_GPIO_Init                             0x08000719   Thumb Code   296  stm32f1xx_ll_gpio.o(i.LL_GPIO_Init)
    LL_Init1msTick                           0x08000871   Thumb Code    28  stm32f1xx_ll_utils.o(i.LL_Init1msTick)
    LL_RCC_GetSystemClocksFreq               0x080008b5   Thumb Code    36  stm32f1xx_ll_rcc.o(i.LL_RCC_GetSystemClocksFreq)
    LL_RTC_EnterInitMode                     0x080008f7   Thumb Code    70  stm32f1xx_ll_rtc.o(i.LL_RTC_EnterInitMode)
    LL_RTC_ExitInitMode                      0x0800093d   Thumb Code    70  stm32f1xx_ll_rtc.o(i.LL_RTC_ExitInitMode)
    LL_RTC_Init                              0x08000985   Thumb Code   144  stm32f1xx_ll_rtc.o(i.LL_RTC_Init)
    LL_RTC_TIME_Init                         0x08000a2d   Thumb Code   166  stm32f1xx_ll_rtc.o(i.LL_RTC_TIME_Init)
    LL_RTC_WaitForSynchro                    0x08000add   Thumb Code    70  stm32f1xx_ll_rtc.o(i.LL_RTC_WaitForSynchro)
    LL_SPI_Init                              0x08000b23   Thumb Code   100  stm32f1xx_ll_spi.o(i.LL_SPI_Init)
    LL_SetSystemCoreClock                    0x08000bad   Thumb Code     6  stm32f1xx_ll_utils.o(i.LL_SetSystemCoreClock)
    LL_TIM_Init                              0x08000bb9   Thumb Code   118  stm32f1xx_ll_tim.o(i.LL_TIM_Init)
    LL_USART_Init                            0x08000c59   Thumb Code   134  stm32f1xx_ll_usart.o(i.LL_USART_Init)
    MemManage_Handler                        0x080011a5   Thumb Code     4  stm32f1xx_it.o(i.MemManage_Handler)
    NMI_Handler                              0x080011a9   Thumb Code     4  stm32f1xx_it.o(i.NMI_Handler)
    NRF24L01_RX_Mode                         0x080011ad   Thumb Code    70  nrf24.o(i.NRF24L01_RX_Mode)
    NRF24L01_Receive                         0x080011fd   Thumb Code    60  nrf24.o(i.NRF24L01_Receive)
    NRF24L01_Send                            0x08001259   Thumb Code    82  nrf24.o(i.NRF24L01_Send)
    NRF24L01_TX_Mode                         0x080012b1   Thumb Code    44  nrf24.o(i.NRF24L01_TX_Mode)
    NRF24_FlushRX                            0x080012e5   Thumb Code    74  nrf24.o(i.NRF24_FlushRX)
    NRF24_FlushTX                            0x0800133d   Thumb Code    74  nrf24.o(i.NRF24_FlushTX)
    NRF24_ReadReg                            0x08001395   Thumb Code   116  nrf24.o(i.NRF24_ReadReg)
    NRF24_Read_Buf                           0x08001411   Thumb Code   122  nrf24.o(i.NRF24_Read_Buf)
    NRF24_ToggleFeatures                     0x08001495   Thumb Code   116  nrf24.o(i.NRF24_ToggleFeatures)
    NRF24_Transmit                           0x08001515   Thumb Code   144  nrf24.o(i.NRF24_Transmit)
    NRF24_WriteReg                           0x080015ad   Thumb Code   104  nrf24.o(i.NRF24_WriteReg)
    NRF24_Write_Buf                          0x0800161d   Thumb Code   128  nrf24.o(i.NRF24_Write_Buf)
    NRF24_init                               0x080016a5   Thumb Code   154  nrf24.o(i.NRF24_init)
    PendSV_Handler                           0x08001791   Thumb Code     2  stm32f1xx_it.o(i.PendSV_Handler)
    RCC_GetHCLKClockFreq                     0x08001795   Thumb Code    24  stm32f1xx_ll_rcc.o(i.RCC_GetHCLKClockFreq)
    RCC_GetPCLK1ClockFreq                    0x080017b5   Thumb Code    26  stm32f1xx_ll_rcc.o(i.RCC_GetPCLK1ClockFreq)
    RCC_GetPCLK2ClockFreq                    0x080017d9   Thumb Code    26  stm32f1xx_ll_rcc.o(i.RCC_GetPCLK2ClockFreq)
    RCC_GetSystemClockFreq                   0x080017fd   Thumb Code    52  stm32f1xx_ll_rcc.o(i.RCC_GetSystemClockFreq)
    RCC_PLL_GetFreqDomain_SYS                0x08001839   Thumb Code    76  stm32f1xx_ll_rcc.o(i.RCC_PLL_GetFreqDomain_SYS)
    SVC_Handler                              0x08001891   Thumb Code     2  stm32f1xx_it.o(i.SVC_Handler)
    SysTick_Handler                          0x08001893   Thumb Code     2  stm32f1xx_it.o(i.SysTick_Handler)
    SystemClock_Config                       0x08001895   Thumb Code   384  main.o(i.SystemClock_Config)
    SystemInit                               0x08001a21   Thumb Code     2  system_stm32f1xx.o(i.SystemInit)
    TIM2_Callback                            0x08001a23   Thumb Code     2  nrf24.o(i.TIM2_Callback)
    TIM2_IRQHandler                          0x08001a25   Thumb Code     8  stm32f1xx_it.o(i.TIM2_IRQHandler)
    USART_TX                                 0x08001a2d   Thumb Code    42  main.o(i.USART_TX)
    UsageFault_Handler                       0x08001a5d   Thumb Code     4  stm32f1xx_it.o(i.UsageFault_Handler)
    main                                     0x08001ab5   Thumb Code   222  main.o(i.main)
    AHBPrescTable                            0x08001bc0   Data          16  system_stm32f1xx.o(.constdata)
    APBPrescTable                            0x08001bd0   Data           8  system_stm32f1xx.o(.constdata)
    Region$$Table$$Base                      0x08001bd8   Number         0  anon$$obj.o(Region$$Table)
    Region$$Table$$Limit                     0x08001bf8   Number         0  anon$$obj.o(Region$$Table)
    TX_ADDRESS0                              0x20000000   Data           3  nrf24.o(.data)
    TX_ADDRESS1                              0x20000003   Data           3  nrf24.o(.data)
    rx_buf                                   0x20000006   Data           6  nrf24.o(.data)
    rx_flag                                  0x2000000c   Data           1  nrf24.o(.data)
    tx_flag                                  0x2000000d   Data           1  nrf24.o(.data)
    cnt1                                     0x2000000e   Data           2  nrf24.o(.data)
    buf                                      0x20000010   Data           5  main.o(.data)
    f_send                                   0x20000015   Data           1  main.o(.data)
    SystemCoreClock                          0x20000018   Data           4  system_stm32f1xx.o(.data)
    str1                                     0x2000001c   Data          20  main.o(.bss)
    buf1                                     0x20000030   Data          20  main.o(.bss)
    __libspace_start                         0x20000044   Data          96  libspace.o(.bss)
    __temporary_stack_top$libspace           0x200000a4   Data           0  libspace.o(.bss)



==============================================================================

Memory Map of the image

  Image Entry point : 0x080000ed

  Load Region LR_IROM1 (Base: 0x08000000, Size: 0x00001c14, Max: 0x00010000, ABSOLUTE)

    Execution Region ER_IROM1 (Exec base: 0x08000000, Load base: 0x08000000, Size: 0x00001bf8, Max: 0x00010000, ABSOLUTE)

    Exec Addr    Load Addr    Size         Type   Attr      Idx    E Section Name        Object

    0x08000000   0x08000000   0x000000ec   Data   RO            3    RESET               startup_stm32f103xb.o
    0x080000ec   0x080000ec   0x00000008   Code   RO         1358  * !!!main             c_w.l(__main.o)
    0x080000f4   0x080000f4   0x00000034   Code   RO         1526    !!!scatter          c_w.l(__scatter.o)
    0x08000128   0x08000128   0x0000001a   Code   RO         1528    !!handler_copy      c_w.l(__scatter_copy.o)
    0x08000142   0x08000142   0x00000002   PAD
    0x08000144   0x08000144   0x0000001c   Code   RO         1530    !!handler_zi        c_w.l(__scatter_zi.o)
    0x08000160   0x08000160   0x00000000   Code   RO         1351    .ARM.Collect$$_printf_percent$$00000000  c_w.l(_printf_percent.o)
    0x08000160   0x08000160   0x00000006   Code   RO         1350    .ARM.Collect$$_printf_percent$$00000009  c_w.l(_printf_d.o)
    0x08000166   0x08000166   0x00000004   Code   RO         1367    .ARM.Collect$$_printf_percent$$00000017  c_w.l(_printf_percent_end.o)
    0x0800016a   0x0800016a   0x00000002   Code   RO         1394    .ARM.Collect$$libinit$$00000000  c_w.l(libinit.o)
    0x0800016c   0x0800016c   0x00000000   Code   RO         1401    .ARM.Collect$$libinit$$00000002  c_w.l(libinit2.o)
    0x0800016c   0x0800016c   0x00000000   Code   RO         1403    .ARM.Collect$$libinit$$00000004  c_w.l(libinit2.o)
    0x0800016c   0x0800016c   0x00000000   Code   RO         1406    .ARM.Collect$$libinit$$0000000A  c_w.l(libinit2.o)
    0x0800016c   0x0800016c   0x00000000   Code   RO         1408    .ARM.Collect$$libinit$$0000000C  c_w.l(libinit2.o)
    0x0800016c   0x0800016c   0x00000000   Code   RO         1410    .ARM.Collect$$libinit$$0000000E  c_w.l(libinit2.o)
    0x0800016c   0x0800016c   0x00000000   Code   RO         1413    .ARM.Collect$$libinit$$00000011  c_w.l(libinit2.o)
    0x0800016c   0x0800016c   0x00000000   Code   RO         1415    .ARM.Collect$$libinit$$00000013  c_w.l(libinit2.o)
    0x0800016c   0x0800016c   0x00000000   Code   RO         1417    .ARM.Collect$$libinit$$00000015  c_w.l(libinit2.o)
    0x0800016c   0x0800016c   0x00000000   Code   RO         1419    .ARM.Collect$$libinit$$00000017  c_w.l(libinit2.o)
    0x0800016c   0x0800016c   0x00000000   Code   RO         1421    .ARM.Collect$$libinit$$00000019  c_w.l(libinit2.o)
    0x0800016c   0x0800016c   0x00000000   Code   RO         1423    .ARM.Collect$$libinit$$0000001B  c_w.l(libinit2.o)
    0x0800016c   0x0800016c   0x00000000   Code   RO         1425    .ARM.Collect$$libinit$$0000001D  c_w.l(libinit2.o)
    0x0800016c   0x0800016c   0x00000000   Code   RO         1427    .ARM.Collect$$libinit$$0000001F  c_w.l(libinit2.o)
    0x0800016c   0x0800016c   0x00000000   Code   RO         1429    .ARM.Collect$$libinit$$00000021  c_w.l(libinit2.o)
    0x0800016c   0x0800016c   0x00000000   Code   RO         1431    .ARM.Collect$$libinit$$00000023  c_w.l(libinit2.o)
    0x0800016c   0x0800016c   0x00000000   Code   RO         1433    .ARM.Collect$$libinit$$00000025  c_w.l(libinit2.o)
    0x0800016c   0x0800016c   0x00000000   Code   RO         1437    .ARM.Collect$$libinit$$0000002C  c_w.l(libinit2.o)
    0x0800016c   0x0800016c   0x00000000   Code   RO         1439    .ARM.Collect$$libinit$$0000002E  c_w.l(libinit2.o)
    0x0800016c   0x0800016c   0x00000000   Code   RO         1441    .ARM.Collect$$libinit$$00000030  c_w.l(libinit2.o)
    0x0800016c   0x0800016c   0x00000000   Code   RO         1443    .ARM.Collect$$libinit$$00000032  c_w.l(libinit2.o)
    0x0800016c   0x0800016c   0x00000002   Code   RO         1444    .ARM.Collect$$libinit$$00000033  c_w.l(libinit2.o)
    0x0800016e   0x0800016e   0x00000002   Code   RO         1464    .ARM.Collect$$libshutdown$$00000000  c_w.l(libshutdown.o)
    0x08000170   0x08000170   0x00000000   Code   RO         1477    .ARM.Collect$$libshutdown$$00000002  c_w.l(libshutdown2.o)
    0x08000170   0x08000170   0x00000000   Code   RO         1479    .ARM.Collect$$libshutdown$$00000004  c_w.l(libshutdown2.o)
    0x08000170   0x08000170   0x00000000   Code   RO         1481    .ARM.Collect$$libshutdown$$00000006  c_w.l(libshutdown2.o)
    0x08000170   0x08000170   0x00000000   Code   RO         1484    .ARM.Collect$$libshutdown$$00000009  c_w.l(libshutdown2.o)
    0x08000170   0x08000170   0x00000000   Code   RO         1487    .ARM.Collect$$libshutdown$$0000000C  c_w.l(libshutdown2.o)
    0x08000170   0x08000170   0x00000000   Code   RO         1489    .ARM.Collect$$libshutdown$$0000000E  c_w.l(libshutdown2.o)
    0x08000170   0x08000170   0x00000000   Code   RO         1492    .ARM.Collect$$libshutdown$$00000011  c_w.l(libshutdown2.o)
    0x08000170   0x08000170   0x00000002   Code   RO         1493    .ARM.Collect$$libshutdown$$00000012  c_w.l(libshutdown2.o)
    0x08000172   0x08000172   0x00000000   Code   RO         1360    .ARM.Collect$$rtentry$$00000000  c_w.l(__rtentry.o)
    0x08000172   0x08000172   0x00000000   Code   RO         1369    .ARM.Collect$$rtentry$$00000002  c_w.l(__rtentry2.o)
    0x08000172   0x08000172   0x00000006   Code   RO         1381    .ARM.Collect$$rtentry$$00000004  c_w.l(__rtentry4.o)
    0x08000178   0x08000178   0x00000000   Code   RO         1371    .ARM.Collect$$rtentry$$00000009  c_w.l(__rtentry2.o)
    0x08000178   0x08000178   0x00000004   Code   RO         1372    .ARM.Collect$$rtentry$$0000000A  c_w.l(__rtentry2.o)
    0x0800017c   0x0800017c   0x00000000   Code   RO         1374    .ARM.Collect$$rtentry$$0000000C  c_w.l(__rtentry2.o)
    0x0800017c   0x0800017c   0x00000008   Code   RO         1375    .ARM.Collect$$rtentry$$0000000D  c_w.l(__rtentry2.o)
    0x08000184   0x08000184   0x00000002   Code   RO         1398    .ARM.Collect$$rtexit$$00000000  c_w.l(rtexit.o)
    0x08000186   0x08000186   0x00000000   Code   RO         1446    .ARM.Collect$$rtexit$$00000002  c_w.l(rtexit2.o)
    0x08000186   0x08000186   0x00000004   Code   RO         1447    .ARM.Collect$$rtexit$$00000003  c_w.l(rtexit2.o)
    0x0800018a   0x0800018a   0x00000006   Code   RO         1448    .ARM.Collect$$rtexit$$00000004  c_w.l(rtexit2.o)
    0x08000190   0x08000190   0x00000040   Code   RO            4    .text               startup_stm32f103xb.o
    0x080001d0   0x080001d0   0x00000028   Code   RO         1324    .text               c_w.l(noretval__2sprintf.o)
    0x080001f8   0x080001f8   0x00000068   Code   RO         1326    .text               c_w.l(__printf.o)
    0x08000260   0x08000260   0x00000078   Code   RO         1328    .text               c_w.l(_printf_dec.o)
    0x080002d8   0x080002d8   0x0000003e   Code   RO         1352    .text               c_w.l(strlen.o)
    0x08000316   0x08000316   0x0000004e   Code   RO         1354    .text               c_w.l(rt_memclr_w.o)
    0x08000364   0x08000364   0x00000006   Code   RO         1356    .text               c_w.l(heapauxi.o)
    0x0800036a   0x0800036a   0x000000b2   Code   RO         1361    .text               c_w.l(_printf_intcommon.o)
    0x0800041c   0x0800041c   0x00000030   Code   RO         1363    .text               c_w.l(_printf_char_common.o)
    0x0800044c   0x0800044c   0x0000000a   Code   RO         1365    .text               c_w.l(_sputc.o)
    0x08000456   0x08000456   0x0000004a   Code   RO         1385    .text               c_w.l(sys_stackheap_outer.o)
    0x080004a0   0x080004a0   0x00000012   Code   RO         1387    .text               c_w.l(exit.o)
    0x080004b2   0x080004b2   0x00000002   PAD
    0x080004b4   0x080004b4   0x00000008   Code   RO         1395    .text               c_w.l(libspace.o)
    0x080004bc   0x080004bc   0x0000000c   Code   RO         1456    .text               c_w.l(sys_exit.o)
    0x080004c8   0x080004c8   0x00000002   Code   RO         1467    .text               c_w.l(use_no_semi.o)
    0x080004ca   0x080004ca   0x00000000   Code   RO         1469    .text               c_w.l(indicate_semi.o)
    0x080004ca   0x080004ca   0x00000004   Code   RO          414    i.BusFault_Handler  stm32f1xx_it.o
    0x080004ce   0x080004ce   0x00000002   Code   RO          415    i.DebugMon_Handler  stm32f1xx_it.o
    0x080004d0   0x080004d0   0x00000030   Code   RO           13    i.DelayMicro        nrf24.o
    0x08000500   0x08000500   0x00000028   Code   RO          416    i.EXTI2_IRQHandler  stm32f1xx_it.o
    0x08000528   0x08000528   0x00000004   Code   RO          417    i.HardFault_Handler  stm32f1xx_it.o
    0x0800052c   0x0800052c   0x00000098   Code   RO           14    i.IRQ_Callback      nrf24.o
    0x080005c4   0x080005c4   0x0000001c   Code   RO          244    i.LL_APB1_GRP1_EnableClock  main.o
    0x080005e0   0x080005e0   0x0000001c   Code   RO          245    i.LL_APB2_GRP1_EnableClock  main.o
    0x080005fc   0x080005fc   0x00000010   Code   RO          745    i.LL_EXTI_DisableEvent_0_31  stm32f1xx_ll_exti.o
    0x0800060c   0x0800060c   0x00000010   Code   RO          746    i.LL_EXTI_DisableIT_0_31  stm32f1xx_ll_exti.o
    0x0800061c   0x0800061c   0x00000010   Code   RO          747    i.LL_EXTI_EnableEvent_0_31  stm32f1xx_ll_exti.o
    0x0800062c   0x0800062c   0x00000010   Code   RO          748    i.LL_EXTI_EnableFallingTrig_0_31  stm32f1xx_ll_exti.o
    0x0800063c   0x0800063c   0x00000010   Code   RO          749    i.LL_EXTI_EnableIT_0_31  stm32f1xx_ll_exti.o
    0x0800064c   0x0800064c   0x00000010   Code   RO          750    i.LL_EXTI_EnableRisingTrig_0_31  stm32f1xx_ll_exti.o
    0x0800065c   0x0800065c   0x000000bc   Code   RO          751    i.LL_EXTI_Init      stm32f1xx_ll_exti.o
    0x08000718   0x08000718   0x00000128   Code   RO          515    i.LL_GPIO_Init      stm32f1xx_ll_gpio.o
    0x08000840   0x08000840   0x00000008   Code   RO           15    i.LL_GPIO_ResetOutputPin  nrf24.o
    0x08000848   0x08000848   0x00000008   Code   RO          246    i.LL_GPIO_ResetOutputPin  main.o
    0x08000850   0x08000850   0x00000008   Code   RO           16    i.LL_GPIO_SetOutputPin  nrf24.o
    0x08000858   0x08000858   0x00000018   Code   RO           17    i.LL_GPIO_TogglePin  nrf24.o
    0x08000870   0x08000870   0x0000001c   Code   RO          644    i.LL_Init1msTick    stm32f1xx_ll_utils.o
    0x0800088c   0x0800088c   0x00000014   Code   RO          247    i.LL_PWR_EnableBkUpAccess  main.o
    0x080008a0   0x080008a0   0x00000014   Code   RO          248    i.LL_RCC_EnableRTC  main.o
    0x080008b4   0x080008b4   0x00000024   Code   RO          566    i.LL_RCC_GetSystemClocksFreq  stm32f1xx_ll_rcc.o
    0x080008d8   0x080008d8   0x0000000a   Code   RO          817    i.LL_RTC_ClearFlag_RS  stm32f1xx_ll_rtc.o
    0x080008e2   0x080008e2   0x0000000a   Code   RO          819    i.LL_RTC_DisableWriteProtection  stm32f1xx_ll_rtc.o
    0x080008ec   0x080008ec   0x0000000a   Code   RO          820    i.LL_RTC_EnableWriteProtection  stm32f1xx_ll_rtc.o
    0x080008f6   0x080008f6   0x00000046   Code   RO          821    i.LL_RTC_EnterInitMode  stm32f1xx_ll_rtc.o
    0x0800093c   0x0800093c   0x00000046   Code   RO          822    i.LL_RTC_ExitInitMode  stm32f1xx_ll_rtc.o
    0x08000982   0x08000982   0x00000002   PAD
    0x08000984   0x08000984   0x00000094   Code   RO          823    i.LL_RTC_Init       stm32f1xx_ll_rtc.o
    0x08000a18   0x08000a18   0x0000000a   Code   RO          824    i.LL_RTC_IsActiveFlag_RS  stm32f1xx_ll_rtc.o
    0x08000a22   0x08000a22   0x0000000a   Code   RO          825    i.LL_RTC_IsActiveFlag_RTOF  stm32f1xx_ll_rtc.o
    0x08000a2c   0x08000a2c   0x000000a6   Code   RO          827    i.LL_RTC_TIME_Init  stm32f1xx_ll_rtc.o
    0x08000ad2   0x08000ad2   0x0000000a   Code   RO          828    i.LL_RTC_TIME_Set   stm32f1xx_ll_rtc.o
    0x08000adc   0x08000adc   0x00000046   Code   RO          831    i.LL_RTC_WaitForSynchro  stm32f1xx_ll_rtc.o
    0x08000b22   0x08000b22   0x00000064   Code   RO          950    i.LL_SPI_Init       stm32f1xx_ll_spi.o
    0x08000b86   0x08000b86   0x0000000a   Code   RO           18    i.LL_SPI_IsActiveFlag_RXNE  nrf24.o
    0x08000b90   0x08000b90   0x0000000a   Code   RO           19    i.LL_SPI_IsActiveFlag_TXE  nrf24.o
    0x08000b9a   0x08000b9a   0x00000004   Code   RO           20    i.LL_SPI_TransmitData8  nrf24.o
    0x08000b9e   0x08000b9e   0x0000000c   Code   RO          832    i.LL_SYSTICK_IsActiveCounterFlag  stm32f1xx_ll_rtc.o
    0x08000baa   0x08000baa   0x00000002   PAD
    0x08000bac   0x08000bac   0x0000000c   Code   RO          652    i.LL_SetSystemCoreClock  stm32f1xx_ll_utils.o
    0x08000bb8   0x08000bb8   0x00000084   Code   RO         1074    i.LL_TIM_Init       stm32f1xx_ll_tim.o
    0x08000c3c   0x08000c3c   0x00000012   Code   RO          249    i.LL_USART_ConfigAsyncMode  main.o
    0x08000c4e   0x08000c4e   0x0000000a   Code   RO          250    i.LL_USART_Enable   main.o
    0x08000c58   0x08000c58   0x00000094   Code   RO         1220    i.LL_USART_Init     stm32f1xx_ll_usart.o
    0x08000cec   0x08000cec   0x0000000a   Code   RO         1221    i.LL_USART_IsEnabled  stm32f1xx_ll_usart.o
    0x08000cf6   0x08000cf6   0x0000009e   Code   RO         1222    i.LL_USART_SetBaudRate  stm32f1xx_ll_usart.o
    0x08000d94   0x08000d94   0x0000011c   Code   RO          251    i.MX_GPIO_Init      main.o
    0x08000eb0   0x08000eb0   0x00000050   Code   RO          252    i.MX_IWDG_Init      main.o
    0x08000f00   0x08000f00   0x00000068   Code   RO          253    i.MX_RTC_Init       main.o
    0x08000f68   0x08000f68   0x00000088   Code   RO          254    i.MX_SPI1_Init      main.o
    0x08000ff0   0x08000ff0   0x0000009a   Code   RO          255    i.MX_TIM2_Init      main.o
    0x0800108a   0x0800108a   0x00000002   PAD
    0x0800108c   0x0800108c   0x0000008c   Code   RO          256    i.MX_USART1_UART_Init  main.o
    0x08001118   0x08001118   0x0000008c   Code   RO          257    i.MX_USART3_UART_Init  main.o
    0x080011a4   0x080011a4   0x00000004   Code   RO          418    i.MemManage_Handler  stm32f1xx_it.o
    0x080011a8   0x080011a8   0x00000004   Code   RO          419    i.NMI_Handler       stm32f1xx_it.o
    0x080011ac   0x080011ac   0x00000050   Code   RO           21    i.NRF24L01_RX_Mode  nrf24.o
    0x080011fc   0x080011fc   0x0000005c   Code   RO           22    i.NRF24L01_Receive  nrf24.o
    0x08001258   0x08001258   0x00000058   Code   RO           23    i.NRF24L01_Send     nrf24.o
    0x080012b0   0x080012b0   0x00000034   Code   RO           24    i.NRF24L01_TX_Mode  nrf24.o
    0x080012e4   0x080012e4   0x00000058   Code   RO           25    i.NRF24_FlushRX     nrf24.o
    0x0800133c   0x0800133c   0x00000058   Code   RO           26    i.NRF24_FlushTX     nrf24.o
    0x08001394   0x08001394   0x0000007c   Code   RO           27    i.NRF24_ReadReg     nrf24.o
    0x08001410   0x08001410   0x00000084   Code   RO           28    i.NRF24_Read_Buf    nrf24.o
    0x08001494   0x08001494   0x00000080   Code   RO           29    i.NRF24_ToggleFeatures  nrf24.o
    0x08001514   0x08001514   0x00000098   Code   RO           30    i.NRF24_Transmit    nrf24.o
    0x080015ac   0x080015ac   0x00000070   Code   RO           31    i.NRF24_WriteReg    nrf24.o
    0x0800161c   0x0800161c   0x00000088   Code   RO           32    i.NRF24_Write_Buf   nrf24.o
    0x080016a4   0x080016a4   0x000000ac   Code   RO           33    i.NRF24_init        nrf24.o
    0x08001750   0x08001750   0x00000040   Code   RO          258    i.NVIC_EncodePriority  main.o
    0x08001790   0x08001790   0x00000002   Code   RO          420    i.PendSV_Handler    stm32f1xx_it.o
    0x08001792   0x08001792   0x00000002   PAD
    0x08001794   0x08001794   0x00000020   Code   RO          569    i.RCC_GetHCLKClockFreq  stm32f1xx_ll_rcc.o
    0x080017b4   0x080017b4   0x00000024   Code   RO          570    i.RCC_GetPCLK1ClockFreq  stm32f1xx_ll_rcc.o
    0x080017d8   0x080017d8   0x00000024   Code   RO          571    i.RCC_GetPCLK2ClockFreq  stm32f1xx_ll_rcc.o
    0x080017fc   0x080017fc   0x0000003c   Code   RO          572    i.RCC_GetSystemClockFreq  stm32f1xx_ll_rcc.o
    0x08001838   0x08001838   0x00000058   Code   RO          573    i.RCC_PLL_GetFreqDomain_SYS  stm32f1xx_ll_rcc.o
    0x08001890   0x08001890   0x00000002   Code   RO          421    i.SVC_Handler       stm32f1xx_it.o
    0x08001892   0x08001892   0x00000002   Code   RO          422    i.SysTick_Handler   stm32f1xx_it.o
    0x08001894   0x08001894   0x0000018c   Code   RO          259    i.SystemClock_Config  main.o
    0x08001a20   0x08001a20   0x00000002   Code   RO         1287    i.SystemInit        system_stm32f1xx.o
    0x08001a22   0x08001a22   0x00000002   Code   RO           34    i.TIM2_Callback     nrf24.o
    0x08001a24   0x08001a24   0x00000008   Code   RO          423    i.TIM2_IRQHandler   stm32f1xx_it.o
    0x08001a2c   0x08001a2c   0x00000030   Code   RO          260    i.USART_TX          main.o
    0x08001a5c   0x08001a5c   0x00000004   Code   RO          424    i.UsageFault_Handler  stm32f1xx_it.o
    0x08001a60   0x08001a60   0x0000001a   Code   RO          261    i.__NVIC_EnableIRQ  main.o
    0x08001a7a   0x08001a7a   0x00000002   PAD
    0x08001a7c   0x08001a7c   0x00000010   Code   RO          262    i.__NVIC_GetPriorityGrouping  main.o
    0x08001a8c   0x08001a8c   0x00000028   Code   RO          263    i.__NVIC_SetPriority  main.o
    0x08001ab4   0x08001ab4   0x0000010c   Code   RO          264    i.main              main.o
    0x08001bc0   0x08001bc0   0x00000018   Data   RO         1288    .constdata          system_stm32f1xx.o
    0x08001bd8   0x08001bd8   0x00000020   Data   RO         1524    Region$$Table       anon$$obj.o


    Execution Region RW_IRAM1 (Exec base: 0x20000000, Load base: 0x08001bf8, Size: 0x000006a8, Max: 0x00005000, ABSOLUTE)

    Exec Addr    Load Addr    Size         Type   Attr      Idx    E Section Name        Object

    0x20000000   0x08001bf8   0x00000010   Data   RW           36    .data               nrf24.o
    0x20000010   0x08001c08   0x00000006   Data   RW          267    .data               main.o
    0x20000016   0x08001c0e   0x00000002   PAD
    0x20000018   0x08001c10   0x00000004   Data   RW         1289    .data               system_stm32f1xx.o
    0x2000001c        -       0x00000028   Zero   RW          265    .bss                main.o
    0x20000044        -       0x00000060   Zero   RW         1396    .bss                c_w.l(libspace.o)
    0x200000a4   0x08001c14   0x00000004   PAD
    0x200000a8        -       0x00000200   Zero   RW            2    HEAP                startup_stm32f103xb.o
    0x200002a8        -       0x00000400   Zero   RW            1    STACK               startup_stm32f103xb.o


==============================================================================

Image component sizes


      Code (inc. data)   RO Data    RW Data    ZI Data      Debug   Object Name

      2028        172          0          6         40     109285   main.o
      1710        188          0         16          0     415890   nrf24.o
        64         26        236          0       1536        788   startup_stm32f103xb.o
        76          4          0          0          0       7299   stm32f1xx_it.o
       284         28          0          0          0       6971   stm32f1xx_ll_exti.o
       296          0          0          0          0      10447   stm32f1xx_ll_gpio.o
       288         48          0          0          0      13325   stm32f1xx_ll_rcc.o
       596          4          0          0          0      13754   stm32f1xx_ll_rtc.o
       100          0          0          0          0       8422   stm32f1xx_ll_spi.o
       132         14          0          0          0      29034   stm32f1xx_ll_tim.o
       316         14          0          0          0      15816   stm32f1xx_ll_usart.o
        40          6          0          0          0       2169   stm32f1xx_ll_utils.o
         2          0         24          4          0       1047   system_stm32f1xx.o

    ----------------------------------------------------------------------
      5942        504        292         28       1576     634247   Object Totals
         0          0         32          0          0          0   (incl. Generated)
        10          0          0          2          0          0   (incl. Padding)

    ----------------------------------------------------------------------

      Code (inc. data)   RO Data    RW Data    ZI Data      Debug   Library Member Name

         8          0          0          0          0         68   __main.o
       104          0          0          0          0         84   __printf.o
         0          0          0          0          0          0   __rtentry.o
        12          0          0          0          0          0   __rtentry2.o
         6          0          0          0          0          0   __rtentry4.o
        52          8          0          0          0          0   __scatter.o
        26          0          0          0          0          0   __scatter_copy.o
        28          0          0          0          0          0   __scatter_zi.o
        48          6          0          0          0         96   _printf_char_common.o
         6          0          0          0          0          0   _printf_d.o
       120         16          0          0          0         92   _printf_dec.o
       178          0          0          0          0         88   _printf_intcommon.o
         0          0          0          0          0          0   _printf_percent.o
         4          0          0          0          0          0   _printf_percent_end.o
        10          0          0          0          0         68   _sputc.o
        18          0          0          0          0         80   exit.o
         6          0          0          0          0        152   heapauxi.o
         0          0          0          0          0          0   indicate_semi.o
         2          0          0          0          0          0   libinit.o
         2          0          0          0          0          0   libinit2.o
         2          0          0          0          0          0   libshutdown.o
         2          0          0          0          0          0   libshutdown2.o
         8          4          0          0         96         68   libspace.o
        40          6          0          0          0         84   noretval__2sprintf.o
        78          0          0          0          0         80   rt_memclr_w.o
         2          0          0          0          0          0   rtexit.o
        10          0          0          0          0          0   rtexit2.o
        62          0          0          0          0         76   strlen.o
        12          4          0          0          0         68   sys_exit.o
        74          0          0          0          0         80   sys_stackheap_outer.o
         2          0          0          0          0         68   use_no_semi.o

    ----------------------------------------------------------------------
       926         44          0          0        100       1252   Library Totals
         4          0          0          0          4          0   (incl. Padding)

    ----------------------------------------------------------------------

      Code (inc. data)   RO Data    RW Data    ZI Data      Debug   Library Name

       922         44          0          0         96       1252   c_w.l

    ----------------------------------------------------------------------
       926         44          0          0        100       1252   Library Totals

    ----------------------------------------------------------------------

==============================================================================


      Code (inc. data)   RO Data    RW Data    ZI Data      Debug   

      6868        548        292         28       1676     630555   Grand Totals
      6868        548        292         28       1676     630555   ELF Image Totals
      6868        548        292         28          0          0   ROM Totals

==============================================================================

    Total RO  Size (Code + RO Data)                 7160 (   6.99kB)
    Total RW  Size (RW Data + ZI Data)              1704 (   1.66kB)
    Total ROM Size (Code + RO Data + RW Data)       7188 (   7.02kB)

==============================================================================

